<!doctype html public "-//w3c//dtd html 4.0 transitional//en">
<html><head>
<title>Static Call Graph - [.\Objects\LPC546XX.axf]</title></head>
<body><HR>
<H1>Static Call Graph for image .\Objects\LPC546XX.axf</H1><HR>
<BR><P>#&#060CALLGRAPH&#062# ARM Linker, 5050106: Last Updated: Fri Oct 14 14:51:39 2022
<BR><P>
<H3>Maximum Stack Usage =        264 bytes + Unknown(Functions without stacksize, Cycles, Untraceable Function Pointers)</H3><H3>
Call chain for Maximum Stack Depth:</H3>
__rt_entry_main &rArr; main &rArr; rtthread_startup &rArr; rt_thread_idle_init &rArr; rt_thread_init &rArr; _thread_init &rArr; rt_timer_init &rArr; rt_object_init &rArr; rt_exit_critical &rArr; rt_schedule &rArr; rt_schedule_remove_thread
<P>
<H3>
Functions with no stack information
</H3><UL>
 <LI><a href="#[a0]">__user_initial_stackheap</a>
</UL>
</UL>
<P>
<H3>
Mutually Recursive functions
</H3> <LI><a href="#[5]">NMI_Handler</a>&nbsp;&nbsp;&nbsp;&rArr;&nbsp;&nbsp;&nbsp;<a href="#[5]">NMI_Handler</a><BR>
 <LI><a href="#[7]">MemManage_Handler</a>&nbsp;&nbsp;&nbsp;&rArr;&nbsp;&nbsp;&nbsp;<a href="#[7]">MemManage_Handler</a><BR>
 <LI><a href="#[8]">BusFault_Handler</a>&nbsp;&nbsp;&nbsp;&rArr;&nbsp;&nbsp;&nbsp;<a href="#[8]">BusFault_Handler</a><BR>
 <LI><a href="#[9]">UsageFault_Handler</a>&nbsp;&nbsp;&nbsp;&rArr;&nbsp;&nbsp;&nbsp;<a href="#[9]">UsageFault_Handler</a><BR>
 <LI><a href="#[a]">SVC_Handler</a>&nbsp;&nbsp;&nbsp;&rArr;&nbsp;&nbsp;&nbsp;<a href="#[a]">SVC_Handler</a><BR>
 <LI><a href="#[b]">DebugMon_Handler</a>&nbsp;&nbsp;&nbsp;&rArr;&nbsp;&nbsp;&nbsp;<a href="#[b]">DebugMon_Handler</a><BR>
 <LI><a href="#[5f]">ADC0_SEQA_DriverIRQHandler</a>&nbsp;&nbsp;&nbsp;&rArr;&nbsp;&nbsp;&nbsp;<a href="#[5f]">ADC0_SEQA_DriverIRQHandler</a><BR>
</UL>
<P>
<H3>
Function Pointers
</H3><UL>
 <LI><a href="#[5f]">ADC0_SEQA_DriverIRQHandler</a> from startup_lpc54606.o(.text) referenced from startup_lpc54606.o(.text)
 <LI><a href="#[24]">ADC0_SEQA_IRQHandler</a> from startup_lpc54606.o(.text) referenced from startup_lpc54606.o(RESET)
 <LI><a href="#[60]">ADC0_SEQB_DriverIRQHandler</a> from startup_lpc54606.o(.text) referenced from startup_lpc54606.o(.text)
 <LI><a href="#[25]">ADC0_SEQB_IRQHandler</a> from startup_lpc54606.o(.text) referenced from startup_lpc54606.o(RESET)
 <LI><a href="#[61]">ADC0_THCMP_DriverIRQHandler</a> from startup_lpc54606.o(.text) referenced from startup_lpc54606.o(.text)
 <LI><a href="#[26]">ADC0_THCMP_IRQHandler</a> from startup_lpc54606.o(.text) referenced from startup_lpc54606.o(RESET)
 <LI><a href="#[8]">BusFault_Handler</a> from startup_lpc54606.o(.text) referenced from startup_lpc54606.o(RESET)
 <LI><a href="#[74]">CAN0_IRQ0_DriverIRQHandler</a> from startup_lpc54606.o(.text) referenced from startup_lpc54606.o(.text)
 <LI><a href="#[39]">CAN0_IRQ0_IRQHandler</a> from startup_lpc54606.o(.text) referenced from startup_lpc54606.o(RESET)
 <LI><a href="#[75]">CAN0_IRQ1_DriverIRQHandler</a> from startup_lpc54606.o(.text) referenced from startup_lpc54606.o(.text)
 <LI><a href="#[3a]">CAN0_IRQ1_IRQHandler</a> from startup_lpc54606.o(.text) referenced from startup_lpc54606.o(RESET)
 <LI><a href="#[76]">CAN1_IRQ0_DriverIRQHandler</a> from startup_lpc54606.o(.text) referenced from startup_lpc54606.o(.text)
 <LI><a href="#[3b]">CAN1_IRQ0_IRQHandler</a> from startup_lpc54606.o(.text) referenced from startup_lpc54606.o(RESET)
 <LI><a href="#[77]">CAN1_IRQ1_DriverIRQHandler</a> from startup_lpc54606.o(.text) referenced from startup_lpc54606.o(.text)
 <LI><a href="#[3c]">CAN1_IRQ1_IRQHandler</a> from startup_lpc54606.o(.text) referenced from startup_lpc54606.o(RESET)
 <LI><a href="#[53]">CTIMER0_DriverIRQHandler</a> from startup_lpc54606.o(.text) referenced from startup_lpc54606.o(.text)
 <LI><a href="#[18]">CTIMER0_IRQHandler</a> from startup_lpc54606.o(.text) referenced from startup_lpc54606.o(RESET)
 <LI><a href="#[54]">CTIMER1_DriverIRQHandler</a> from startup_lpc54606.o(.text) referenced from startup_lpc54606.o(.text)
 <LI><a href="#[19]">CTIMER1_IRQHandler</a> from startup_lpc54606.o(.text) referenced from startup_lpc54606.o(RESET)
 <LI><a href="#[6d]">CTIMER2_DriverIRQHandler</a> from startup_lpc54606.o(.text) referenced from startup_lpc54606.o(.text)
 <LI><a href="#[32]">CTIMER2_IRQHandler</a> from startup_lpc54606.o(.text) referenced from startup_lpc54606.o(RESET)
 <LI><a href="#[56]">CTIMER3_DriverIRQHandler</a> from startup_lpc54606.o(.text) referenced from startup_lpc54606.o(.text)
 <LI><a href="#[1b]">CTIMER3_IRQHandler</a> from startup_lpc54606.o(.text) referenced from startup_lpc54606.o(RESET)
 <LI><a href="#[6e]">CTIMER4_DriverIRQHandler</a> from startup_lpc54606.o(.text) referenced from startup_lpc54606.o(.text)
 <LI><a href="#[33]">CTIMER4_IRQHandler</a> from startup_lpc54606.o(.text) referenced from startup_lpc54606.o(RESET)
 <LI><a href="#[4a]">DMA0_DriverIRQHandler</a> from isr.o(i.DMA0_DriverIRQHandler) referenced from startup_lpc54606.o(.text)
 <LI><a href="#[f]">DMA0_IRQHandler</a> from startup_lpc54606.o(.text) referenced from startup_lpc54606.o(RESET)
 <LI><a href="#[62]">DMIC0_DriverIRQHandler</a> from startup_lpc54606.o(.text) referenced from startup_lpc54606.o(.text)
 <LI><a href="#[27]">DMIC0_IRQHandler</a> from startup_lpc54606.o(.text) referenced from startup_lpc54606.o(RESET)
 <LI><a href="#[b]">DebugMon_Handler</a> from startup_lpc54606.o(.text) referenced from startup_lpc54606.o(RESET)
 <LI><a href="#[7d]">EEPROM_DriverIRQHandler</a> from startup_lpc54606.o(.text) referenced from startup_lpc54606.o(.text)
 <LI><a href="#[42]">EEPROM_IRQHandler</a> from startup_lpc54606.o(.text) referenced from startup_lpc54606.o(RESET)
 <LI><a href="#[7a]">ETHERNET_DriverIRQHandler</a> from startup_lpc54606.o(.text) referenced from startup_lpc54606.o(.text)
 <LI><a href="#[3f]">ETHERNET_IRQHandler</a> from startup_lpc54606.o(.text) referenced from startup_lpc54606.o(RESET)
 <LI><a href="#[7c]">ETHERNET_MACLP_DriverIRQHandler</a> from startup_lpc54606.o(.text) referenced from startup_lpc54606.o(.text)
 <LI><a href="#[41]">ETHERNET_MACLP_IRQHandler</a> from startup_lpc54606.o(.text) referenced from startup_lpc54606.o(RESET)
 <LI><a href="#[7b]">ETHERNET_PMT_DriverIRQHandler</a> from startup_lpc54606.o(.text) referenced from startup_lpc54606.o(.text)
 <LI><a href="#[40]">ETHERNET_PMT_IRQHandler</a> from startup_lpc54606.o(.text) referenced from startup_lpc54606.o(RESET)
 <LI><a href="#[57]">FLEXCOMM0_DriverIRQHandler</a> from isr.o(i.FLEXCOMM0_DriverIRQHandler) referenced from startup_lpc54606.o(.text)
 <LI><a href="#[1c]">FLEXCOMM0_IRQHandler</a> from startup_lpc54606.o(.text) referenced from startup_lpc54606.o(RESET)
 <LI><a href="#[58]">FLEXCOMM1_DriverIRQHandler</a> from startup_lpc54606.o(.text) referenced from startup_lpc54606.o(.text)
 <LI><a href="#[1d]">FLEXCOMM1_IRQHandler</a> from startup_lpc54606.o(.text) referenced from startup_lpc54606.o(RESET)
 <LI><a href="#[59]">FLEXCOMM2_DriverIRQHandler</a> from startup_lpc54606.o(.text) referenced from startup_lpc54606.o(.text)
 <LI><a href="#[1e]">FLEXCOMM2_IRQHandler</a> from startup_lpc54606.o(.text) referenced from startup_lpc54606.o(RESET)
 <LI><a href="#[5a]">FLEXCOMM3_DriverIRQHandler</a> from startup_lpc54606.o(.text) referenced from startup_lpc54606.o(.text)
 <LI><a href="#[1f]">FLEXCOMM3_IRQHandler</a> from startup_lpc54606.o(.text) referenced from startup_lpc54606.o(RESET)
 <LI><a href="#[5b]">FLEXCOMM4_DriverIRQHandler</a> from startup_lpc54606.o(.text) referenced from startup_lpc54606.o(.text)
 <LI><a href="#[20]">FLEXCOMM4_IRQHandler</a> from startup_lpc54606.o(.text) referenced from startup_lpc54606.o(RESET)
 <LI><a href="#[5c]">FLEXCOMM5_DriverIRQHandler</a> from isr.o(i.FLEXCOMM5_DriverIRQHandler) referenced from startup_lpc54606.o(.text)
 <LI><a href="#[21]">FLEXCOMM5_IRQHandler</a> from startup_lpc54606.o(.text) referenced from startup_lpc54606.o(RESET)
 <LI><a href="#[5d]">FLEXCOMM6_DriverIRQHandler</a> from startup_lpc54606.o(.text) referenced from startup_lpc54606.o(.text)
 <LI><a href="#[22]">FLEXCOMM6_IRQHandler</a> from startup_lpc54606.o(.text) referenced from startup_lpc54606.o(RESET)
 <LI><a href="#[5e]">FLEXCOMM7_DriverIRQHandler</a> from startup_lpc54606.o(.text) referenced from startup_lpc54606.o(.text)
 <LI><a href="#[23]">FLEXCOMM7_IRQHandler</a> from startup_lpc54606.o(.text) referenced from startup_lpc54606.o(RESET)
 <LI><a href="#[71]">FLEXCOMM8_DriverIRQHandler</a> from startup_lpc54606.o(.text) referenced from startup_lpc54606.o(.text)
 <LI><a href="#[36]">FLEXCOMM8_IRQHandler</a> from startup_lpc54606.o(.text) referenced from startup_lpc54606.o(RESET)
 <LI><a href="#[72]">FLEXCOMM9_DriverIRQHandler</a> from startup_lpc54606.o(.text) referenced from startup_lpc54606.o(.text)
 <LI><a href="#[37]">FLEXCOMM9_IRQHandler</a> from startup_lpc54606.o(.text) referenced from startup_lpc54606.o(RESET)
 <LI><a href="#[4b]">GINT0_DriverIRQHandler</a> from isr.o(i.GINT0_DriverIRQHandler) referenced from startup_lpc54606.o(.text)
 <LI><a href="#[10]">GINT0_IRQHandler</a> from startup_lpc54606.o(.text) referenced from startup_lpc54606.o(RESET)
 <LI><a href="#[4c]">GINT1_DriverIRQHandler</a> from startup_lpc54606.o(.text) referenced from startup_lpc54606.o(.text)
 <LI><a href="#[11]">GINT1_IRQHandler</a> from startup_lpc54606.o(.text) referenced from startup_lpc54606.o(RESET)
 <LI><a href="#[63]">HWVAD0_DriverIRQHandler</a> from startup_lpc54606.o(.text) referenced from startup_lpc54606.o(.text)
 <LI><a href="#[28]">HWVAD0_IRQHandler</a> from startup_lpc54606.o(.text) referenced from startup_lpc54606.o(RESET)
 <LI><a href="#[6]">HardFault_Handler</a> from context_rvds.o(.text) referenced from startup_lpc54606.o(RESET)
 <LI><a href="#[7e]">LCD_DriverIRQHandler</a> from startup_lpc54606.o(.text) referenced from startup_lpc54606.o(.text)
 <LI><a href="#[43]">LCD_IRQHandler</a> from startup_lpc54606.o(.text) referenced from startup_lpc54606.o(RESET)
 <LI><a href="#[52]">MRT0_DriverIRQHandler</a> from isr.o(i.MRT0_DriverIRQHandler) referenced from startup_lpc54606.o(.text)
 <LI><a href="#[17]">MRT0_IRQHandler</a> from startup_lpc54606.o(.text) referenced from startup_lpc54606.o(RESET)
 <LI><a href="#[7]">MemManage_Handler</a> from startup_lpc54606.o(.text) referenced from startup_lpc54606.o(RESET)
 <LI><a href="#[5]">NMI_Handler</a> from startup_lpc54606.o(.text) referenced from startup_lpc54606.o(RESET)
 <LI><a href="#[4d]">PIN_INT0_DriverIRQHandler</a> from startup_lpc54606.o(.text) referenced from startup_lpc54606.o(.text)
 <LI><a href="#[12]">PIN_INT0_IRQHandler</a> from startup_lpc54606.o(.text) referenced from startup_lpc54606.o(RESET)
 <LI><a href="#[4e]">PIN_INT1_DriverIRQHandler</a> from startup_lpc54606.o(.text) referenced from startup_lpc54606.o(.text)
 <LI><a href="#[13]">PIN_INT1_IRQHandler</a> from startup_lpc54606.o(.text) referenced from startup_lpc54606.o(RESET)
 <LI><a href="#[4f]">PIN_INT2_DriverIRQHandler</a> from startup_lpc54606.o(.text) referenced from startup_lpc54606.o(.text)
 <LI><a href="#[14]">PIN_INT2_IRQHandler</a> from startup_lpc54606.o(.text) referenced from startup_lpc54606.o(RESET)
 <LI><a href="#[50]">PIN_INT3_DriverIRQHandler</a> from startup_lpc54606.o(.text) referenced from startup_lpc54606.o(.text)
 <LI><a href="#[15]">PIN_INT3_IRQHandler</a> from startup_lpc54606.o(.text) referenced from startup_lpc54606.o(RESET)
 <LI><a href="#[69]">PIN_INT4_DriverIRQHandler</a> from startup_lpc54606.o(.text) referenced from startup_lpc54606.o(.text)
 <LI><a href="#[2e]">PIN_INT4_IRQHandler</a> from startup_lpc54606.o(.text) referenced from startup_lpc54606.o(RESET)
 <LI><a href="#[6a]">PIN_INT5_DriverIRQHandler</a> from startup_lpc54606.o(.text) referenced from startup_lpc54606.o(.text)
 <LI><a href="#[2f]">PIN_INT5_IRQHandler</a> from startup_lpc54606.o(.text) referenced from startup_lpc54606.o(RESET)
 <LI><a href="#[6b]">PIN_INT6_DriverIRQHandler</a> from startup_lpc54606.o(.text) referenced from startup_lpc54606.o(.text)
 <LI><a href="#[30]">PIN_INT6_IRQHandler</a> from startup_lpc54606.o(.text) referenced from startup_lpc54606.o(RESET)
 <LI><a href="#[6c]">PIN_INT7_DriverIRQHandler</a> from isr.o(i.PIN_INT7_DriverIRQHandler) referenced from startup_lpc54606.o(.text)
 <LI><a href="#[31]">PIN_INT7_IRQHandler</a> from startup_lpc54606.o(.text) referenced from startup_lpc54606.o(RESET)
 <LI><a href="#[c]">PendSV_Handler</a> from context_rvds.o(.text) referenced from startup_lpc54606.o(RESET)
 <LI><a href="#[6f]">RIT_DriverIRQHandler</a> from isr.o(i.RIT_DriverIRQHandler) referenced from startup_lpc54606.o(.text)
 <LI><a href="#[34]">RIT_IRQHandler</a> from startup_lpc54606.o(.text) referenced from startup_lpc54606.o(RESET)
 <LI><a href="#[66]">RTC_DriverIRQHandler</a> from startup_lpc54606.o(.text) referenced from startup_lpc54606.o(.text)
 <LI><a href="#[2b]">RTC_IRQHandler</a> from startup_lpc54606.o(.text) referenced from startup_lpc54606.o(RESET)
 <LI><a href="#[67]">Reserved46_DriverIRQHandler</a> from startup_lpc54606.o(.text) referenced from startup_lpc54606.o(.text)
 <LI><a href="#[2c]">Reserved46_IRQHandler</a> from startup_lpc54606.o(.text) referenced from startup_lpc54606.o(RESET)
 <LI><a href="#[68]">Reserved47_DriverIRQHandler</a> from startup_lpc54606.o(.text) referenced from startup_lpc54606.o(.text)
 <LI><a href="#[2d]">Reserved47_IRQHandler</a> from startup_lpc54606.o(.text) referenced from startup_lpc54606.o(RESET)
 <LI><a href="#[4]">Reset_Handler</a> from startup_lpc54606.o(.text) referenced from startup_lpc54606.o(RESET)
 <LI><a href="#[55]">SCT0_DriverIRQHandler</a> from startup_lpc54606.o(.text) referenced from startup_lpc54606.o(.text)
 <LI><a href="#[1a]">SCT0_IRQHandler</a> from startup_lpc54606.o(.text) referenced from startup_lpc54606.o(RESET)
 <LI><a href="#[73]">SDIO_DriverIRQHandler</a> from startup_lpc54606.o(.text) referenced from startup_lpc54606.o(.text)
 <LI><a href="#[38]">SDIO_IRQHandler</a> from startup_lpc54606.o(.text) referenced from startup_lpc54606.o(RESET)
 <LI><a href="#[7f]">SHA_DriverIRQHandler</a> from startup_lpc54606.o(.text) referenced from startup_lpc54606.o(.text)
 <LI><a href="#[44]">SHA_IRQHandler</a> from startup_lpc54606.o(.text) referenced from startup_lpc54606.o(RESET)
 <LI><a href="#[80]">SMARTCARD0_DriverIRQHandler</a> from startup_lpc54606.o(.text) referenced from startup_lpc54606.o(.text)
 <LI><a href="#[45]">SMARTCARD0_IRQHandler</a> from startup_lpc54606.o(.text) referenced from startup_lpc54606.o(RESET)
 <LI><a href="#[81]">SMARTCARD1_DriverIRQHandler</a> from startup_lpc54606.o(.text) referenced from startup_lpc54606.o(.text)
 <LI><a href="#[46]">SMARTCARD1_IRQHandler</a> from startup_lpc54606.o(.text) referenced from startup_lpc54606.o(RESET)
 <LI><a href="#[70]">SPIFI0_DriverIRQHandler</a> from startup_lpc54606.o(.text) referenced from startup_lpc54606.o(.text)
 <LI><a href="#[35]">SPIFI0_IRQHandler</a> from startup_lpc54606.o(.text) referenced from startup_lpc54606.o(RESET)
 <LI><a href="#[a]">SVC_Handler</a> from startup_lpc54606.o(.text) referenced from startup_lpc54606.o(RESET)
 <LI><a href="#[d]">SysTick_Handler</a> from board.o(i.SysTick_Handler) referenced from startup_lpc54606.o(RESET)
 <LI><a href="#[47]">SystemInit</a> from system_lpc54606.o(i.SystemInit) referenced from startup_lpc54606.o(.text)
 <LI><a href="#[65]">USB0_DriverIRQHandler</a> from startup_lpc54606.o(.text) referenced from startup_lpc54606.o(.text)
 <LI><a href="#[2a]">USB0_IRQHandler</a> from startup_lpc54606.o(.text) referenced from startup_lpc54606.o(RESET)
 <LI><a href="#[64]">USB0_NEEDCLK_DriverIRQHandler</a> from startup_lpc54606.o(.text) referenced from startup_lpc54606.o(.text)
 <LI><a href="#[29]">USB0_NEEDCLK_IRQHandler</a> from startup_lpc54606.o(.text) referenced from startup_lpc54606.o(RESET)
 <LI><a href="#[78]">USB1_DriverIRQHandler</a> from startup_lpc54606.o(.text) referenced from startup_lpc54606.o(.text)
 <LI><a href="#[3d]">USB1_IRQHandler</a> from startup_lpc54606.o(.text) referenced from startup_lpc54606.o(RESET)
 <LI><a href="#[79]">USB1_NEEDCLK_DriverIRQHandler</a> from startup_lpc54606.o(.text) referenced from startup_lpc54606.o(.text)
 <LI><a href="#[3e]">USB1_NEEDCLK_IRQHandler</a> from startup_lpc54606.o(.text) referenced from startup_lpc54606.o(RESET)
 <LI><a href="#[51]">UTICK0_DriverIRQHandler</a> from startup_lpc54606.o(.text) referenced from startup_lpc54606.o(.text)
 <LI><a href="#[16]">UTICK0_IRQHandler</a> from startup_lpc54606.o(.text) referenced from startup_lpc54606.o(RESET)
 <LI><a href="#[9]">UsageFault_Handler</a> from startup_lpc54606.o(.text) referenced from startup_lpc54606.o(RESET)
 <LI><a href="#[49]">WDT_BOD_DriverIRQHandler</a> from startup_lpc54606.o(.text) referenced from startup_lpc54606.o(.text)
 <LI><a href="#[e]">WDT_BOD_IRQHandler</a> from startup_lpc54606.o(.text) referenced from startup_lpc54606.o(RESET)
 <LI><a href="#[8c]">__main</a> from __main.o(!!!main) referenced from startup_lpc54606.o(.text)
 <LI><a href="#[82]">_thread_exit</a> from thread.o(i._thread_exit) referenced from thread.o(i._thread_init)
 <LI><a href="#[83]">_thread_timeout</a> from thread.o(i._thread_timeout) referenced from thread.o(i._thread_init)
 <LI><a href="#[87]">idle_thread_entry</a> from idle.o(i.idle_thread_entry) referenced from idle.o(i.rt_thread_idle_init)
 <LI><a href="#[84]">led0_thread_entry</a> from main.o(i.led0_thread_entry) referenced from main.o(i.main)
 <LI><a href="#[85]">led1_thread_entry</a> from main.o(i.led1_thread_entry) referenced from main.o(i.main)
 <LI><a href="#[86]">main_thread_entry</a> from components.o(i.main_thread_entry) referenced from components.o(i.rt_application_init)
 <LI><a href="#[8a]">rti_board_end</a> from components.o(i.rti_board_end) referenced from components.o(.rti_fn.1.end)
 <LI><a href="#[89]">rti_board_start</a> from components.o(i.rti_board_start) referenced from components.o(.rti_fn.0.end)
 <LI><a href="#[8b]">rti_end</a> from components.o(i.rti_end) referenced from components.o(.rti_fn.6.end)
 <LI><a href="#[88]">rti_start</a> from components.o(i.rti_start) referenced from components.o(.rti_fn.0)
</UL>
<P>
<H3>
Global Symbols
</H3>
<P><STRONG><a name="[8c]"></a>__main</STRONG> (Thumb, 8 bytes, Stack size 0 bytes, __main.o(!!!main))
<BR><BR>[Calls]<UL><LI><a href="#[8d]">&gt;&gt;</a>&nbsp;&nbsp;&nbsp;__scatterload
<LI><a href="#[8e]">&gt;&gt;</a>&nbsp;&nbsp;&nbsp;__rt_entry
</UL>

<P><STRONG><a name="[8d]"></a>__scatterload</STRONG> (Thumb, 0 bytes, Stack size unknown bytes, __scatter.o(!!!scatter))
<BR><BR>[Called By]<UL><LI><a href="#[8c]">&gt;&gt;</a>&nbsp;&nbsp;&nbsp;__main
</UL>

<P><STRONG><a name="[8f]"></a>__scatterload_rt2</STRONG> (Thumb, 44 bytes, Stack size unknown bytes, __scatter.o(!!!scatter), UNUSED)
<BR><BR>[Calls]<UL><LI><a href="#[8e]">&gt;&gt;</a>&nbsp;&nbsp;&nbsp;__rt_entry
</UL>

<P><STRONG><a name="[f8]"></a>__scatterload_rt2_thumb_only</STRONG> (Thumb, 0 bytes, Stack size unknown bytes, __scatter.o(!!!scatter), UNUSED)

<P><STRONG><a name="[f9]"></a>__scatterload_null</STRONG> (Thumb, 0 bytes, Stack size unknown bytes, __scatter.o(!!!scatter), UNUSED)

<P><STRONG><a name="[90]"></a>__scatterload_copy</STRONG> (Thumb, 26 bytes, Stack size unknown bytes, __scatter_copy.o(!!handler_copy), UNUSED)
<BR><BR>[Calls]<UL><LI><a href="#[90]">&gt;&gt;</a>&nbsp;&nbsp;&nbsp;__scatterload_copy
</UL>
<BR>[Called By]<UL><LI><a href="#[90]">&gt;&gt;</a>&nbsp;&nbsp;&nbsp;__scatterload_copy
</UL>

<P><STRONG><a name="[fa]"></a>__scatterload_zeroinit</STRONG> (Thumb, 28 bytes, Stack size unknown bytes, __scatter_zi.o(!!handler_zi), UNUSED)

<P><STRONG><a name="[96]"></a>__rt_lib_init</STRONG> (Thumb, 0 bytes, Stack size unknown bytes, libinit.o(.ARM.Collect$$libinit$$00000000))
<BR><BR>[Called By]<UL><LI><a href="#[95]">&gt;&gt;</a>&nbsp;&nbsp;&nbsp;__rt_entry_li
</UL>

<P><STRONG><a name="[91]"></a>__rt_lib_init_fp_1</STRONG> (Thumb, 0 bytes, Stack size unknown bytes, libinit2.o(.ARM.Collect$$libinit$$00000001))
<BR><BR>[Calls]<UL><LI><a href="#[92]">&gt;&gt;</a>&nbsp;&nbsp;&nbsp;_fp_init
</UL>

<P><STRONG><a name="[fb]"></a>__rt_lib_init_alloca_1</STRONG> (Thumb, 0 bytes, Stack size unknown bytes, libinit2.o(.ARM.Collect$$libinit$$0000002E))

<P><STRONG><a name="[fc]"></a>__rt_lib_init_argv_1</STRONG> (Thumb, 0 bytes, Stack size unknown bytes, libinit2.o(.ARM.Collect$$libinit$$0000002C))

<P><STRONG><a name="[fd]"></a>__rt_lib_init_atexit_1</STRONG> (Thumb, 0 bytes, Stack size unknown bytes, libinit2.o(.ARM.Collect$$libinit$$0000001B))

<P><STRONG><a name="[fe]"></a>__rt_lib_init_clock_1</STRONG> (Thumb, 0 bytes, Stack size unknown bytes, libinit2.o(.ARM.Collect$$libinit$$00000021))

<P><STRONG><a name="[ff]"></a>__rt_lib_init_cpp_1</STRONG> (Thumb, 0 bytes, Stack size unknown bytes, libinit2.o(.ARM.Collect$$libinit$$00000032))

<P><STRONG><a name="[100]"></a>__rt_lib_init_exceptions_1</STRONG> (Thumb, 0 bytes, Stack size unknown bytes, libinit2.o(.ARM.Collect$$libinit$$00000030))

<P><STRONG><a name="[101]"></a>__rt_lib_init_fp_trap_1</STRONG> (Thumb, 0 bytes, Stack size unknown bytes, libinit2.o(.ARM.Collect$$libinit$$0000001F))

<P><STRONG><a name="[102]"></a>__rt_lib_init_getenv_1</STRONG> (Thumb, 0 bytes, Stack size unknown bytes, libinit2.o(.ARM.Collect$$libinit$$00000023))

<P><STRONG><a name="[103]"></a>__rt_lib_init_heap_1</STRONG> (Thumb, 0 bytes, Stack size unknown bytes, libinit2.o(.ARM.Collect$$libinit$$0000000A))

<P><STRONG><a name="[104]"></a>__rt_lib_init_lc_collate_1</STRONG> (Thumb, 0 bytes, Stack size unknown bytes, libinit2.o(.ARM.Collect$$libinit$$00000011))

<P><STRONG><a name="[105]"></a>__rt_lib_init_lc_ctype_1</STRONG> (Thumb, 0 bytes, Stack size unknown bytes, libinit2.o(.ARM.Collect$$libinit$$00000013))

<P><STRONG><a name="[106]"></a>__rt_lib_init_lc_monetary_1</STRONG> (Thumb, 0 bytes, Stack size unknown bytes, libinit2.o(.ARM.Collect$$libinit$$00000015))

<P><STRONG><a name="[107]"></a>__rt_lib_init_lc_numeric_1</STRONG> (Thumb, 0 bytes, Stack size unknown bytes, libinit2.o(.ARM.Collect$$libinit$$00000017))

<P><STRONG><a name="[108]"></a>__rt_lib_init_lc_time_1</STRONG> (Thumb, 0 bytes, Stack size unknown bytes, libinit2.o(.ARM.Collect$$libinit$$00000019))

<P><STRONG><a name="[109]"></a>__rt_lib_init_preinit_1</STRONG> (Thumb, 0 bytes, Stack size unknown bytes, libinit2.o(.ARM.Collect$$libinit$$00000004))

<P><STRONG><a name="[10a]"></a>__rt_lib_init_rand_1</STRONG> (Thumb, 0 bytes, Stack size unknown bytes, libinit2.o(.ARM.Collect$$libinit$$0000000E))

<P><STRONG><a name="[10b]"></a>__rt_lib_init_return</STRONG> (Thumb, 0 bytes, Stack size unknown bytes, libinit2.o(.ARM.Collect$$libinit$$00000033))

<P><STRONG><a name="[10c]"></a>__rt_lib_init_signal_1</STRONG> (Thumb, 0 bytes, Stack size unknown bytes, libinit2.o(.ARM.Collect$$libinit$$0000001D))

<P><STRONG><a name="[10d]"></a>__rt_lib_init_stdio_1</STRONG> (Thumb, 0 bytes, Stack size unknown bytes, libinit2.o(.ARM.Collect$$libinit$$00000025))

<P><STRONG><a name="[10e]"></a>__rt_lib_init_user_alloc_1</STRONG> (Thumb, 0 bytes, Stack size unknown bytes, libinit2.o(.ARM.Collect$$libinit$$0000000C))

<P><STRONG><a name="[9b]"></a>__rt_lib_shutdown</STRONG> (Thumb, 0 bytes, Stack size unknown bytes, libshutdown.o(.ARM.Collect$$libshutdown$$00000000))
<BR><BR>[Called By]<UL><LI><a href="#[9a]">&gt;&gt;</a>&nbsp;&nbsp;&nbsp;__rt_exit_ls
</UL>

<P><STRONG><a name="[10f]"></a>__rt_lib_shutdown_fp_trap_1</STRONG> (Thumb, 0 bytes, Stack size unknown bytes, libshutdown2.o(.ARM.Collect$$libshutdown$$00000006))

<P><STRONG><a name="[110]"></a>__rt_lib_shutdown_heap_1</STRONG> (Thumb, 0 bytes, Stack size unknown bytes, libshutdown2.o(.ARM.Collect$$libshutdown$$0000000E))

<P><STRONG><a name="[111]"></a>__rt_lib_shutdown_return</STRONG> (Thumb, 0 bytes, Stack size unknown bytes, libshutdown2.o(.ARM.Collect$$libshutdown$$0000000F))

<P><STRONG><a name="[112]"></a>__rt_lib_shutdown_signal_1</STRONG> (Thumb, 0 bytes, Stack size unknown bytes, libshutdown2.o(.ARM.Collect$$libshutdown$$00000009))

<P><STRONG><a name="[113]"></a>__rt_lib_shutdown_stdio_1</STRONG> (Thumb, 0 bytes, Stack size unknown bytes, libshutdown2.o(.ARM.Collect$$libshutdown$$00000003))

<P><STRONG><a name="[114]"></a>__rt_lib_shutdown_user_alloc_1</STRONG> (Thumb, 0 bytes, Stack size unknown bytes, libshutdown2.o(.ARM.Collect$$libshutdown$$0000000B))

<P><STRONG><a name="[8e]"></a>__rt_entry</STRONG> (Thumb, 0 bytes, Stack size unknown bytes, __rtentry.o(.ARM.Collect$$rtentry$$00000000))
<BR><BR>[Called By]<UL><LI><a href="#[8f]">&gt;&gt;</a>&nbsp;&nbsp;&nbsp;__scatterload_rt2
<LI><a href="#[8c]">&gt;&gt;</a>&nbsp;&nbsp;&nbsp;__main
</UL>

<P><STRONG><a name="[115]"></a>__rt_entry_presh_1</STRONG> (Thumb, 0 bytes, Stack size unknown bytes, __rtentry2.o(.ARM.Collect$$rtentry$$00000002))

<P><STRONG><a name="[93]"></a>__rt_entry_sh</STRONG> (Thumb, 0 bytes, Stack size unknown bytes, __rtentry4.o(.ARM.Collect$$rtentry$$00000004))
<BR><BR>[Stack]<UL><LI>Max Depth = 8 + Unknown Stack Size
<LI>Call Chain = __rt_entry_sh &rArr; __user_setup_stackheap
</UL>
<BR>[Calls]<UL><LI><a href="#[94]">&gt;&gt;</a>&nbsp;&nbsp;&nbsp;__user_setup_stackheap
</UL>

<P><STRONG><a name="[95]"></a>__rt_entry_li</STRONG> (Thumb, 0 bytes, Stack size unknown bytes, __rtentry2.o(.ARM.Collect$$rtentry$$0000000A))
<BR><BR>[Calls]<UL><LI><a href="#[96]">&gt;&gt;</a>&nbsp;&nbsp;&nbsp;__rt_lib_init
</UL>

<P><STRONG><a name="[116]"></a>__rt_entry_postsh_1</STRONG> (Thumb, 0 bytes, Stack size unknown bytes, __rtentry2.o(.ARM.Collect$$rtentry$$00000009))

<P><STRONG><a name="[97]"></a>__rt_entry_main</STRONG> (Thumb, 0 bytes, Stack size unknown bytes, __rtentry2.o(.ARM.Collect$$rtentry$$0000000D))
<BR><BR>[Stack]<UL><LI>Max Depth = 264 + Unknown Stack Size
<LI>Call Chain = __rt_entry_main &rArr; main &rArr; rtthread_startup &rArr; rt_thread_idle_init &rArr; rt_thread_init &rArr; _thread_init &rArr; rt_timer_init &rArr; rt_object_init &rArr; rt_exit_critical &rArr; rt_schedule &rArr; rt_schedule_remove_thread
</UL>
<BR>[Calls]<UL><LI><a href="#[98]">&gt;&gt;</a>&nbsp;&nbsp;&nbsp;main
<LI><a href="#[99]">&gt;&gt;</a>&nbsp;&nbsp;&nbsp;exit
</UL>

<P><STRONG><a name="[117]"></a>__rt_entry_postli_1</STRONG> (Thumb, 0 bytes, Stack size unknown bytes, __rtentry2.o(.ARM.Collect$$rtentry$$0000000C))

<P><STRONG><a name="[a1]"></a>__rt_exit</STRONG> (Thumb, 0 bytes, Stack size unknown bytes, rtexit.o(.ARM.Collect$$rtexit$$00000000))
<BR><BR>[Called By]<UL><LI><a href="#[99]">&gt;&gt;</a>&nbsp;&nbsp;&nbsp;exit
</UL>

<P><STRONG><a name="[9a]"></a>__rt_exit_ls</STRONG> (Thumb, 0 bytes, Stack size unknown bytes, rtexit2.o(.ARM.Collect$$rtexit$$00000003))
<BR><BR>[Calls]<UL><LI><a href="#[9b]">&gt;&gt;</a>&nbsp;&nbsp;&nbsp;__rt_lib_shutdown
</UL>

<P><STRONG><a name="[118]"></a>__rt_exit_prels_1</STRONG> (Thumb, 0 bytes, Stack size unknown bytes, rtexit2.o(.ARM.Collect$$rtexit$$00000002))

<P><STRONG><a name="[9c]"></a>__rt_exit_exit</STRONG> (Thumb, 0 bytes, Stack size unknown bytes, rtexit2.o(.ARM.Collect$$rtexit$$00000004))
<BR><BR>[Calls]<UL><LI><a href="#[9d]">&gt;&gt;</a>&nbsp;&nbsp;&nbsp;_sys_exit
</UL>

<P><STRONG><a name="[4]"></a>Reset_Handler</STRONG> (Thumb, 8 bytes, Stack size 0 bytes, startup_lpc54606.o(.text))
<BR>[Address Reference Count : 1]<UL><LI> startup_lpc54606.o(RESET)
</UL>
<P><STRONG><a name="[5]"></a>NMI_Handler</STRONG> (Thumb, 2 bytes, Stack size 0 bytes, startup_lpc54606.o(.text))
<BR><BR>[Calls]<UL><LI><a href="#[5]">&gt;&gt;</a>&nbsp;&nbsp;&nbsp;NMI_Handler
</UL>
<BR>[Called By]<UL><LI><a href="#[5]">&gt;&gt;</a>&nbsp;&nbsp;&nbsp;NMI_Handler
</UL>
<BR>[Address Reference Count : 1]<UL><LI> startup_lpc54606.o(RESET)
</UL>
<P><STRONG><a name="[7]"></a>MemManage_Handler</STRONG> (Thumb, 2 bytes, Stack size 0 bytes, startup_lpc54606.o(.text))
<BR><BR>[Calls]<UL><LI><a href="#[7]">&gt;&gt;</a>&nbsp;&nbsp;&nbsp;MemManage_Handler
</UL>
<BR>[Called By]<UL><LI><a href="#[7]">&gt;&gt;</a>&nbsp;&nbsp;&nbsp;MemManage_Handler
</UL>
<BR>[Address Reference Count : 1]<UL><LI> startup_lpc54606.o(RESET)
</UL>
<P><STRONG><a name="[8]"></a>BusFault_Handler</STRONG> (Thumb, 2 bytes, Stack size 0 bytes, startup_lpc54606.o(.text))
<BR><BR>[Calls]<UL><LI><a href="#[8]">&gt;&gt;</a>&nbsp;&nbsp;&nbsp;BusFault_Handler
</UL>
<BR>[Called By]<UL><LI><a href="#[8]">&gt;&gt;</a>&nbsp;&nbsp;&nbsp;BusFault_Handler
</UL>
<BR>[Address Reference Count : 1]<UL><LI> startup_lpc54606.o(RESET)
</UL>
<P><STRONG><a name="[9]"></a>UsageFault_Handler</STRONG> (Thumb, 2 bytes, Stack size 0 bytes, startup_lpc54606.o(.text))
<BR><BR>[Calls]<UL><LI><a href="#[9]">&gt;&gt;</a>&nbsp;&nbsp;&nbsp;UsageFault_Handler
</UL>
<BR>[Called By]<UL><LI><a href="#[9]">&gt;&gt;</a>&nbsp;&nbsp;&nbsp;UsageFault_Handler
</UL>
<BR>[Address Reference Count : 1]<UL><LI> startup_lpc54606.o(RESET)
</UL>
<P><STRONG><a name="[a]"></a>SVC_Handler</STRONG> (Thumb, 2 bytes, Stack size 0 bytes, startup_lpc54606.o(.text))
<BR><BR>[Calls]<UL><LI><a href="#[a]">&gt;&gt;</a>&nbsp;&nbsp;&nbsp;SVC_Handler
</UL>
<BR>[Called By]<UL><LI><a href="#[a]">&gt;&gt;</a>&nbsp;&nbsp;&nbsp;SVC_Handler
</UL>
<BR>[Address Reference Count : 1]<UL><LI> startup_lpc54606.o(RESET)
</UL>
<P><STRONG><a name="[b]"></a>DebugMon_Handler</STRONG> (Thumb, 2 bytes, Stack size 0 bytes, startup_lpc54606.o(.text))
<BR><BR>[Calls]<UL><LI><a href="#[b]">&gt;&gt;</a>&nbsp;&nbsp;&nbsp;DebugMon_Handler
</UL>
<BR>[Called By]<UL><LI><a href="#[b]">&gt;&gt;</a>&nbsp;&nbsp;&nbsp;DebugMon_Handler
</UL>
<BR>[Address Reference Count : 1]<UL><LI> startup_lpc54606.o(RESET)
</UL>
<P><STRONG><a name="[e]"></a>WDT_BOD_IRQHandler</STRONG> (Thumb, 4 bytes, Stack size 0 bytes, startup_lpc54606.o(.text))
<BR>[Address Reference Count : 1]<UL><LI> startup_lpc54606.o(RESET)
</UL>
<P><STRONG><a name="[f]"></a>DMA0_IRQHandler</STRONG> (Thumb, 4 bytes, Stack size 0 bytes, startup_lpc54606.o(.text))
<BR>[Address Reference Count : 1]<UL><LI> startup_lpc54606.o(RESET)
</UL>
<P><STRONG><a name="[10]"></a>GINT0_IRQHandler</STRONG> (Thumb, 4 bytes, Stack size 0 bytes, startup_lpc54606.o(.text))
<BR>[Address Reference Count : 1]<UL><LI> startup_lpc54606.o(RESET)
</UL>
<P><STRONG><a name="[11]"></a>GINT1_IRQHandler</STRONG> (Thumb, 4 bytes, Stack size 0 bytes, startup_lpc54606.o(.text))
<BR>[Address Reference Count : 1]<UL><LI> startup_lpc54606.o(RESET)
</UL>
<P><STRONG><a name="[12]"></a>PIN_INT0_IRQHandler</STRONG> (Thumb, 4 bytes, Stack size 0 bytes, startup_lpc54606.o(.text))
<BR>[Address Reference Count : 1]<UL><LI> startup_lpc54606.o(RESET)
</UL>
<P><STRONG><a name="[13]"></a>PIN_INT1_IRQHandler</STRONG> (Thumb, 4 bytes, Stack size 0 bytes, startup_lpc54606.o(.text))
<BR>[Address Reference Count : 1]<UL><LI> startup_lpc54606.o(RESET)
</UL>
<P><STRONG><a name="[14]"></a>PIN_INT2_IRQHandler</STRONG> (Thumb, 4 bytes, Stack size 0 bytes, startup_lpc54606.o(.text))
<BR>[Address Reference Count : 1]<UL><LI> startup_lpc54606.o(RESET)
</UL>
<P><STRONG><a name="[15]"></a>PIN_INT3_IRQHandler</STRONG> (Thumb, 4 bytes, Stack size 0 bytes, startup_lpc54606.o(.text))
<BR>[Address Reference Count : 1]<UL><LI> startup_lpc54606.o(RESET)
</UL>
<P><STRONG><a name="[16]"></a>UTICK0_IRQHandler</STRONG> (Thumb, 4 bytes, Stack size 0 bytes, startup_lpc54606.o(.text))
<BR>[Address Reference Count : 1]<UL><LI> startup_lpc54606.o(RESET)
</UL>
<P><STRONG><a name="[17]"></a>MRT0_IRQHandler</STRONG> (Thumb, 4 bytes, Stack size 0 bytes, startup_lpc54606.o(.text))
<BR>[Address Reference Count : 1]<UL><LI> startup_lpc54606.o(RESET)
</UL>
<P><STRONG><a name="[18]"></a>CTIMER0_IRQHandler</STRONG> (Thumb, 4 bytes, Stack size 0 bytes, startup_lpc54606.o(.text))
<BR>[Address Reference Count : 1]<UL><LI> startup_lpc54606.o(RESET)
</UL>
<P><STRONG><a name="[19]"></a>CTIMER1_IRQHandler</STRONG> (Thumb, 4 bytes, Stack size 0 bytes, startup_lpc54606.o(.text))
<BR>[Address Reference Count : 1]<UL><LI> startup_lpc54606.o(RESET)
</UL>
<P><STRONG><a name="[1a]"></a>SCT0_IRQHandler</STRONG> (Thumb, 4 bytes, Stack size 0 bytes, startup_lpc54606.o(.text))
<BR>[Address Reference Count : 1]<UL><LI> startup_lpc54606.o(RESET)
</UL>
<P><STRONG><a name="[1b]"></a>CTIMER3_IRQHandler</STRONG> (Thumb, 4 bytes, Stack size 0 bytes, startup_lpc54606.o(.text))
<BR>[Address Reference Count : 1]<UL><LI> startup_lpc54606.o(RESET)
</UL>
<P><STRONG><a name="[1c]"></a>FLEXCOMM0_IRQHandler</STRONG> (Thumb, 4 bytes, Stack size 0 bytes, startup_lpc54606.o(.text))
<BR>[Address Reference Count : 1]<UL><LI> startup_lpc54606.o(RESET)
</UL>
<P><STRONG><a name="[1d]"></a>FLEXCOMM1_IRQHandler</STRONG> (Thumb, 4 bytes, Stack size 0 bytes, startup_lpc54606.o(.text))
<BR>[Address Reference Count : 1]<UL><LI> startup_lpc54606.o(RESET)
</UL>
<P><STRONG><a name="[1e]"></a>FLEXCOMM2_IRQHandler</STRONG> (Thumb, 4 bytes, Stack size 0 bytes, startup_lpc54606.o(.text))
<BR>[Address Reference Count : 1]<UL><LI> startup_lpc54606.o(RESET)
</UL>
<P><STRONG><a name="[1f]"></a>FLEXCOMM3_IRQHandler</STRONG> (Thumb, 4 bytes, Stack size 0 bytes, startup_lpc54606.o(.text))
<BR>[Address Reference Count : 1]<UL><LI> startup_lpc54606.o(RESET)
</UL>
<P><STRONG><a name="[20]"></a>FLEXCOMM4_IRQHandler</STRONG> (Thumb, 4 bytes, Stack size 0 bytes, startup_lpc54606.o(.text))
<BR>[Address Reference Count : 1]<UL><LI> startup_lpc54606.o(RESET)
</UL>
<P><STRONG><a name="[21]"></a>FLEXCOMM5_IRQHandler</STRONG> (Thumb, 4 bytes, Stack size 0 bytes, startup_lpc54606.o(.text))
<BR>[Address Reference Count : 1]<UL><LI> startup_lpc54606.o(RESET)
</UL>
<P><STRONG><a name="[22]"></a>FLEXCOMM6_IRQHandler</STRONG> (Thumb, 4 bytes, Stack size 0 bytes, startup_lpc54606.o(.text))
<BR>[Address Reference Count : 1]<UL><LI> startup_lpc54606.o(RESET)
</UL>
<P><STRONG><a name="[23]"></a>FLEXCOMM7_IRQHandler</STRONG> (Thumb, 4 bytes, Stack size 0 bytes, startup_lpc54606.o(.text))
<BR>[Address Reference Count : 1]<UL><LI> startup_lpc54606.o(RESET)
</UL>
<P><STRONG><a name="[24]"></a>ADC0_SEQA_IRQHandler</STRONG> (Thumb, 4 bytes, Stack size 0 bytes, startup_lpc54606.o(.text))
<BR>[Address Reference Count : 1]<UL><LI> startup_lpc54606.o(RESET)
</UL>
<P><STRONG><a name="[25]"></a>ADC0_SEQB_IRQHandler</STRONG> (Thumb, 4 bytes, Stack size 0 bytes, startup_lpc54606.o(.text))
<BR>[Address Reference Count : 1]<UL><LI> startup_lpc54606.o(RESET)
</UL>
<P><STRONG><a name="[26]"></a>ADC0_THCMP_IRQHandler</STRONG> (Thumb, 4 bytes, Stack size 0 bytes, startup_lpc54606.o(.text))
<BR>[Address Reference Count : 1]<UL><LI> startup_lpc54606.o(RESET)
</UL>
<P><STRONG><a name="[27]"></a>DMIC0_IRQHandler</STRONG> (Thumb, 4 bytes, Stack size 0 bytes, startup_lpc54606.o(.text))
<BR>[Address Reference Count : 1]<UL><LI> startup_lpc54606.o(RESET)
</UL>
<P><STRONG><a name="[28]"></a>HWVAD0_IRQHandler</STRONG> (Thumb, 4 bytes, Stack size 0 bytes, startup_lpc54606.o(.text))
<BR>[Address Reference Count : 1]<UL><LI> startup_lpc54606.o(RESET)
</UL>
<P><STRONG><a name="[29]"></a>USB0_NEEDCLK_IRQHandler</STRONG> (Thumb, 4 bytes, Stack size 0 bytes, startup_lpc54606.o(.text))
<BR>[Address Reference Count : 1]<UL><LI> startup_lpc54606.o(RESET)
</UL>
<P><STRONG><a name="[2a]"></a>USB0_IRQHandler</STRONG> (Thumb, 4 bytes, Stack size 0 bytes, startup_lpc54606.o(.text))
<BR>[Address Reference Count : 1]<UL><LI> startup_lpc54606.o(RESET)
</UL>
<P><STRONG><a name="[2b]"></a>RTC_IRQHandler</STRONG> (Thumb, 4 bytes, Stack size 0 bytes, startup_lpc54606.o(.text))
<BR>[Address Reference Count : 1]<UL><LI> startup_lpc54606.o(RESET)
</UL>
<P><STRONG><a name="[2c]"></a>Reserved46_IRQHandler</STRONG> (Thumb, 4 bytes, Stack size 0 bytes, startup_lpc54606.o(.text))
<BR>[Address Reference Count : 1]<UL><LI> startup_lpc54606.o(RESET)
</UL>
<P><STRONG><a name="[2d]"></a>Reserved47_IRQHandler</STRONG> (Thumb, 4 bytes, Stack size 0 bytes, startup_lpc54606.o(.text))
<BR>[Address Reference Count : 1]<UL><LI> startup_lpc54606.o(RESET)
</UL>
<P><STRONG><a name="[2e]"></a>PIN_INT4_IRQHandler</STRONG> (Thumb, 4 bytes, Stack size 0 bytes, startup_lpc54606.o(.text))
<BR>[Address Reference Count : 1]<UL><LI> startup_lpc54606.o(RESET)
</UL>
<P><STRONG><a name="[2f]"></a>PIN_INT5_IRQHandler</STRONG> (Thumb, 4 bytes, Stack size 0 bytes, startup_lpc54606.o(.text))
<BR>[Address Reference Count : 1]<UL><LI> startup_lpc54606.o(RESET)
</UL>
<P><STRONG><a name="[30]"></a>PIN_INT6_IRQHandler</STRONG> (Thumb, 4 bytes, Stack size 0 bytes, startup_lpc54606.o(.text))
<BR>[Address Reference Count : 1]<UL><LI> startup_lpc54606.o(RESET)
</UL>
<P><STRONG><a name="[31]"></a>PIN_INT7_IRQHandler</STRONG> (Thumb, 4 bytes, Stack size 0 bytes, startup_lpc54606.o(.text))
<BR>[Address Reference Count : 1]<UL><LI> startup_lpc54606.o(RESET)
</UL>
<P><STRONG><a name="[32]"></a>CTIMER2_IRQHandler</STRONG> (Thumb, 4 bytes, Stack size 0 bytes, startup_lpc54606.o(.text))
<BR>[Address Reference Count : 1]<UL><LI> startup_lpc54606.o(RESET)
</UL>
<P><STRONG><a name="[33]"></a>CTIMER4_IRQHandler</STRONG> (Thumb, 4 bytes, Stack size 0 bytes, startup_lpc54606.o(.text))
<BR>[Address Reference Count : 1]<UL><LI> startup_lpc54606.o(RESET)
</UL>
<P><STRONG><a name="[34]"></a>RIT_IRQHandler</STRONG> (Thumb, 4 bytes, Stack size 0 bytes, startup_lpc54606.o(.text))
<BR>[Address Reference Count : 1]<UL><LI> startup_lpc54606.o(RESET)
</UL>
<P><STRONG><a name="[35]"></a>SPIFI0_IRQHandler</STRONG> (Thumb, 4 bytes, Stack size 0 bytes, startup_lpc54606.o(.text))
<BR>[Address Reference Count : 1]<UL><LI> startup_lpc54606.o(RESET)
</UL>
<P><STRONG><a name="[36]"></a>FLEXCOMM8_IRQHandler</STRONG> (Thumb, 4 bytes, Stack size 0 bytes, startup_lpc54606.o(.text))
<BR>[Address Reference Count : 1]<UL><LI> startup_lpc54606.o(RESET)
</UL>
<P><STRONG><a name="[37]"></a>FLEXCOMM9_IRQHandler</STRONG> (Thumb, 4 bytes, Stack size 0 bytes, startup_lpc54606.o(.text))
<BR>[Address Reference Count : 1]<UL><LI> startup_lpc54606.o(RESET)
</UL>
<P><STRONG><a name="[38]"></a>SDIO_IRQHandler</STRONG> (Thumb, 4 bytes, Stack size 0 bytes, startup_lpc54606.o(.text))
<BR>[Address Reference Count : 1]<UL><LI> startup_lpc54606.o(RESET)
</UL>
<P><STRONG><a name="[39]"></a>CAN0_IRQ0_IRQHandler</STRONG> (Thumb, 4 bytes, Stack size 0 bytes, startup_lpc54606.o(.text))
<BR>[Address Reference Count : 1]<UL><LI> startup_lpc54606.o(RESET)
</UL>
<P><STRONG><a name="[3a]"></a>CAN0_IRQ1_IRQHandler</STRONG> (Thumb, 4 bytes, Stack size 0 bytes, startup_lpc54606.o(.text))
<BR>[Address Reference Count : 1]<UL><LI> startup_lpc54606.o(RESET)
</UL>
<P><STRONG><a name="[3b]"></a>CAN1_IRQ0_IRQHandler</STRONG> (Thumb, 4 bytes, Stack size 0 bytes, startup_lpc54606.o(.text))
<BR>[Address Reference Count : 1]<UL><LI> startup_lpc54606.o(RESET)
</UL>
<P><STRONG><a name="[3c]"></a>CAN1_IRQ1_IRQHandler</STRONG> (Thumb, 4 bytes, Stack size 0 bytes, startup_lpc54606.o(.text))
<BR>[Address Reference Count : 1]<UL><LI> startup_lpc54606.o(RESET)
</UL>
<P><STRONG><a name="[3d]"></a>USB1_IRQHandler</STRONG> (Thumb, 4 bytes, Stack size 0 bytes, startup_lpc54606.o(.text))
<BR>[Address Reference Count : 1]<UL><LI> startup_lpc54606.o(RESET)
</UL>
<P><STRONG><a name="[3e]"></a>USB1_NEEDCLK_IRQHandler</STRONG> (Thumb, 4 bytes, Stack size 0 bytes, startup_lpc54606.o(.text))
<BR>[Address Reference Count : 1]<UL><LI> startup_lpc54606.o(RESET)
</UL>
<P><STRONG><a name="[3f]"></a>ETHERNET_IRQHandler</STRONG> (Thumb, 4 bytes, Stack size 0 bytes, startup_lpc54606.o(.text))
<BR>[Address Reference Count : 1]<UL><LI> startup_lpc54606.o(RESET)
</UL>
<P><STRONG><a name="[40]"></a>ETHERNET_PMT_IRQHandler</STRONG> (Thumb, 4 bytes, Stack size 0 bytes, startup_lpc54606.o(.text))
<BR>[Address Reference Count : 1]<UL><LI> startup_lpc54606.o(RESET)
</UL>
<P><STRONG><a name="[41]"></a>ETHERNET_MACLP_IRQHandler</STRONG> (Thumb, 4 bytes, Stack size 0 bytes, startup_lpc54606.o(.text))
<BR>[Address Reference Count : 1]<UL><LI> startup_lpc54606.o(RESET)
</UL>
<P><STRONG><a name="[42]"></a>EEPROM_IRQHandler</STRONG> (Thumb, 4 bytes, Stack size 0 bytes, startup_lpc54606.o(.text))
<BR>[Address Reference Count : 1]<UL><LI> startup_lpc54606.o(RESET)
</UL>
<P><STRONG><a name="[43]"></a>LCD_IRQHandler</STRONG> (Thumb, 4 bytes, Stack size 0 bytes, startup_lpc54606.o(.text))
<BR>[Address Reference Count : 1]<UL><LI> startup_lpc54606.o(RESET)
</UL>
<P><STRONG><a name="[44]"></a>SHA_IRQHandler</STRONG> (Thumb, 4 bytes, Stack size 0 bytes, startup_lpc54606.o(.text))
<BR>[Address Reference Count : 1]<UL><LI> startup_lpc54606.o(RESET)
</UL>
<P><STRONG><a name="[45]"></a>SMARTCARD0_IRQHandler</STRONG> (Thumb, 4 bytes, Stack size 0 bytes, startup_lpc54606.o(.text))
<BR>[Address Reference Count : 1]<UL><LI> startup_lpc54606.o(RESET)
</UL>
<P><STRONG><a name="[46]"></a>SMARTCARD1_IRQHandler</STRONG> (Thumb, 4 bytes, Stack size 0 bytes, startup_lpc54606.o(.text))
<BR>[Address Reference Count : 1]<UL><LI> startup_lpc54606.o(RESET)
</UL>
<P><STRONG><a name="[5f]"></a>ADC0_SEQA_DriverIRQHandler</STRONG> (Thumb, 0 bytes, Stack size 0 bytes, startup_lpc54606.o(.text))
<BR><BR>[Calls]<UL><LI><a href="#[5f]">&gt;&gt;</a>&nbsp;&nbsp;&nbsp;ADC0_SEQA_DriverIRQHandler
</UL>
<BR>[Called By]<UL><LI><a href="#[5f]">&gt;&gt;</a>&nbsp;&nbsp;&nbsp;ADC0_SEQA_DriverIRQHandler
</UL>
<BR>[Address Reference Count : 1]<UL><LI> startup_lpc54606.o(.text)
</UL>
<P><STRONG><a name="[60]"></a>ADC0_SEQB_DriverIRQHandler</STRONG> (Thumb, 0 bytes, Stack size 0 bytes, startup_lpc54606.o(.text))
<BR>[Address Reference Count : 1]<UL><LI> startup_lpc54606.o(.text)
</UL>
<P><STRONG><a name="[61]"></a>ADC0_THCMP_DriverIRQHandler</STRONG> (Thumb, 0 bytes, Stack size 0 bytes, startup_lpc54606.o(.text))
<BR>[Address Reference Count : 1]<UL><LI> startup_lpc54606.o(.text)
</UL>
<P><STRONG><a name="[74]"></a>CAN0_IRQ0_DriverIRQHandler</STRONG> (Thumb, 0 bytes, Stack size 0 bytes, startup_lpc54606.o(.text))
<BR>[Address Reference Count : 1]<UL><LI> startup_lpc54606.o(.text)
</UL>
<P><STRONG><a name="[75]"></a>CAN0_IRQ1_DriverIRQHandler</STRONG> (Thumb, 0 bytes, Stack size 0 bytes, startup_lpc54606.o(.text))
<BR>[Address Reference Count : 1]<UL><LI> startup_lpc54606.o(.text)
</UL>
<P><STRONG><a name="[76]"></a>CAN1_IRQ0_DriverIRQHandler</STRONG> (Thumb, 0 bytes, Stack size 0 bytes, startup_lpc54606.o(.text))
<BR>[Address Reference Count : 1]<UL><LI> startup_lpc54606.o(.text)
</UL>
<P><STRONG><a name="[77]"></a>CAN1_IRQ1_DriverIRQHandler</STRONG> (Thumb, 0 bytes, Stack size 0 bytes, startup_lpc54606.o(.text))
<BR>[Address Reference Count : 1]<UL><LI> startup_lpc54606.o(.text)
</UL>
<P><STRONG><a name="[53]"></a>CTIMER0_DriverIRQHandler</STRONG> (Thumb, 0 bytes, Stack size 0 bytes, startup_lpc54606.o(.text))
<BR>[Address Reference Count : 1]<UL><LI> startup_lpc54606.o(.text)
</UL>
<P><STRONG><a name="[54]"></a>CTIMER1_DriverIRQHandler</STRONG> (Thumb, 0 bytes, Stack size 0 bytes, startup_lpc54606.o(.text))
<BR>[Address Reference Count : 1]<UL><LI> startup_lpc54606.o(.text)
</UL>
<P><STRONG><a name="[6d]"></a>CTIMER2_DriverIRQHandler</STRONG> (Thumb, 0 bytes, Stack size 0 bytes, startup_lpc54606.o(.text))
<BR>[Address Reference Count : 1]<UL><LI> startup_lpc54606.o(.text)
</UL>
<P><STRONG><a name="[56]"></a>CTIMER3_DriverIRQHandler</STRONG> (Thumb, 0 bytes, Stack size 0 bytes, startup_lpc54606.o(.text))
<BR>[Address Reference Count : 1]<UL><LI> startup_lpc54606.o(.text)
</UL>
<P><STRONG><a name="[6e]"></a>CTIMER4_DriverIRQHandler</STRONG> (Thumb, 0 bytes, Stack size 0 bytes, startup_lpc54606.o(.text))
<BR>[Address Reference Count : 1]<UL><LI> startup_lpc54606.o(.text)
</UL>
<P><STRONG><a name="[62]"></a>DMIC0_DriverIRQHandler</STRONG> (Thumb, 0 bytes, Stack size 0 bytes, startup_lpc54606.o(.text))
<BR>[Address Reference Count : 1]<UL><LI> startup_lpc54606.o(.text)
</UL>
<P><STRONG><a name="[7d]"></a>EEPROM_DriverIRQHandler</STRONG> (Thumb, 0 bytes, Stack size 0 bytes, startup_lpc54606.o(.text))
<BR>[Address Reference Count : 1]<UL><LI> startup_lpc54606.o(.text)
</UL>
<P><STRONG><a name="[7a]"></a>ETHERNET_DriverIRQHandler</STRONG> (Thumb, 0 bytes, Stack size 0 bytes, startup_lpc54606.o(.text))
<BR>[Address Reference Count : 1]<UL><LI> startup_lpc54606.o(.text)
</UL>
<P><STRONG><a name="[7c]"></a>ETHERNET_MACLP_DriverIRQHandler</STRONG> (Thumb, 0 bytes, Stack size 0 bytes, startup_lpc54606.o(.text))
<BR>[Address Reference Count : 1]<UL><LI> startup_lpc54606.o(.text)
</UL>
<P><STRONG><a name="[7b]"></a>ETHERNET_PMT_DriverIRQHandler</STRONG> (Thumb, 0 bytes, Stack size 0 bytes, startup_lpc54606.o(.text))
<BR>[Address Reference Count : 1]<UL><LI> startup_lpc54606.o(.text)
</UL>
<P><STRONG><a name="[58]"></a>FLEXCOMM1_DriverIRQHandler</STRONG> (Thumb, 0 bytes, Stack size 0 bytes, startup_lpc54606.o(.text))
<BR>[Address Reference Count : 1]<UL><LI> startup_lpc54606.o(.text)
</UL>
<P><STRONG><a name="[59]"></a>FLEXCOMM2_DriverIRQHandler</STRONG> (Thumb, 0 bytes, Stack size 0 bytes, startup_lpc54606.o(.text))
<BR>[Address Reference Count : 1]<UL><LI> startup_lpc54606.o(.text)
</UL>
<P><STRONG><a name="[5a]"></a>FLEXCOMM3_DriverIRQHandler</STRONG> (Thumb, 0 bytes, Stack size 0 bytes, startup_lpc54606.o(.text))
<BR>[Address Reference Count : 1]<UL><LI> startup_lpc54606.o(.text)
</UL>
<P><STRONG><a name="[5b]"></a>FLEXCOMM4_DriverIRQHandler</STRONG> (Thumb, 0 bytes, Stack size 0 bytes, startup_lpc54606.o(.text))
<BR>[Address Reference Count : 1]<UL><LI> startup_lpc54606.o(.text)
</UL>
<P><STRONG><a name="[5d]"></a>FLEXCOMM6_DriverIRQHandler</STRONG> (Thumb, 0 bytes, Stack size 0 bytes, startup_lpc54606.o(.text))
<BR>[Address Reference Count : 1]<UL><LI> startup_lpc54606.o(.text)
</UL>
<P><STRONG><a name="[5e]"></a>FLEXCOMM7_DriverIRQHandler</STRONG> (Thumb, 0 bytes, Stack size 0 bytes, startup_lpc54606.o(.text))
<BR>[Address Reference Count : 1]<UL><LI> startup_lpc54606.o(.text)
</UL>
<P><STRONG><a name="[71]"></a>FLEXCOMM8_DriverIRQHandler</STRONG> (Thumb, 0 bytes, Stack size 0 bytes, startup_lpc54606.o(.text))
<BR>[Address Reference Count : 1]<UL><LI> startup_lpc54606.o(.text)
</UL>
<P><STRONG><a name="[72]"></a>FLEXCOMM9_DriverIRQHandler</STRONG> (Thumb, 0 bytes, Stack size 0 bytes, startup_lpc54606.o(.text))
<BR>[Address Reference Count : 1]<UL><LI> startup_lpc54606.o(.text)
</UL>
<P><STRONG><a name="[4c]"></a>GINT1_DriverIRQHandler</STRONG> (Thumb, 0 bytes, Stack size 0 bytes, startup_lpc54606.o(.text))
<BR>[Address Reference Count : 1]<UL><LI> startup_lpc54606.o(.text)
</UL>
<P><STRONG><a name="[63]"></a>HWVAD0_DriverIRQHandler</STRONG> (Thumb, 0 bytes, Stack size 0 bytes, startup_lpc54606.o(.text))
<BR>[Address Reference Count : 1]<UL><LI> startup_lpc54606.o(.text)
</UL>
<P><STRONG><a name="[7e]"></a>LCD_DriverIRQHandler</STRONG> (Thumb, 0 bytes, Stack size 0 bytes, startup_lpc54606.o(.text))
<BR>[Address Reference Count : 1]<UL><LI> startup_lpc54606.o(.text)
</UL>
<P><STRONG><a name="[4d]"></a>PIN_INT0_DriverIRQHandler</STRONG> (Thumb, 0 bytes, Stack size 0 bytes, startup_lpc54606.o(.text))
<BR>[Address Reference Count : 1]<UL><LI> startup_lpc54606.o(.text)
</UL>
<P><STRONG><a name="[4e]"></a>PIN_INT1_DriverIRQHandler</STRONG> (Thumb, 0 bytes, Stack size 0 bytes, startup_lpc54606.o(.text))
<BR>[Address Reference Count : 1]<UL><LI> startup_lpc54606.o(.text)
</UL>
<P><STRONG><a name="[4f]"></a>PIN_INT2_DriverIRQHandler</STRONG> (Thumb, 0 bytes, Stack size 0 bytes, startup_lpc54606.o(.text))
<BR>[Address Reference Count : 1]<UL><LI> startup_lpc54606.o(.text)
</UL>
<P><STRONG><a name="[50]"></a>PIN_INT3_DriverIRQHandler</STRONG> (Thumb, 0 bytes, Stack size 0 bytes, startup_lpc54606.o(.text))
<BR>[Address Reference Count : 1]<UL><LI> startup_lpc54606.o(.text)
</UL>
<P><STRONG><a name="[69]"></a>PIN_INT4_DriverIRQHandler</STRONG> (Thumb, 0 bytes, Stack size 0 bytes, startup_lpc54606.o(.text))
<BR>[Address Reference Count : 1]<UL><LI> startup_lpc54606.o(.text)
</UL>
<P><STRONG><a name="[6a]"></a>PIN_INT5_DriverIRQHandler</STRONG> (Thumb, 0 bytes, Stack size 0 bytes, startup_lpc54606.o(.text))
<BR>[Address Reference Count : 1]<UL><LI> startup_lpc54606.o(.text)
</UL>
<P><STRONG><a name="[6b]"></a>PIN_INT6_DriverIRQHandler</STRONG> (Thumb, 0 bytes, Stack size 0 bytes, startup_lpc54606.o(.text))
<BR>[Address Reference Count : 1]<UL><LI> startup_lpc54606.o(.text)
</UL>
<P><STRONG><a name="[66]"></a>RTC_DriverIRQHandler</STRONG> (Thumb, 0 bytes, Stack size 0 bytes, startup_lpc54606.o(.text))
<BR>[Address Reference Count : 1]<UL><LI> startup_lpc54606.o(.text)
</UL>
<P><STRONG><a name="[67]"></a>Reserved46_DriverIRQHandler</STRONG> (Thumb, 0 bytes, Stack size 0 bytes, startup_lpc54606.o(.text))
<BR>[Address Reference Count : 1]<UL><LI> startup_lpc54606.o(.text)
</UL>
<P><STRONG><a name="[68]"></a>Reserved47_DriverIRQHandler</STRONG> (Thumb, 0 bytes, Stack size 0 bytes, startup_lpc54606.o(.text))
<BR>[Address Reference Count : 1]<UL><LI> startup_lpc54606.o(.text)
</UL>
<P><STRONG><a name="[55]"></a>SCT0_DriverIRQHandler</STRONG> (Thumb, 0 bytes, Stack size 0 bytes, startup_lpc54606.o(.text))
<BR>[Address Reference Count : 1]<UL><LI> startup_lpc54606.o(.text)
</UL>
<P><STRONG><a name="[73]"></a>SDIO_DriverIRQHandler</STRONG> (Thumb, 0 bytes, Stack size 0 bytes, startup_lpc54606.o(.text))
<BR>[Address Reference Count : 1]<UL><LI> startup_lpc54606.o(.text)
</UL>
<P><STRONG><a name="[7f]"></a>SHA_DriverIRQHandler</STRONG> (Thumb, 0 bytes, Stack size 0 bytes, startup_lpc54606.o(.text))
<BR>[Address Reference Count : 1]<UL><LI> startup_lpc54606.o(.text)
</UL>
<P><STRONG><a name="[80]"></a>SMARTCARD0_DriverIRQHandler</STRONG> (Thumb, 0 bytes, Stack size 0 bytes, startup_lpc54606.o(.text))
<BR>[Address Reference Count : 1]<UL><LI> startup_lpc54606.o(.text)
</UL>
<P><STRONG><a name="[81]"></a>SMARTCARD1_DriverIRQHandler</STRONG> (Thumb, 0 bytes, Stack size 0 bytes, startup_lpc54606.o(.text))
<BR>[Address Reference Count : 1]<UL><LI> startup_lpc54606.o(.text)
</UL>
<P><STRONG><a name="[70]"></a>SPIFI0_DriverIRQHandler</STRONG> (Thumb, 0 bytes, Stack size 0 bytes, startup_lpc54606.o(.text))
<BR>[Address Reference Count : 1]<UL><LI> startup_lpc54606.o(.text)
</UL>
<P><STRONG><a name="[65]"></a>USB0_DriverIRQHandler</STRONG> (Thumb, 0 bytes, Stack size 0 bytes, startup_lpc54606.o(.text))
<BR>[Address Reference Count : 1]<UL><LI> startup_lpc54606.o(.text)
</UL>
<P><STRONG><a name="[64]"></a>USB0_NEEDCLK_DriverIRQHandler</STRONG> (Thumb, 0 bytes, Stack size 0 bytes, startup_lpc54606.o(.text))
<BR>[Address Reference Count : 1]<UL><LI> startup_lpc54606.o(.text)
</UL>
<P><STRONG><a name="[78]"></a>USB1_DriverIRQHandler</STRONG> (Thumb, 0 bytes, Stack size 0 bytes, startup_lpc54606.o(.text))
<BR>[Address Reference Count : 1]<UL><LI> startup_lpc54606.o(.text)
</UL>
<P><STRONG><a name="[79]"></a>USB1_NEEDCLK_DriverIRQHandler</STRONG> (Thumb, 0 bytes, Stack size 0 bytes, startup_lpc54606.o(.text))
<BR>[Address Reference Count : 1]<UL><LI> startup_lpc54606.o(.text)
</UL>
<P><STRONG><a name="[51]"></a>UTICK0_DriverIRQHandler</STRONG> (Thumb, 0 bytes, Stack size 0 bytes, startup_lpc54606.o(.text))
<BR>[Address Reference Count : 1]<UL><LI> startup_lpc54606.o(.text)
</UL>
<P><STRONG><a name="[49]"></a>WDT_BOD_DriverIRQHandler</STRONG> (Thumb, 0 bytes, Stack size 0 bytes, startup_lpc54606.o(.text))
<BR>[Address Reference Count : 1]<UL><LI> startup_lpc54606.o(.text)
</UL>
<P><STRONG><a name="[a0]"></a>__user_initial_stackheap</STRONG> (Thumb, 0 bytes, Stack size unknown bytes, startup_lpc54606.o(.text))
<BR><BR>[Called By]<UL><LI><a href="#[94]">&gt;&gt;</a>&nbsp;&nbsp;&nbsp;__user_setup_stackheap
</UL>

<P><STRONG><a name="[b2]"></a>rt_hw_interrupt_disable</STRONG> (Thumb, 8 bytes, Stack size 0 bytes, context_rvds.o(.text))
<BR><BR>[Called By]<UL><LI><a href="#[ec]">&gt;&gt;</a>&nbsp;&nbsp;&nbsp;rt_timer_stop
<LI><a href="#[b4]">&gt;&gt;</a>&nbsp;&nbsp;&nbsp;rt_timer_detach
<LI><a href="#[ea]">&gt;&gt;</a>&nbsp;&nbsp;&nbsp;rt_thread_sleep
<LI><a href="#[83]">&gt;&gt;</a>&nbsp;&nbsp;&nbsp;_thread_timeout
<LI><a href="#[82]">&gt;&gt;</a>&nbsp;&nbsp;&nbsp;_thread_exit
<LI><a href="#[b3]">&gt;&gt;</a>&nbsp;&nbsp;&nbsp;rt_schedule_remove_thread
<LI><a href="#[bd]">&gt;&gt;</a>&nbsp;&nbsp;&nbsp;rt_schedule_insert_thread
<LI><a href="#[d6]">&gt;&gt;</a>&nbsp;&nbsp;&nbsp;rt_exit_critical
<LI><a href="#[d5]">&gt;&gt;</a>&nbsp;&nbsp;&nbsp;rt_enter_critical
<LI><a href="#[a8]">&gt;&gt;</a>&nbsp;&nbsp;&nbsp;rt_interrupt_leave
<LI><a href="#[a6]">&gt;&gt;</a>&nbsp;&nbsp;&nbsp;rt_interrupt_enter
<LI><a href="#[ef]">&gt;&gt;</a>&nbsp;&nbsp;&nbsp;rt_timer_start
<LI><a href="#[ee]">&gt;&gt;</a>&nbsp;&nbsp;&nbsp;rt_timer_control
<LI><a href="#[ed]">&gt;&gt;</a>&nbsp;&nbsp;&nbsp;rt_thread_suspend
<LI><a href="#[eb]">&gt;&gt;</a>&nbsp;&nbsp;&nbsp;rt_thread_resume
<LI><a href="#[dd]">&gt;&gt;</a>&nbsp;&nbsp;&nbsp;rt_object_init
<LI><a href="#[d4]">&gt;&gt;</a>&nbsp;&nbsp;&nbsp;rt_object_detach
<LI><a href="#[d2]">&gt;&gt;</a>&nbsp;&nbsp;&nbsp;rt_thread_defunct_dequeue
<LI><a href="#[a2]">&gt;&gt;</a>&nbsp;&nbsp;&nbsp;rtthread_startup
<LI><a href="#[f0]">&gt;&gt;</a>&nbsp;&nbsp;&nbsp;rt_timer_check
<LI><a href="#[b7]">&gt;&gt;</a>&nbsp;&nbsp;&nbsp;rt_schedule
<LI><a href="#[a7]">&gt;&gt;</a>&nbsp;&nbsp;&nbsp;rt_tick_increase
</UL>

<P><STRONG><a name="[b6]"></a>rt_hw_interrupt_enable</STRONG> (Thumb, 6 bytes, Stack size 0 bytes, context_rvds.o(.text))
<BR><BR>[Called By]<UL><LI><a href="#[ec]">&gt;&gt;</a>&nbsp;&nbsp;&nbsp;rt_timer_stop
<LI><a href="#[b4]">&gt;&gt;</a>&nbsp;&nbsp;&nbsp;rt_timer_detach
<LI><a href="#[ea]">&gt;&gt;</a>&nbsp;&nbsp;&nbsp;rt_thread_sleep
<LI><a href="#[83]">&gt;&gt;</a>&nbsp;&nbsp;&nbsp;_thread_timeout
<LI><a href="#[82]">&gt;&gt;</a>&nbsp;&nbsp;&nbsp;_thread_exit
<LI><a href="#[b3]">&gt;&gt;</a>&nbsp;&nbsp;&nbsp;rt_schedule_remove_thread
<LI><a href="#[bd]">&gt;&gt;</a>&nbsp;&nbsp;&nbsp;rt_schedule_insert_thread
<LI><a href="#[d6]">&gt;&gt;</a>&nbsp;&nbsp;&nbsp;rt_exit_critical
<LI><a href="#[d5]">&gt;&gt;</a>&nbsp;&nbsp;&nbsp;rt_enter_critical
<LI><a href="#[a8]">&gt;&gt;</a>&nbsp;&nbsp;&nbsp;rt_interrupt_leave
<LI><a href="#[a6]">&gt;&gt;</a>&nbsp;&nbsp;&nbsp;rt_interrupt_enter
<LI><a href="#[ef]">&gt;&gt;</a>&nbsp;&nbsp;&nbsp;rt_timer_start
<LI><a href="#[ee]">&gt;&gt;</a>&nbsp;&nbsp;&nbsp;rt_timer_control
<LI><a href="#[ed]">&gt;&gt;</a>&nbsp;&nbsp;&nbsp;rt_thread_suspend
<LI><a href="#[eb]">&gt;&gt;</a>&nbsp;&nbsp;&nbsp;rt_thread_resume
<LI><a href="#[dd]">&gt;&gt;</a>&nbsp;&nbsp;&nbsp;rt_object_init
<LI><a href="#[d4]">&gt;&gt;</a>&nbsp;&nbsp;&nbsp;rt_object_detach
<LI><a href="#[d2]">&gt;&gt;</a>&nbsp;&nbsp;&nbsp;rt_thread_defunct_dequeue
<LI><a href="#[f0]">&gt;&gt;</a>&nbsp;&nbsp;&nbsp;rt_timer_check
<LI><a href="#[b7]">&gt;&gt;</a>&nbsp;&nbsp;&nbsp;rt_schedule
<LI><a href="#[a7]">&gt;&gt;</a>&nbsp;&nbsp;&nbsp;rt_tick_increase
</UL>

<P><STRONG><a name="[e0]"></a>rt_hw_context_switch</STRONG> (Thumb, 32 bytes, Stack size 0 bytes, context_rvds.o(.text))
<BR><BR>[Called By]<UL><LI><a href="#[b7]">&gt;&gt;</a>&nbsp;&nbsp;&nbsp;rt_schedule
</UL>

<P><STRONG><a name="[e1]"></a>rt_hw_context_switch_interrupt</STRONG> (Thumb, 0 bytes, Stack size 0 bytes, context_rvds.o(.text))
<BR><BR>[Called By]<UL><LI><a href="#[b7]">&gt;&gt;</a>&nbsp;&nbsp;&nbsp;rt_schedule
</UL>

<P><STRONG><a name="[c]"></a>PendSV_Handler</STRONG> (Thumb, 108 bytes, Stack size 0 bytes, context_rvds.o(.text))
<BR>[Address Reference Count : 1]<UL><LI> startup_lpc54606.o(RESET)
</UL>
<P><STRONG><a name="[e6]"></a>rt_hw_context_switch_to</STRONG> (Thumb, 76 bytes, Stack size 0 bytes, context_rvds.o(.text))
<BR><BR>[Called By]<UL><LI><a href="#[e5]">&gt;&gt;</a>&nbsp;&nbsp;&nbsp;rt_system_scheduler_start
</UL>

<P><STRONG><a name="[119]"></a>rt_hw_interrupt_thread_switch</STRONG> (Thumb, 2 bytes, Stack size 0 bytes, context_rvds.o(.text), UNUSED)

<P><STRONG><a name="[6]"></a>HardFault_Handler</STRONG> (Thumb, 56 bytes, Stack size 0 bytes, context_rvds.o(.text))
<BR><BR>[Stack]<UL><LI>Max Depth = 216<LI>Call Chain = HardFault_Handler &rArr; rt_hw_hard_fault_exception &rArr; rt_kprintf &rArr; rt_vsnprintf &rArr; print_number
</UL>
<BR>[Calls]<UL><LI><a href="#[9e]">&gt;&gt;</a>&nbsp;&nbsp;&nbsp;rt_hw_hard_fault_exception
</UL>
<BR>[Address Reference Count : 1]<UL><LI> startup_lpc54606.o(RESET)
</UL>
<P><STRONG><a name="[ae]"></a>__aeabi_uldivmod</STRONG> (Thumb, 0 bytes, Stack size 48 bytes, lludivv7m.o(.text))
<BR><BR>[Stack]<UL><LI>Max Depth = 48<LI>Call Chain = __aeabi_uldivmod
</UL>
<BR>[Called By]<UL><LI><a href="#[a9]">&gt;&gt;</a>&nbsp;&nbsp;&nbsp;SystemCoreClockUpdate
</UL>

<P><STRONG><a name="[11a]"></a>_ll_udiv</STRONG> (Thumb, 238 bytes, Stack size 48 bytes, lludivv7m.o(.text), UNUSED)

<P><STRONG><a name="[11b]"></a>__use_two_region_memory</STRONG> (Thumb, 2 bytes, Stack size 0 bytes, heapauxi.o(.text), UNUSED)

<P><STRONG><a name="[11c]"></a>__rt_heap_escrow$2region</STRONG> (Thumb, 2 bytes, Stack size 0 bytes, heapauxi.o(.text), UNUSED)

<P><STRONG><a name="[11d]"></a>__rt_heap_expand$2region</STRONG> (Thumb, 2 bytes, Stack size 0 bytes, heapauxi.o(.text), UNUSED)

<P><STRONG><a name="[11e]"></a>__user_libspace</STRONG> (Thumb, 8 bytes, Stack size 0 bytes, libspace.o(.text), UNUSED)

<P><STRONG><a name="[9f]"></a>__user_perproc_libspace</STRONG> (Thumb, 0 bytes, Stack size 0 bytes, libspace.o(.text))
<BR><BR>[Called By]<UL><LI><a href="#[94]">&gt;&gt;</a>&nbsp;&nbsp;&nbsp;__user_setup_stackheap
</UL>

<P><STRONG><a name="[11f]"></a>__user_perthread_libspace</STRONG> (Thumb, 0 bytes, Stack size 0 bytes, libspace.o(.text), UNUSED)

<P><STRONG><a name="[94]"></a>__user_setup_stackheap</STRONG> (Thumb, 74 bytes, Stack size 8 bytes, sys_stackheap_outer.o(.text))
<BR><BR>[Stack]<UL><LI>Max Depth = 8 + Unknown Stack Size
<LI>Call Chain = __user_setup_stackheap
</UL>
<BR>[Calls]<UL><LI><a href="#[a0]">&gt;&gt;</a>&nbsp;&nbsp;&nbsp;__user_initial_stackheap
<LI><a href="#[9f]">&gt;&gt;</a>&nbsp;&nbsp;&nbsp;__user_perproc_libspace
</UL>
<BR>[Called By]<UL><LI><a href="#[93]">&gt;&gt;</a>&nbsp;&nbsp;&nbsp;__rt_entry_sh
</UL>

<P><STRONG><a name="[99]"></a>exit</STRONG> (Thumb, 12 bytes, Stack size 0 bytes, exit.o(.text))
<BR><BR>[Calls]<UL><LI><a href="#[a1]">&gt;&gt;</a>&nbsp;&nbsp;&nbsp;__rt_exit
</UL>
<BR>[Called By]<UL><LI><a href="#[97]">&gt;&gt;</a>&nbsp;&nbsp;&nbsp;__rt_entry_main
</UL>

<P><STRONG><a name="[9d]"></a>_sys_exit</STRONG> (Thumb, 8 bytes, Stack size 0 bytes, sys_exit.o(.text))
<BR><BR>[Called By]<UL><LI><a href="#[9c]">&gt;&gt;</a>&nbsp;&nbsp;&nbsp;__rt_exit_exit
</UL>

<P><STRONG><a name="[120]"></a>__I$use$semihosting</STRONG> (Thumb, 0 bytes, Stack size 0 bytes, use_no_semi.o(.text), UNUSED)

<P><STRONG><a name="[121]"></a>__use_no_semihosting_swi</STRONG> (Thumb, 2 bytes, Stack size 0 bytes, use_no_semi.o(.text), UNUSED)

<P><STRONG><a name="[122]"></a>__semihosting_library_function</STRONG> (Thumb, 0 bytes, Stack size 8 bytes, indicate_semi.o(.text), UNUSED)

<P><STRONG><a name="[98]"></a>main</STRONG> (Thumb, 10 bytes, Stack size 8 bytes, components.o(i.$Sub$$main))
<BR><BR>[Stack]<UL><LI>Max Depth = 264<LI>Call Chain = main &rArr; rtthread_startup &rArr; rt_thread_idle_init &rArr; rt_thread_init &rArr; _thread_init &rArr; rt_timer_init &rArr; rt_object_init &rArr; rt_exit_critical &rArr; rt_schedule &rArr; rt_schedule_remove_thread
</UL>
<BR>[Calls]<UL><LI><a href="#[a2]">&gt;&gt;</a>&nbsp;&nbsp;&nbsp;rtthread_startup
</UL>
<BR>[Called By]<UL><LI><a href="#[97]">&gt;&gt;</a>&nbsp;&nbsp;&nbsp;__rt_entry_main
</UL>

<P><STRONG><a name="[4a]"></a>DMA0_DriverIRQHandler</STRONG> (Thumb, 18 bytes, Stack size 8 bytes, isr.o(i.DMA0_DriverIRQHandler))
<BR><BR>[Stack]<UL><LI>Max Depth = 28<LI>Call Chain = DMA0_DriverIRQHandler &rArr; mt9v032_dma &rArr; dma_reload
</UL>
<BR>[Calls]<UL><LI><a href="#[a3]">&gt;&gt;</a>&nbsp;&nbsp;&nbsp;mt9v032_dma
</UL>
<BR>[Address Reference Count : 1]<UL><LI> startup_lpc54606.o(.text)
</UL>
<P><STRONG><a name="[57]"></a>FLEXCOMM0_DriverIRQHandler</STRONG> (Thumb, 50 bytes, Stack size 8 bytes, isr.o(i.FLEXCOMM0_DriverIRQHandler))
<BR><BR>[Stack]<UL><LI>Max Depth = 8<LI>Call Chain = FLEXCOMM0_DriverIRQHandler
</UL>
<BR>[Address Reference Count : 1]<UL><LI> startup_lpc54606.o(.text)
</UL>
<P><STRONG><a name="[5c]"></a>FLEXCOMM5_DriverIRQHandler</STRONG> (Thumb, 58 bytes, Stack size 8 bytes, isr.o(i.FLEXCOMM5_DriverIRQHandler))
<BR><BR>[Stack]<UL><LI>Max Depth = 16<LI>Call Chain = FLEXCOMM5_DriverIRQHandler &rArr; mt9v032_cof_uart_interrupt
</UL>
<BR>[Calls]<UL><LI><a href="#[a4]">&gt;&gt;</a>&nbsp;&nbsp;&nbsp;mt9v032_cof_uart_interrupt
</UL>
<BR>[Address Reference Count : 1]<UL><LI> startup_lpc54606.o(.text)
</UL>
<P><STRONG><a name="[4b]"></a>GINT0_DriverIRQHandler</STRONG> (Thumb, 24 bytes, Stack size 0 bytes, isr.o(i.GINT0_DriverIRQHandler))
<BR>[Address Reference Count : 1]<UL><LI> startup_lpc54606.o(.text)
</UL>
<P><STRONG><a name="[52]"></a>MRT0_DriverIRQHandler</STRONG> (Thumb, 96 bytes, Stack size 0 bytes, isr.o(i.MRT0_DriverIRQHandler))
<BR>[Address Reference Count : 1]<UL><LI> startup_lpc54606.o(.text)
</UL>
<P><STRONG><a name="[6c]"></a>PIN_INT7_DriverIRQHandler</STRONG> (Thumb, 8 bytes, Stack size 8 bytes, isr.o(i.PIN_INT7_DriverIRQHandler))
<BR><BR>[Stack]<UL><LI>Max Depth = 28<LI>Call Chain = PIN_INT7_DriverIRQHandler &rArr; mt9v032_vsync &rArr; dma_reload
</UL>
<BR>[Calls]<UL><LI><a href="#[a5]">&gt;&gt;</a>&nbsp;&nbsp;&nbsp;mt9v032_vsync
</UL>
<BR>[Address Reference Count : 1]<UL><LI> startup_lpc54606.o(.text)
</UL>
<P><STRONG><a name="[6f]"></a>RIT_DriverIRQHandler</STRONG> (Thumb, 14 bytes, Stack size 0 bytes, isr.o(i.RIT_DriverIRQHandler))
<BR>[Address Reference Count : 1]<UL><LI> startup_lpc54606.o(.text)
</UL>
<P><STRONG><a name="[d]"></a>SysTick_Handler</STRONG> (Thumb, 16 bytes, Stack size 8 bytes, board.o(i.SysTick_Handler))
<BR><BR>[Stack]<UL><LI>Max Depth = 120<LI>Call Chain = SysTick_Handler &rArr; rt_tick_increase &rArr; rt_timer_check &rArr; rt_timer_start &rArr; rt_schedule &rArr; rt_schedule_remove_thread
</UL>
<BR>[Calls]<UL><LI><a href="#[a8]">&gt;&gt;</a>&nbsp;&nbsp;&nbsp;rt_interrupt_leave
<LI><a href="#[a6]">&gt;&gt;</a>&nbsp;&nbsp;&nbsp;rt_interrupt_enter
<LI><a href="#[a7]">&gt;&gt;</a>&nbsp;&nbsp;&nbsp;rt_tick_increase
</UL>
<BR>[Address Reference Count : 1]<UL><LI> startup_lpc54606.o(RESET)
</UL>
<P><STRONG><a name="[a9]"></a>SystemCoreClockUpdate</STRONG> (Thumb, 266 bytes, Stack size 24 bytes, system_lpc54606.o(i.SystemCoreClockUpdate))
<BR><BR>[Stack]<UL><LI>Max Depth = 72<LI>Call Chain = SystemCoreClockUpdate &rArr; __aeabi_uldivmod
</UL>
<BR>[Calls]<UL><LI><a href="#[aa]">&gt;&gt;</a>&nbsp;&nbsp;&nbsp;getWdtOscFreq
<LI><a href="#[ab]">&gt;&gt;</a>&nbsp;&nbsp;&nbsp;findPllPreDiv
<LI><a href="#[ac]">&gt;&gt;</a>&nbsp;&nbsp;&nbsp;findPllPostDiv
<LI><a href="#[ad]">&gt;&gt;</a>&nbsp;&nbsp;&nbsp;findPllMMult
<LI><a href="#[ae]">&gt;&gt;</a>&nbsp;&nbsp;&nbsp;__aeabi_uldivmod
</UL>
<BR>[Called By]<UL><LI><a href="#[d7]">&gt;&gt;</a>&nbsp;&nbsp;&nbsp;rt_hw_board_init
</UL>

<P><STRONG><a name="[47]"></a>SystemInit</STRONG> (Thumb, 36 bytes, Stack size 0 bytes, system_lpc54606.o(i.SystemInit))
<BR>[Address Reference Count : 1]<UL><LI> startup_lpc54606.o(.text)
</UL>
<P><STRONG><a name="[b0]"></a>__rt_ffs</STRONG> (Thumb, 70 bytes, Stack size 0 bytes, kservice.o(i.__rt_ffs))
<BR><BR>[Called By]<UL><LI><a href="#[af]">&gt;&gt;</a>&nbsp;&nbsp;&nbsp;_scheduler_get_highest_priority_thread
</UL>

<P><STRONG><a name="[c5]"></a>gpio_init</STRONG> (Thumb, 182 bytes, Stack size 32 bytes, lpc546xx_gpio.o(i.gpio_init))
<BR><BR>[Stack]<UL><LI>Max Depth = 44<LI>Call Chain = gpio_init &rArr; iocon_init
</UL>
<BR>[Calls]<UL><LI><a href="#[c6]">&gt;&gt;</a>&nbsp;&nbsp;&nbsp;iocon_init
</UL>
<BR>[Called By]<UL><LI><a href="#[ca]">&gt;&gt;</a>&nbsp;&nbsp;&nbsp;$Super$$main
</UL>

<P><STRONG><a name="[c8]"></a>gpio_set</STRONG> (Thumb, 42 bytes, Stack size 8 bytes, lpc546xx_gpio.o(i.gpio_set))
<BR><BR>[Stack]<UL><LI>Max Depth = 8<LI>Call Chain = gpio_set
</UL>
<BR>[Called By]<UL><LI><a href="#[85]">&gt;&gt;</a>&nbsp;&nbsp;&nbsp;led1_thread_entry
<LI><a href="#[84]">&gt;&gt;</a>&nbsp;&nbsp;&nbsp;led0_thread_entry
</UL>

<P><STRONG><a name="[c6]"></a>iocon_init</STRONG> (Thumb, 34 bytes, Stack size 12 bytes, lpc546xx_iocon.o(i.iocon_init))
<BR><BR>[Stack]<UL><LI>Max Depth = 12<LI>Call Chain = iocon_init
</UL>
<BR>[Called By]<UL><LI><a href="#[c5]">&gt;&gt;</a>&nbsp;&nbsp;&nbsp;gpio_init
</UL>

<P><STRONG><a name="[ca]"></a>$Super$$main</STRONG> (Thumb, 112 bytes, Stack size 24 bytes, main.o(i.main))
<BR><BR>[Stack]<UL><LI>Max Depth = 240<LI>Call Chain = $Super$$main &rArr; rt_thread_init &rArr; _thread_init &rArr; rt_timer_init &rArr; rt_object_init &rArr; rt_exit_critical &rArr; rt_schedule &rArr; rt_schedule_remove_thread
</UL>
<BR>[Calls]<UL><LI><a href="#[c5]">&gt;&gt;</a>&nbsp;&nbsp;&nbsp;gpio_init
<LI><a href="#[cc]">&gt;&gt;</a>&nbsp;&nbsp;&nbsp;rt_thread_startup
<LI><a href="#[cb]">&gt;&gt;</a>&nbsp;&nbsp;&nbsp;rt_thread_init
</UL>
<BR>[Called By]<UL><LI><a href="#[86]">&gt;&gt;</a>&nbsp;&nbsp;&nbsp;main_thread_entry
</UL>

<P><STRONG><a name="[86]"></a>main_thread_entry</STRONG> (Thumb, 14 bytes, Stack size 8 bytes, components.o(i.main_thread_entry))
<BR><BR>[Stack]<UL><LI>Max Depth = 248<LI>Call Chain = main_thread_entry &rArr; $Super$$main &rArr; rt_thread_init &rArr; _thread_init &rArr; rt_timer_init &rArr; rt_object_init &rArr; rt_exit_critical &rArr; rt_schedule &rArr; rt_schedule_remove_thread
</UL>
<BR>[Calls]<UL><LI><a href="#[ca]">&gt;&gt;</a>&nbsp;&nbsp;&nbsp;$Super$$main
<LI><a href="#[cd]">&gt;&gt;</a>&nbsp;&nbsp;&nbsp;rt_components_init
</UL>
<BR>[Address Reference Count : 1]<UL><LI> components.o(i.rt_application_init)
</UL>
<P><STRONG><a name="[a4]"></a>mt9v032_cof_uart_interrupt</STRONG> (Thumb, 68 bytes, Stack size 8 bytes, seekfree_mt9v032.o(i.mt9v032_cof_uart_interrupt))
<BR><BR>[Stack]<UL><LI>Max Depth = 8<LI>Call Chain = mt9v032_cof_uart_interrupt
</UL>
<BR>[Calls]<UL><LI><a href="#[ce]">&gt;&gt;</a>&nbsp;&nbsp;&nbsp;uart_query
</UL>
<BR>[Called By]<UL><LI><a href="#[5c]">&gt;&gt;</a>&nbsp;&nbsp;&nbsp;FLEXCOMM5_DriverIRQHandler
</UL>

<P><STRONG><a name="[a3]"></a>mt9v032_dma</STRONG> (Thumb, 76 bytes, Stack size 8 bytes, seekfree_mt9v032.o(i.mt9v032_dma))
<BR><BR>[Stack]<UL><LI>Max Depth = 20<LI>Call Chain = mt9v032_dma &rArr; dma_reload
</UL>
<BR>[Calls]<UL><LI><a href="#[cf]">&gt;&gt;</a>&nbsp;&nbsp;&nbsp;dma_reload
</UL>
<BR>[Called By]<UL><LI><a href="#[4a]">&gt;&gt;</a>&nbsp;&nbsp;&nbsp;DMA0_DriverIRQHandler
</UL>

<P><STRONG><a name="[a5]"></a>mt9v032_vsync</STRONG> (Thumb, 68 bytes, Stack size 8 bytes, seekfree_mt9v032.o(i.mt9v032_vsync))
<BR><BR>[Stack]<UL><LI>Max Depth = 20<LI>Call Chain = mt9v032_vsync &rArr; dma_reload
</UL>
<BR>[Calls]<UL><LI><a href="#[d0]">&gt;&gt;</a>&nbsp;&nbsp;&nbsp;sct_restart
<LI><a href="#[cf]">&gt;&gt;</a>&nbsp;&nbsp;&nbsp;dma_reload
</UL>
<BR>[Called By]<UL><LI><a href="#[6c]">&gt;&gt;</a>&nbsp;&nbsp;&nbsp;PIN_INT7_DriverIRQHandler
</UL>

<P><STRONG><a name="[d1]"></a>rt_application_init</STRONG> (Thumb, 42 bytes, Stack size 32 bytes, components.o(i.rt_application_init))
<BR><BR>[Stack]<UL><LI>Max Depth = 248<LI>Call Chain = rt_application_init &rArr; rt_thread_init &rArr; _thread_init &rArr; rt_timer_init &rArr; rt_object_init &rArr; rt_exit_critical &rArr; rt_schedule &rArr; rt_schedule_remove_thread
</UL>
<BR>[Calls]<UL><LI><a href="#[cc]">&gt;&gt;</a>&nbsp;&nbsp;&nbsp;rt_thread_startup
<LI><a href="#[cb]">&gt;&gt;</a>&nbsp;&nbsp;&nbsp;rt_thread_init
</UL>
<BR>[Called By]<UL><LI><a href="#[a2]">&gt;&gt;</a>&nbsp;&nbsp;&nbsp;rtthread_startup
</UL>

<P><STRONG><a name="[d9]"></a>rt_components_board_init</STRONG> (Thumb, 20 bytes, Stack size 8 bytes, components.o(i.rt_components_board_init))
<BR><BR>[Stack]<UL><LI>Max Depth = 8<LI>Call Chain = rt_components_board_init
</UL>
<BR>[Called By]<UL><LI><a href="#[d7]">&gt;&gt;</a>&nbsp;&nbsp;&nbsp;rt_hw_board_init
</UL>

<P><STRONG><a name="[cd]"></a>rt_components_init</STRONG> (Thumb, 20 bytes, Stack size 8 bytes, components.o(i.rt_components_init))
<BR><BR>[Stack]<UL><LI>Max Depth = 8<LI>Call Chain = rt_components_init
</UL>
<BR>[Called By]<UL><LI><a href="#[86]">&gt;&gt;</a>&nbsp;&nbsp;&nbsp;main_thread_entry
</UL>

<P><STRONG><a name="[d5]"></a>rt_enter_critical</STRONG> (Thumb, 28 bytes, Stack size 8 bytes, scheduler.o(i.rt_enter_critical))
<BR><BR>[Stack]<UL><LI>Max Depth = 8<LI>Call Chain = rt_enter_critical
</UL>
<BR>[Calls]<UL><LI><a href="#[b6]">&gt;&gt;</a>&nbsp;&nbsp;&nbsp;rt_hw_interrupt_enable
<LI><a href="#[b2]">&gt;&gt;</a>&nbsp;&nbsp;&nbsp;rt_hw_interrupt_disable
</UL>
<BR>[Called By]<UL><LI><a href="#[dd]">&gt;&gt;</a>&nbsp;&nbsp;&nbsp;rt_object_init
</UL>

<P><STRONG><a name="[d6]"></a>rt_exit_critical</STRONG> (Thumb, 60 bytes, Stack size 8 bytes, scheduler.o(i.rt_exit_critical))
<BR><BR>[Stack]<UL><LI>Max Depth = 48<LI>Call Chain = rt_exit_critical &rArr; rt_schedule &rArr; rt_schedule_remove_thread
</UL>
<BR>[Calls]<UL><LI><a href="#[b6]">&gt;&gt;</a>&nbsp;&nbsp;&nbsp;rt_hw_interrupt_enable
<LI><a href="#[b2]">&gt;&gt;</a>&nbsp;&nbsp;&nbsp;rt_hw_interrupt_disable
<LI><a href="#[b7]">&gt;&gt;</a>&nbsp;&nbsp;&nbsp;rt_schedule
</UL>
<BR>[Called By]<UL><LI><a href="#[dd]">&gt;&gt;</a>&nbsp;&nbsp;&nbsp;rt_object_init
</UL>

<P><STRONG><a name="[d7]"></a>rt_hw_board_init</STRONG> (Thumb, 30 bytes, Stack size 8 bytes, board.o(i.rt_hw_board_init))
<BR><BR>[Stack]<UL><LI>Max Depth = 80<LI>Call Chain = rt_hw_board_init &rArr; SystemCoreClockUpdate &rArr; __aeabi_uldivmod
</UL>
<BR>[Calls]<UL><LI><a href="#[a9]">&gt;&gt;</a>&nbsp;&nbsp;&nbsp;SystemCoreClockUpdate
<LI><a href="#[d9]">&gt;&gt;</a>&nbsp;&nbsp;&nbsp;rt_components_board_init
<LI><a href="#[d8]">&gt;&gt;</a>&nbsp;&nbsp;&nbsp;_SysTick_Config
</UL>
<BR>[Called By]<UL><LI><a href="#[a2]">&gt;&gt;</a>&nbsp;&nbsp;&nbsp;rtthread_startup
</UL>

<P><STRONG><a name="[dc]"></a>rt_hw_console_output</STRONG> (Thumb, 2 bytes, Stack size 0 bytes, kservice.o(i.rt_hw_console_output))
<BR><BR>[Called By]<UL><LI><a href="#[da]">&gt;&gt;</a>&nbsp;&nbsp;&nbsp;rt_kprintf
</UL>

<P><STRONG><a name="[9e]"></a>rt_hw_hard_fault_exception</STRONG> (Thumb, 212 bytes, Stack size 24 bytes, cpuport.o(i.rt_hw_hard_fault_exception))
<BR><BR>[Stack]<UL><LI>Max Depth = 216<LI>Call Chain = rt_hw_hard_fault_exception &rArr; rt_kprintf &rArr; rt_vsnprintf &rArr; print_number
</UL>
<BR>[Calls]<UL><LI><a href="#[b1]">&gt;&gt;</a>&nbsp;&nbsp;&nbsp;rt_thread_self
<LI><a href="#[da]">&gt;&gt;</a>&nbsp;&nbsp;&nbsp;rt_kprintf
</UL>
<BR>[Called By]<UL><LI><a href="#[6]">&gt;&gt;</a>&nbsp;&nbsp;&nbsp;HardFault_Handler
</UL>

<P><STRONG><a name="[ba]"></a>rt_hw_stack_init</STRONG> (Thumb, 74 bytes, Stack size 20 bytes, cpuport.o(i.rt_hw_stack_init))
<BR><BR>[Stack]<UL><LI>Max Depth = 20<LI>Call Chain = rt_hw_stack_init
</UL>
<BR>[Called By]<UL><LI><a href="#[b8]">&gt;&gt;</a>&nbsp;&nbsp;&nbsp;_thread_init
</UL>

<P><STRONG><a name="[a6]"></a>rt_interrupt_enter</STRONG> (Thumb, 26 bytes, Stack size 8 bytes, irq.o(i.rt_interrupt_enter))
<BR><BR>[Stack]<UL><LI>Max Depth = 8<LI>Call Chain = rt_interrupt_enter
</UL>
<BR>[Calls]<UL><LI><a href="#[b6]">&gt;&gt;</a>&nbsp;&nbsp;&nbsp;rt_hw_interrupt_enable
<LI><a href="#[b2]">&gt;&gt;</a>&nbsp;&nbsp;&nbsp;rt_hw_interrupt_disable
</UL>
<BR>[Called By]<UL><LI><a href="#[d]">&gt;&gt;</a>&nbsp;&nbsp;&nbsp;SysTick_Handler
</UL>

<P><STRONG><a name="[a8]"></a>rt_interrupt_leave</STRONG> (Thumb, 26 bytes, Stack size 8 bytes, irq.o(i.rt_interrupt_leave))
<BR><BR>[Stack]<UL><LI>Max Depth = 8<LI>Call Chain = rt_interrupt_leave
</UL>
<BR>[Calls]<UL><LI><a href="#[b6]">&gt;&gt;</a>&nbsp;&nbsp;&nbsp;rt_hw_interrupt_enable
<LI><a href="#[b2]">&gt;&gt;</a>&nbsp;&nbsp;&nbsp;rt_hw_interrupt_disable
</UL>
<BR>[Called By]<UL><LI><a href="#[d]">&gt;&gt;</a>&nbsp;&nbsp;&nbsp;SysTick_Handler
</UL>

<P><STRONG><a name="[da]"></a>rt_kprintf</STRONG> (Thumb, 46 bytes, Stack size 32 bytes, kservice.o(i.rt_kprintf))
<BR><BR>[Stack]<UL><LI>Max Depth = 192<LI>Call Chain = rt_kprintf &rArr; rt_vsnprintf &rArr; print_number
</UL>
<BR>[Calls]<UL><LI><a href="#[db]">&gt;&gt;</a>&nbsp;&nbsp;&nbsp;rt_vsnprintf
<LI><a href="#[dc]">&gt;&gt;</a>&nbsp;&nbsp;&nbsp;rt_hw_console_output
</UL>
<BR>[Called By]<UL><LI><a href="#[9e]">&gt;&gt;</a>&nbsp;&nbsp;&nbsp;rt_hw_hard_fault_exception
<LI><a href="#[e2]">&gt;&gt;</a>&nbsp;&nbsp;&nbsp;rt_show_version
</UL>

<P><STRONG><a name="[b9]"></a>rt_memset</STRONG> (Thumb, 90 bytes, Stack size 24 bytes, kservice.o(i.rt_memset))
<BR><BR>[Stack]<UL><LI>Max Depth = 24<LI>Call Chain = rt_memset
</UL>
<BR>[Called By]<UL><LI><a href="#[b8]">&gt;&gt;</a>&nbsp;&nbsp;&nbsp;_thread_init
</UL>

<P><STRONG><a name="[d4]"></a>rt_object_detach</STRONG> (Thumb, 44 bytes, Stack size 16 bytes, object.o(i.rt_object_detach))
<BR><BR>[Stack]<UL><LI>Max Depth = 16<LI>Call Chain = rt_object_detach
</UL>
<BR>[Calls]<UL><LI><a href="#[b6]">&gt;&gt;</a>&nbsp;&nbsp;&nbsp;rt_hw_interrupt_enable
<LI><a href="#[b2]">&gt;&gt;</a>&nbsp;&nbsp;&nbsp;rt_hw_interrupt_disable
</UL>
<BR>[Called By]<UL><LI><a href="#[b4]">&gt;&gt;</a>&nbsp;&nbsp;&nbsp;rt_timer_detach
<LI><a href="#[c7]">&gt;&gt;</a>&nbsp;&nbsp;&nbsp;rt_defunct_execute
</UL>

<P><STRONG><a name="[de]"></a>rt_object_get_information</STRONG> (Thumb, 36 bytes, Stack size 0 bytes, object.o(i.rt_object_get_information))
<BR><BR>[Called By]<UL><LI><a href="#[dd]">&gt;&gt;</a>&nbsp;&nbsp;&nbsp;rt_object_init
</UL>

<P><STRONG><a name="[dd]"></a>rt_object_init</STRONG> (Thumb, 96 bytes, Stack size 32 bytes, object.o(i.rt_object_init))
<BR><BR>[Stack]<UL><LI>Max Depth = 80<LI>Call Chain = rt_object_init &rArr; rt_exit_critical &rArr; rt_schedule &rArr; rt_schedule_remove_thread
</UL>
<BR>[Calls]<UL><LI><a href="#[b6]">&gt;&gt;</a>&nbsp;&nbsp;&nbsp;rt_hw_interrupt_enable
<LI><a href="#[b2]">&gt;&gt;</a>&nbsp;&nbsp;&nbsp;rt_hw_interrupt_disable
<LI><a href="#[d6]">&gt;&gt;</a>&nbsp;&nbsp;&nbsp;rt_exit_critical
<LI><a href="#[d5]">&gt;&gt;</a>&nbsp;&nbsp;&nbsp;rt_enter_critical
<LI><a href="#[de]">&gt;&gt;</a>&nbsp;&nbsp;&nbsp;rt_object_get_information
<LI><a href="#[df]">&gt;&gt;</a>&nbsp;&nbsp;&nbsp;rt_strncpy
</UL>
<BR>[Called By]<UL><LI><a href="#[cb]">&gt;&gt;</a>&nbsp;&nbsp;&nbsp;rt_thread_init
<LI><a href="#[bb]">&gt;&gt;</a>&nbsp;&nbsp;&nbsp;rt_timer_init
</UL>

<P><STRONG><a name="[d3]"></a>rt_object_is_systemobject</STRONG> (Thumb, 18 bytes, Stack size 0 bytes, object.o(i.rt_object_is_systemobject))
<BR><BR>[Called By]<UL><LI><a href="#[c7]">&gt;&gt;</a>&nbsp;&nbsp;&nbsp;rt_defunct_execute
</UL>

<P><STRONG><a name="[b7]"></a>rt_schedule</STRONG> (Thumb, 262 bytes, Stack size 24 bytes, scheduler.o(i.rt_schedule))
<BR><BR>[Stack]<UL><LI>Max Depth = 40<LI>Call Chain = rt_schedule &rArr; rt_schedule_remove_thread
</UL>
<BR>[Calls]<UL><LI><a href="#[e1]">&gt;&gt;</a>&nbsp;&nbsp;&nbsp;rt_hw_context_switch_interrupt
<LI><a href="#[e0]">&gt;&gt;</a>&nbsp;&nbsp;&nbsp;rt_hw_context_switch
<LI><a href="#[b6]">&gt;&gt;</a>&nbsp;&nbsp;&nbsp;rt_hw_interrupt_enable
<LI><a href="#[b2]">&gt;&gt;</a>&nbsp;&nbsp;&nbsp;rt_hw_interrupt_disable
<LI><a href="#[b3]">&gt;&gt;</a>&nbsp;&nbsp;&nbsp;rt_schedule_remove_thread
<LI><a href="#[bd]">&gt;&gt;</a>&nbsp;&nbsp;&nbsp;rt_schedule_insert_thread
<LI><a href="#[af]">&gt;&gt;</a>&nbsp;&nbsp;&nbsp;_scheduler_get_highest_priority_thread
</UL>
<BR>[Called By]<UL><LI><a href="#[cc]">&gt;&gt;</a>&nbsp;&nbsp;&nbsp;rt_thread_startup
<LI><a href="#[ea]">&gt;&gt;</a>&nbsp;&nbsp;&nbsp;rt_thread_sleep
<LI><a href="#[83]">&gt;&gt;</a>&nbsp;&nbsp;&nbsp;_thread_timeout
<LI><a href="#[82]">&gt;&gt;</a>&nbsp;&nbsp;&nbsp;_thread_exit
<LI><a href="#[d6]">&gt;&gt;</a>&nbsp;&nbsp;&nbsp;rt_exit_critical
<LI><a href="#[ef]">&gt;&gt;</a>&nbsp;&nbsp;&nbsp;rt_timer_start
<LI><a href="#[a7]">&gt;&gt;</a>&nbsp;&nbsp;&nbsp;rt_tick_increase
</UL>

<P><STRONG><a name="[bd]"></a>rt_schedule_insert_thread</STRONG> (Thumb, 142 bytes, Stack size 16 bytes, scheduler.o(i.rt_schedule_insert_thread))
<BR><BR>[Stack]<UL><LI>Max Depth = 16<LI>Call Chain = rt_schedule_insert_thread
</UL>
<BR>[Calls]<UL><LI><a href="#[b6]">&gt;&gt;</a>&nbsp;&nbsp;&nbsp;rt_hw_interrupt_enable
<LI><a href="#[b2]">&gt;&gt;</a>&nbsp;&nbsp;&nbsp;rt_hw_interrupt_disable
</UL>
<BR>[Called By]<UL><LI><a href="#[83]">&gt;&gt;</a>&nbsp;&nbsp;&nbsp;_thread_timeout
<LI><a href="#[eb]">&gt;&gt;</a>&nbsp;&nbsp;&nbsp;rt_thread_resume
<LI><a href="#[b7]">&gt;&gt;</a>&nbsp;&nbsp;&nbsp;rt_schedule
</UL>

<P><STRONG><a name="[b3]"></a>rt_schedule_remove_thread</STRONG> (Thumb, 76 bytes, Stack size 16 bytes, scheduler.o(i.rt_schedule_remove_thread))
<BR><BR>[Stack]<UL><LI>Max Depth = 16<LI>Call Chain = rt_schedule_remove_thread
</UL>
<BR>[Calls]<UL><LI><a href="#[b6]">&gt;&gt;</a>&nbsp;&nbsp;&nbsp;rt_hw_interrupt_enable
<LI><a href="#[b2]">&gt;&gt;</a>&nbsp;&nbsp;&nbsp;rt_hw_interrupt_disable
</UL>
<BR>[Called By]<UL><LI><a href="#[82]">&gt;&gt;</a>&nbsp;&nbsp;&nbsp;_thread_exit
<LI><a href="#[ed]">&gt;&gt;</a>&nbsp;&nbsp;&nbsp;rt_thread_suspend
<LI><a href="#[e5]">&gt;&gt;</a>&nbsp;&nbsp;&nbsp;rt_system_scheduler_start
<LI><a href="#[b7]">&gt;&gt;</a>&nbsp;&nbsp;&nbsp;rt_schedule
</UL>

<P><STRONG><a name="[e2]"></a>rt_show_version</STRONG> (Thumb, 42 bytes, Stack size 16 bytes, kservice.o(i.rt_show_version))
<BR><BR>[Stack]<UL><LI>Max Depth = 208<LI>Call Chain = rt_show_version &rArr; rt_kprintf &rArr; rt_vsnprintf &rArr; print_number
</UL>
<BR>[Calls]<UL><LI><a href="#[da]">&gt;&gt;</a>&nbsp;&nbsp;&nbsp;rt_kprintf
</UL>
<BR>[Called By]<UL><LI><a href="#[a2]">&gt;&gt;</a>&nbsp;&nbsp;&nbsp;rtthread_startup
</UL>

<P><STRONG><a name="[e3]"></a>rt_sprintf</STRONG> (Thumb, 34 bytes, Stack size 32 bytes, kservice.o(i.rt_sprintf))
<BR><BR>[Stack]<UL><LI>Max Depth = 216<LI>Call Chain = rt_sprintf &rArr; rt_vsprintf &rArr; rt_vsnprintf &rArr; print_number
</UL>
<BR>[Calls]<UL><LI><a href="#[e4]">&gt;&gt;</a>&nbsp;&nbsp;&nbsp;rt_vsprintf
</UL>
<BR>[Called By]<UL><LI><a href="#[e8]">&gt;&gt;</a>&nbsp;&nbsp;&nbsp;rt_thread_idle_init
</UL>

<P><STRONG><a name="[df]"></a>rt_strncpy</STRONG> (Thumb, 52 bytes, Stack size 16 bytes, kservice.o(i.rt_strncpy))
<BR><BR>[Stack]<UL><LI>Max Depth = 16<LI>Call Chain = rt_strncpy
</UL>
<BR>[Called By]<UL><LI><a href="#[dd]">&gt;&gt;</a>&nbsp;&nbsp;&nbsp;rt_object_init
</UL>

<P><STRONG><a name="[f6]"></a>rt_system_scheduler_init</STRONG> (Thumb, 38 bytes, Stack size 0 bytes, scheduler.o(i.rt_system_scheduler_init))
<BR><BR>[Called By]<UL><LI><a href="#[a2]">&gt;&gt;</a>&nbsp;&nbsp;&nbsp;rtthread_startup
</UL>

<P><STRONG><a name="[e5]"></a>rt_system_scheduler_start</STRONG> (Thumb, 36 bytes, Stack size 16 bytes, scheduler.o(i.rt_system_scheduler_start))
<BR><BR>[Stack]<UL><LI>Max Depth = 32<LI>Call Chain = rt_system_scheduler_start &rArr; rt_schedule_remove_thread
</UL>
<BR>[Calls]<UL><LI><a href="#[e6]">&gt;&gt;</a>&nbsp;&nbsp;&nbsp;rt_hw_context_switch_to
<LI><a href="#[b3]">&gt;&gt;</a>&nbsp;&nbsp;&nbsp;rt_schedule_remove_thread
<LI><a href="#[af]">&gt;&gt;</a>&nbsp;&nbsp;&nbsp;_scheduler_get_highest_priority_thread
</UL>
<BR>[Called By]<UL><LI><a href="#[a2]">&gt;&gt;</a>&nbsp;&nbsp;&nbsp;rtthread_startup
</UL>

[...]
</UL>
<BR>[Called By]<UL><LI><a href="#[ea]">&gt;&gt;</a>&nbsp;&nbsp;&nbsp;rt_thread_sleep
</UL>

<P><STRONG><a name="[e9]"></a>rt_tick_from_millisecond</STRONG> (Thumb, 56 bytes, Stack size 0 bytes, clock.o(i.rt_tick_from_millisecond))
<BR><BR>[Called By]<UL><LI><a href="#[c9]">&gt;&gt;</a>&nbsp;&nbsp;&nbsp;rt_thread_mdelay
</UL>

<P><STRONG><a name="[f1]"></a>rt_tick_get</STRONG> (Thumb, 6 bytes, Stack size 0 bytes, clock.o(i.rt_tick_get))
<BR><BR>[Called By]<UL><LI><a href="#[ef]">&gt;&gt;</a>&nbsp;&nbsp;&nbsp;rt_timer_start
<LI><a href="#[f0]">&gt;&gt;</a>&nbsp;&nbsp;&nbsp;rt_timer_check
</UL>

<P><STRONG><a name="[a7]"></a>rt_tick_increase</STRONG> (Thumb, 74 bytes, Stack size 16 bytes, clock.o(i.rt_tick_increase))
<BR><BR>[Stack]<UL><LI>Max Depth = 112<LI>Call Chain = rt_tick_increase &rArr; rt_timer_check &rArr; rt_timer_start &rArr; rt_schedule &rArr; rt_schedule_remove_thread
</UL>
<BR>[Calls]<UL><LI><a href="#[b6]">&gt;&gt;</a>&nbsp;&nbsp;&nbsp;rt_hw_interrupt_enable
<LI><a href="#[b2]">&gt;&gt;</a>&nbsp;&nbsp;&nbsp;rt_hw_interrupt_disable
<LI><a href="#[f0]">&gt;&gt;</a>&nbsp;&nbsp;&nbsp;rt_timer_check
<LI><a href="#[b7]">&gt;&gt;</a>&nbsp;&nbsp;&nbsp;rt_schedule
<LI><a href="#[b1]">&gt;&gt;</a>&nbsp;&nbsp;&nbsp;rt_thread_self
</UL>
<BR>[Called By]<UL><LI><a href="#[d]">&gt;&gt;</a>&nbsp;&nbsp;&nbsp;SysTick_Handler
</UL>

<P><STRONG><a name="[f0]"></a>rt_timer_check</STRONG> (Thumb, 160 bytes, Stack size 24 bytes, timer.o(i.rt_timer_check))
<BR><BR>[Stack]<UL><LI>Max Depth = 96<LI>Call Chain = rt_timer_check &rArr; rt_timer_start &rArr; rt_schedule &rArr; rt_schedule_remove_thread
</UL>
<BR>[Calls]<UL><LI><a href="#[b6]">&gt;&gt;</a>&nbsp;&nbsp;&nbsp;rt_hw_interrupt_enable
<LI><a href="#[b2]">&gt;&gt;</a>&nbsp;&nbsp;&nbsp;rt_hw_interrupt_disable
<LI><a href="#[ef]">&gt;&gt;</a>&nbsp;&nbsp;&nbsp;rt_timer_start
<LI><a href="#[f1]">&gt;&gt;</a>&nbsp;&nbsp;&nbsp;rt_tick_get
<LI><a href="#[c1]">&gt;&gt;</a>&nbsp;&nbsp;&nbsp;rt_list_remove
<LI><a href="#[f3]">&gt;&gt;</a>&nbsp;&nbsp;&nbsp;rt_list_isempty
<LI><a href="#[f2]">&gt;&gt;</a>&nbsp;&nbsp;&nbsp;rt_list_insert_after
<LI><a href="#[bf]">&gt;&gt;</a>&nbsp;&nbsp;&nbsp;rt_list_init
<LI><a href="#[c0]">&gt;&gt;</a>&nbsp;&nbsp;&nbsp;_timer_remove
</UL>
<BR>[Called By]<UL><LI><a href="#[a7]">&gt;&gt;</a>&nbsp;&nbsp;&nbsp;rt_tick_increase
</UL>

<P><STRONG><a name="[ee]"></a>rt_timer_control</STRONG> (Thumb, 104 bytes, Stack size 24 bytes, timer.o(i.rt_timer_control))
<BR><BR>[Stack]<UL><LI>Max Depth = 24<LI>Call Chain = rt_timer_control
</UL>
<BR>[Calls]<UL><LI><a href="#[b6]">&gt;&gt;</a>&nbsp;&nbsp;&nbsp;rt_hw_interrupt_enable
<LI><a href="#[b2]">&gt;&gt;</a>&nbsp;&nbsp;&nbsp;rt_hw_interrupt_disable
</UL>
<BR>[Called By]<UL><LI><a href="#[ea]">&gt;&gt;</a>&nbsp;&nbsp;&nbsp;rt_thread_sleep
</UL>

<P><STRONG><a name="[b4]"></a>rt_timer_detach</STRONG> (Thumb, 40 bytes, Stack size 16 bytes, timer.o(i.rt_timer_detach))
<BR><BR>[Stack]<UL><LI>Max Depth = 32<LI>Call Chain = rt_timer_detach &rArr; rt_object_detach
</UL>
<BR>[Calls]<UL><LI><a href="#[b6]">&gt;&gt;</a>&nbsp;&nbsp;&nbsp;rt_hw_interrupt_enable
<LI><a href="#[b2]">&gt;&gt;</a>&nbsp;&nbsp;&nbsp;rt_hw_interrupt_disable
<LI><a href="#[d4]">&gt;&gt;</a>&nbsp;&nbsp;&nbsp;rt_object_detach
<LI><a href="#[c0]">&gt;&gt;</a>&nbsp;&nbsp;&nbsp;_timer_remove
</UL>
<BR>[Called By]<UL><LI><a href="#[82]">&gt;&gt;</a>&nbsp;&nbsp;&nbsp;_thread_exit
</UL>

<P><STRONG><a name="[bb]"></a>rt_timer_init</STRONG> (Thumb, 46 bytes, Stack size 32 bytes, timer.o(i.rt_timer_init))
<BR><BR>[Stack]<UL><LI>Max Depth = 112<LI>Call Chain = rt_timer_init &rArr; rt_object_init &rArr; rt_exit_critical &rArr; rt_schedule &rArr; rt_schedule_remove_thread
</UL>
<BR>[Calls]<UL><LI><a href="#[dd]">&gt;&gt;</a>&nbsp;&nbsp;&nbsp;rt_object_init
<LI><a href="#[be]">&gt;&gt;</a>&nbsp;&nbsp;&nbsp;_timer_init
</UL>
<BR>[Called By]<UL><LI><a href="#[b8]">&gt;&gt;</a>&nbsp;&nbsp;&nbsp;_thread_init
</UL>

<P><STRONG><a name="[ef]"></a>rt_timer_start</STRONG> (Thumb, 240 bytes, Stack size 32 bytes, timer.o(i.rt_timer_start))
<BR><BR>[Stack]<UL><LI>Max Depth = 72<LI>Call Chain = rt_timer_start &rArr; rt_schedule &rArr; rt_schedule_remove_thread
</UL>
<BR>[Calls]<UL><LI><a href="#[b6]">&gt;&gt;</a>&nbsp;&nbsp;&nbsp;rt_hw_interrupt_enable
<LI><a href="#[b2]">&gt;&gt;</a>&nbsp;&nbsp;&nbsp;rt_hw_interrupt_disable
<LI><a href="#[b7]">&gt;&gt;</a>&nbsp;&nbsp;&nbsp;rt_schedule
<LI><a href="#[f1]">&gt;&gt;</a>&nbsp;&nbsp;&nbsp;rt_tick_get
<LI><a href="#[f2]">&gt;&gt;</a>&nbsp;&nbsp;&nbsp;rt_list_insert_after
<LI><a href="#[c0]">&gt;&gt;</a>&nbsp;&nbsp;&nbsp;_timer_remove
</UL>
<BR>[Called By]<UL><LI><a href="#[ea]">&gt;&gt;</a>&nbsp;&nbsp;&nbsp;rt_thread_sleep
<LI><a href="#[f0]">&gt;&gt;</a>&nbsp;&nbsp;&nbsp;rt_timer_check
</UL>

<P><STRONG><a name="[ec]"></a>rt_timer_stop</STRONG> (Thumb, 48 bytes, Stack size 16 bytes, timer.o(i.rt_timer_stop))
<BR><BR>[Stack]<UL><LI>Max Depth = 32<LI>Call Chain = rt_timer_stop &rArr; _timer_remove
</UL>
<BR>[Calls]<UL><LI><a href="#[b6]">&gt;&gt;</a>&nbsp;&nbsp;&nbsp;rt_hw_interrupt_enable
<LI><a href="#[b2]">&gt;&gt;</a>&nbsp;&nbsp;&nbsp;rt_hw_interrupt_disable
<LI><a href="#[c0]">&gt;&gt;</a>&nbsp;&nbsp;&nbsp;_timer_remove
</UL>
<BR>[Called By]<UL><LI><a href="#[ed]">&gt;&gt;</a>&nbsp;&nbsp;&nbsp;rt_thread_suspend
<LI><a href="#[eb]">&gt;&gt;</a>&nbsp;&nbsp;&nbsp;rt_thread_resume
</UL>

<P><STRONG><a name="[db]"></a>rt_vsnprintf</STRONG> (Thumb, 846 bytes, Stack size 88 bytes, kservice.o(i.rt_vsnprintf))
<BR><BR>[Stack]<UL><LI>Max Depth = 160<LI>Call Chain = rt_vsnprintf &rArr; print_number
</UL>
<BR>[Calls]<UL><LI><a href="#[f4]">&gt;&gt;</a>&nbsp;&nbsp;&nbsp;skip_atoi
<LI><a href="#[f5]">&gt;&gt;</a>&nbsp;&nbsp;&nbsp;print_number
</UL>
<BR>[Called By]<UL><LI><a href="#[e4]">&gt;&gt;</a>&nbsp;&nbsp;&nbsp;rt_vsprintf
<LI><a href="#[da]">&gt;&gt;</a>&nbsp;&nbsp;&nbsp;rt_kprintf
</UL>

<P><STRONG><a name="[e4]"></a>rt_vsprintf</STRONG> (Thumb, 22 bytes, Stack size 24 bytes, kservice.o(i.rt_vsprintf))
<BR><BR>[Stack]<UL><LI>Max Depth = 184<LI>Call Chain = rt_vsprintf &rArr; rt_vsnprintf &rArr; print_number
</UL>
<BR>[Calls]<UL><LI><a href="#[db]">&gt;&gt;</a>&nbsp;&nbsp;&nbsp;rt_vsnprintf
</UL>
<BR>[Called By]<UL><LI><a href="#[e3]">&gt;&gt;</a>&nbsp;&nbsp;&nbsp;rt_sprintf
</UL>

<P><STRONG><a name="[a2]"></a>rtthread_startup</STRONG> (Thumb, 42 bytes, Stack size 8 bytes, components.o(i.rtthread_startup))
<BR><BR>[Stack]<UL><LI>Max Depth = 256<LI>Call Chain = rtthread_startup &rArr; rt_thread_idle_init &rArr; rt_thread_init &rArr; _thread_init &rArr; rt_timer_init &rArr; rt_object_init &rArr; rt_exit_critical &rArr; rt_schedule &rArr; rt_schedule_remove_thread
</UL>
<BR>[Calls]<UL><LI><a href="#[b2]">&gt;&gt;</a>&nbsp;&nbsp;&nbsp;rt_hw_interrupt_disable
<LI><a href="#[e8]">&gt;&gt;</a>&nbsp;&nbsp;&nbsp;rt_thread_idle_init
<LI><a href="#[f7]">&gt;&gt;</a>&nbsp;&nbsp;&nbsp;rt_system_timer_thread_init
<LI><a href="#[e7]">&gt;&gt;</a>&nbsp;&nbsp;&nbsp;rt_system_timer_init
<LI><a href="#[e5]">&gt;&gt;</a>&nbsp;&nbsp;&nbsp;rt_system_scheduler_start
<LI><a href="#[f6]">&gt;&gt;</a>&nbsp;&nbsp;&nbsp;rt_system_scheduler_init
<LI><a href="#[e2]">&gt;&gt;</a>&nbsp;&nbsp;&nbsp;rt_show_version
<LI><a href="#[d7]">&gt;&gt;</a>&nbsp;&nbsp;&nbsp;rt_hw_board_init
<LI><a href="#[d1]">&gt;&gt;</a>&nbsp;&nbsp;&nbsp;rt_application_init
</UL>
<BR>[Called By]<UL><LI><a href="#[98]">&gt;&gt;</a>&nbsp;&nbsp;&nbsp;main
</UL>

<P><STRONG><a name="[d0]"></a>sct_restart</STRONG> (Thumb, 34 bytes, Stack size 0 bytes, lpc546xx_sct.o(i.sct_restart))
<BR><BR>[Called By]<UL><LI><a href="#[a5]">&gt;&gt;</a>&nbsp;&nbsp;&nbsp;mt9v032_vsync
</UL>

<P><STRONG><a name="[ce]"></a>uart_query</STRONG> (Thumb, 38 bytes, Stack size 0 bytes, lpc546xx_uart.o(i.uart_query))
<BR><BR>[Called By]<UL><LI><a href="#[a4]">&gt;&gt;</a>&nbsp;&nbsp;&nbsp;mt9v032_cof_uart_interrupt
</UL>

<P><STRONG><a name="[92]"></a>_fp_init</STRONG> (Thumb, 10 bytes, Stack size 0 bytes, fpinit.o(x$fpl$fpinit))
<BR><BR>[Called By]<UL><LI><a href="#[91]">&gt;&gt;</a>&nbsp;&nbsp;&nbsp;__rt_lib_init_fp_1
</UL>

<P><STRONG><a name="[123]"></a>__fplib_config_fpu_vfp</STRONG> (Thumb, 0 bytes, Stack size unknown bytes, fpinit.o(x$fpl$fpinit), UNUSED)

<P><STRONG><a name="[124]"></a>__fplib_config_pureend_doubles</STRONG> (Thumb, 0 bytes, Stack size unknown bytes, fpinit.o(x$fpl$fpinit), UNUSED)
<P>
<H3>
Local Symbols
</H3>
<P><STRONG><a name="[ad]"></a>findPllMMult</STRONG> (Thumb, 26 bytes, Stack size 16 bytes, system_lpc54606.o(i.findPllMMult))
<BR><BR>[Stack]<UL><LI>Max Depth = 28<LI>Call Chain = findPllMMult &rArr; pllDecodeM
</UL>
<BR>[Calls]<UL><LI><a href="#[c2]">&gt;&gt;</a>&nbsp;&nbsp;&nbsp;pllDecodeM
</UL>
<BR>[Called By]<UL><LI><a href="#[a9]">&gt;&gt;</a>&nbsp;&nbsp;&nbsp;SystemCoreClockUpdate
</UL>

<P><STRONG><a name="[ac]"></a>findPllPostDiv</STRONG> (Thumb, 32 bytes, Stack size 16 bytes, system_lpc54606.o(i.findPllPostDiv))
<BR><BR>[Stack]<UL><LI>Max Depth = 28<LI>Call Chain = findPllPostDiv &rArr; pllDecodeP
</UL>
<BR>[Calls]<UL><LI><a href="#[c3]">&gt;&gt;</a>&nbsp;&nbsp;&nbsp;pllDecodeP
</UL>
<BR>[Called By]<UL><LI><a href="#[a9]">&gt;&gt;</a>&nbsp;&nbsp;&nbsp;SystemCoreClockUpdate
</UL>

<P><STRONG><a name="[ab]"></a>findPllPreDiv</STRONG> (Thumb, 32 bytes, Stack size 16 bytes, system_lpc54606.o(i.findPllPreDiv))
<BR><BR>[Stack]<UL><LI>Max Depth = 28<LI>Call Chain = findPllPreDiv &rArr; pllDecodeN
</UL>
<BR>[Calls]<UL><LI><a href="#[c4]">&gt;&gt;</a>&nbsp;&nbsp;&nbsp;pllDecodeN
</UL>
<BR>[Called By]<UL><LI><a href="#[a9]">&gt;&gt;</a>&nbsp;&nbsp;&nbsp;SystemCoreClockUpdate
</UL>

<P><STRONG><a name="[aa]"></a>getWdtOscFreq</STRONG> (Thumb, 50 bytes, Stack size 0 bytes, system_lpc54606.o(i.getWdtOscFreq))
<BR><BR>[Called By]<UL><LI><a href="#[a9]">&gt;&gt;</a>&nbsp;&nbsp;&nbsp;SystemCoreClockUpdate
</UL>

<P><STRONG><a name="[c2]"></a>pllDecodeM</STRONG> (Thumb, 90 bytes, Stack size 12 bytes, system_lpc54606.o(i.pllDecodeM))
<BR><BR>[Stack]<UL><LI>Max Depth = 12<LI>Call Chain = pllDecodeM
</UL>
<BR>[Called By]<UL><LI><a href="#[ad]">&gt;&gt;</a>&nbsp;&nbsp;&nbsp;findPllMMult
</UL>

<P><STRONG><a name="[c4]"></a>pllDecodeN</STRONG> (Thumb, 92 bytes, Stack size 12 bytes, system_lpc54606.o(i.pllDecodeN))
<BR><BR>[Stack]<UL><LI>Max Depth = 12<LI>Call Chain = pllDecodeN
</UL>
<BR>[Called By]<UL><LI><a href="#[ab]">&gt;&gt;</a>&nbsp;&nbsp;&nbsp;findPllPreDiv
</UL>

<P><STRONG><a name="[c3]"></a>pllDecodeP</STRONG> (Thumb, 78 bytes, Stack size 12 bytes, system_lpc54606.o(i.pllDecodeP))
<BR><BR>[Stack]<UL><LI>Max Depth = 12<LI>Call Chain = pllDecodeP
</UL>
<BR>[Called By]<UL><LI><a href="#[ac]">&gt;&gt;</a>&nbsp;&nbsp;&nbsp;findPllPostDiv
</UL>

<P><STRONG><a name="[84]"></a>led0_thread_entry</STRONG> (Thumb, 32 bytes, Stack size 0 bytes, main.o(i.led0_thread_entry))
<BR><BR>[Stack]<UL><LI>Max Depth = 104<LI>Call Chain = led0_thread_entry &rArr; rt_thread_mdelay &rArr; rt_thread_sleep &rArr; rt_timer_start &rArr; rt_schedule &rArr; rt_schedule_remove_thread
</UL>
<BR>[Calls]<UL><LI><a href="#[c8]">&gt;&gt;</a>&nbsp;&nbsp;&nbsp;gpio_set
<LI><a href="#[c9]">&gt;&gt;</a>&nbsp;&nbsp;&nbsp;rt_thread_mdelay
</UL>
<BR>[Address Reference Count : 1]<UL><LI> main.o(i.main)
</UL>
<P><STRONG><a name="[85]"></a>led1_thread_entry</STRONG> (Thumb, 36 bytes, Stack size 0 bytes, main.o(i.led1_thread_entry))
<BR><BR>[Stack]<UL><LI>Max Depth = 104<LI>Call Chain = led1_thread_entry &rArr; rt_thread_mdelay &rArr; rt_thread_sleep &rArr; rt_timer_start &rArr; rt_schedule &rArr; rt_schedule_remove_thread
</UL>
<BR>[Calls]<UL><LI><a href="#[c8]">&gt;&gt;</a>&nbsp;&nbsp;&nbsp;gpio_set
<LI><a href="#[c9]">&gt;&gt;</a>&nbsp;&nbsp;&nbsp;rt_thread_mdelay
</UL>
<BR>[Address Reference Count : 1]<UL><LI> main.o(i.main)
</UL>
<P><STRONG><a name="[cf]"></a>dma_reload</STRONG> (Thumb, 84 bytes, Stack size 12 bytes, seekfree_mt9v032.o(i.dma_reload))
<BR><BR>[Stack]<UL><LI>Max Depth = 12<LI>Call Chain = dma_reload
</UL>
<BR>[Called By]<UL><LI><a href="#[a5]">&gt;&gt;</a>&nbsp;&nbsp;&nbsp;mt9v032_vsync
<LI><a href="#[a3]">&gt;&gt;</a>&nbsp;&nbsp;&nbsp;mt9v032_dma
</UL>

<P><STRONG><a name="[8a]"></a>rti_board_end</STRONG> (Thumb, 4 bytes, Stack size 0 bytes, components.o(i.rti_board_end))
<BR>[Address Reference Count : 1]<UL><LI> components.o(.rti_fn.1.end)
</UL>
<P><STRONG><a name="[89]"></a>rti_board_start</STRONG> (Thumb, 4 bytes, Stack size 0 bytes, components.o(i.rti_board_start))
<BR>[Address Reference Count : 1]<UL><LI> components.o(.rti_fn.0.end)
</UL>
<P><STRONG><a name="[8b]"></a>rti_end</STRONG> (Thumb, 4 bytes, Stack size 0 bytes, components.o(i.rti_end))
<BR>[Address Reference Count : 1]<UL><LI> components.o(.rti_fn.6.end)
</UL>
<P><STRONG><a name="[88]"></a>rti_start</STRONG> (Thumb, 4 bytes, Stack size 0 bytes, components.o(i.rti_start))
<BR>[Address Reference Count : 1]<UL><LI> components.o(.rti_fn.0)
</UL>
<P><STRONG><a name="[87]"></a>idle_thread_entry</STRONG> (Thumb, 8 bytes, Stack size 0 bytes, idle.o(i.idle_thread_entry))
<BR><BR>[Stack]<UL><LI>Max Depth = 32<LI>Call Chain = idle_thread_entry &rArr; rt_defunct_execute &rArr; rt_object_detach
</UL>
<BR>[Calls]<UL><LI><a href="#[c7]">&gt;&gt;</a>&nbsp;&nbsp;&nbsp;rt_defunct_execute
</UL>
<BR>[Address Reference Count : 1]<UL><LI> idle.o(i.rt_thread_idle_init)
</UL>
<P><STRONG><a name="[c7]"></a>rt_defunct_execute</STRONG> (Thumb, 48 bytes, Stack size 16 bytes, idle.o(i.rt_defunct_execute))
<BR><BR>[Stack]<UL><LI>Max Depth = 32<LI>Call Chain = rt_defunct_execute &rArr; rt_object_detach
</UL>
<BR>[Calls]<UL><LI><a href="#[d3]">&gt;&gt;</a>&nbsp;&nbsp;&nbsp;rt_object_is_systemobject
<LI><a href="#[d4]">&gt;&gt;</a>&nbsp;&nbsp;&nbsp;rt_object_detach
<LI><a href="#[d2]">&gt;&gt;</a>&nbsp;&nbsp;&nbsp;rt_thread_defunct_dequeue
</UL>
<BR>[Called By]<UL><LI><a href="#[87]">&gt;&gt;</a>&nbsp;&nbsp;&nbsp;idle_thread_entry
</UL>

<P><STRONG><a name="[f5]"></a>print_number</STRONG> (Thumb, 396 bytes, Stack size 72 bytes, kservice.o(i.print_number))
<BR><BR>[Stack]<UL><LI>Max Depth = 72<LI>Call Chain = print_number
</UL>
<BR>[Called By]<UL><LI><a href="#[db]">&gt;&gt;</a>&nbsp;&nbsp;&nbsp;rt_vsnprintf
</UL>

<P><STRONG><a name="[f4]"></a>skip_atoi</STRONG> (Thumb, 42 bytes, Stack size 0 bytes, kservice.o(i.skip_atoi))
<BR><BR>[Called By]<UL><LI><a href="#[db]">&gt;&gt;</a>&nbsp;&nbsp;&nbsp;rt_vsnprintf
</UL>

<P><STRONG><a name="[af]"></a>_scheduler_get_highest_priority_thread</STRONG> (Thumb, 30 bytes, Stack size 16 bytes, scheduler.o(i._scheduler_get_highest_priority_thread))
<BR><BR>[Stack]<UL><LI>Max Depth = 16<LI>Call Chain = _scheduler_get_highest_priority_thread
</UL>
<BR>[Calls]<UL><LI><a href="#[b0]">&gt;&gt;</a>&nbsp;&nbsp;&nbsp;__rt_ffs
</UL>
<BR>[Called By]<UL><LI><a href="#[e5]">&gt;&gt;</a>&nbsp;&nbsp;&nbsp;rt_system_scheduler_start
<LI><a href="#[b7]">&gt;&gt;</a>&nbsp;&nbsp;&nbsp;rt_schedule
</UL>

<P><STRONG><a name="[82]"></a>_thread_exit</STRONG> (Thumb, 52 bytes, Stack size 16 bytes, thread.o(i._thread_exit))
<BR><BR>[Stack]<UL><LI>Max Depth = 56<LI>Call Chain = _thread_exit &rArr; rt_schedule &rArr; rt_schedule_remove_thread
</UL>
<BR>[Calls]<UL><LI><a href="#[b6]">&gt;&gt;</a>&nbsp;&nbsp;&nbsp;rt_hw_interrupt_enable
<LI><a href="#[b2]">&gt;&gt;</a>&nbsp;&nbsp;&nbsp;rt_hw_interrupt_disable
<LI><a href="#[b4]">&gt;&gt;</a>&nbsp;&nbsp;&nbsp;rt_timer_detach
<LI><a href="#[b3]">&gt;&gt;</a>&nbsp;&nbsp;&nbsp;rt_schedule_remove_thread
<LI><a href="#[b5]">&gt;&gt;</a>&nbsp;&nbsp;&nbsp;rt_thread_defunct_enqueue
<LI><a href="#[b7]">&gt;&gt;</a>&nbsp;&nbsp;&nbsp;rt_schedule
<LI><a href="#[b1]">&gt;&gt;</a>&nbsp;&nbsp;&nbsp;rt_thread_self
</UL>
<BR>[Address Reference Count : 1]<UL><LI> thread.o(i._thread_init)
</UL>
<P><STRONG><a name="[b8]"></a>_thread_init</STRONG> (Thumb, 120 bytes, Stack size 48 bytes, thread.o(i._thread_init))
<BR><BR>[Stack]<UL><LI>Max Depth = 160<LI>Call Chain = _thread_init &rArr; rt_timer_init &rArr; rt_object_init &rArr; rt_exit_critical &rArr; rt_schedule &rArr; rt_schedule_remove_thread
</UL>
<BR>[Calls]<UL><LI><a href="#[bb]">&gt;&gt;</a>&nbsp;&nbsp;&nbsp;rt_timer_init
<LI><a href="#[b9]">&gt;&gt;</a>&nbsp;&nbsp;&nbsp;rt_memset
<LI><a href="#[ba]">&gt;&gt;</a>&nbsp;&nbsp;&nbsp;rt_hw_stack_init
</UL>
<BR>[Called By]<UL><LI><a href="#[cb]">&gt;&gt;</a>&nbsp;&nbsp;&nbsp;rt_thread_init
</UL>

<P><STRONG><a name="[83]"></a>_thread_timeout</STRONG> (Thumb, 44 bytes, Stack size 16 bytes, thread.o(i._thread_timeout))
<BR><BR>[Stack]<UL><LI>Max Depth = 56<LI>Call Chain = _thread_timeout &rArr; rt_schedule &rArr; rt_schedule_remove_thread
</UL>
<BR>[Calls]<UL><LI><a href="#[b6]">&gt;&gt;</a>&nbsp;&nbsp;&nbsp;rt_hw_interrupt_enable
<LI><a href="#[b2]">&gt;&gt;</a>&nbsp;&nbsp;&nbsp;rt_hw_interrupt_disable
<LI><a href="#[bc]">&gt;&gt;</a>&nbsp;&nbsp;&nbsp;rt_list_remove
<LI><a href="#[bd]">&gt;&gt;</a>&nbsp;&nbsp;&nbsp;rt_schedule_insert_thread
<LI><a href="#[b7]">&gt;&gt;</a>&nbsp;&nbsp;&nbsp;rt_schedule
</UL>
<BR>[Address Reference Count : 1]<UL><LI> thread.o(i._thread_init)
</UL>
<P><STRONG><a name="[bc]"></a>rt_list_remove</STRONG> (Thumb, 18 bytes, Stack size 0 bytes, thread.o(i.rt_list_remove))
<BR><BR>[Called By]<UL><LI><a href="#[83]">&gt;&gt;</a>&nbsp;&nbsp;&nbsp;_thread_timeout
<LI><a href="#[eb]">&gt;&gt;</a>&nbsp;&nbsp;&nbsp;rt_thread_resume
</UL>

<P><STRONG><a name="[be]"></a>_timer_init</STRONG> (Thumb, 66 bytes, Stack size 32 bytes, timer.o(i._timer_init))
<BR><BR>[Stack]<UL><LI>Max Depth = 32<LI>Call Chain = _timer_init
</UL>
<BR>[Calls]<UL><LI><a href="#[bf]">&gt;&gt;</a>&nbsp;&nbsp;&nbsp;rt_list_init
</UL>
<BR>[Called By]<UL><LI><a href="#[bb]">&gt;&gt;</a>&nbsp;&nbsp;&nbsp;rt_timer_init
</UL>

<P><STRONG><a name="[c0]"></a>_timer_remove</STRONG> (Thumb, 28 bytes, Stack size 16 bytes, timer.o(i._timer_remove))
<BR><BR>[Stack]<UL><LI>Max Depth = 16<LI>Call Chain = _timer_remove
</UL>
<BR>[Calls]<UL><LI><a href="#[c1]">&gt;&gt;</a>&nbsp;&nbsp;&nbsp;rt_list_remove
</UL>
<BR>[Called By]<UL><LI><a href="#[ec]">&gt;&gt;</a>&nbsp;&nbsp;&nbsp;rt_timer_stop
<LI><a href="#[b4]">&gt;&gt;</a>&nbsp;&nbsp;&nbsp;rt_timer_detach
<LI><a href="#[ef]">&gt;&gt;</a>&nbsp;&nbsp;&nbsp;rt_timer_start
<LI><a href="#[f0]">&gt;&gt;</a>&nbsp;&nbsp;&nbsp;rt_timer_check
</UL>

<P><STRONG><a name="[bf]"></a>rt_list_init</STRONG> (Thumb, 6 bytes, Stack size 0 bytes, timer.o(i.rt_list_init))
<BR><BR>[Called By]<UL><LI><a href="#[e7]">&gt;&gt;</a>&nbsp;&nbsp;&nbsp;rt_system_timer_init
<LI><a href="#[f0]">&gt;&gt;</a>&nbsp;&nbsp;&nbsp;rt_timer_check
<LI><a href="#[be]">&gt;&gt;</a>&nbsp;&nbsp;&nbsp;_timer_init
</UL>

<P><STRONG><a name="[f2]"></a>rt_list_insert_after</STRONG> (Thumb, 14 bytes, Stack size 0 bytes, timer.o(i.rt_list_insert_after))
<BR><BR>[Called By]<UL><LI><a href="#[ef]">&gt;&gt;</a>&nbsp;&nbsp;&nbsp;rt_timer_start
<LI><a href="#[f0]">&gt;&gt;</a>&nbsp;&nbsp;&nbsp;rt_timer_check
</UL>

<P><STRONG><a name="[f3]"></a>rt_list_isempty</STRONG> (Thumb, 16 bytes, Stack size 0 bytes, timer.o(i.rt_list_isempty))
<BR><BR>[Called By]<UL><LI><a href="#[f0]">&gt;&gt;</a>&nbsp;&nbsp;&nbsp;rt_timer_check
</UL>

<P><STRONG><a name="[c1]"></a>rt_list_remove</STRONG> (Thumb, 18 bytes, Stack size 0 bytes, timer.o(i.rt_list_remove))
<BR><BR>[Called By]<UL><LI><a href="#[f0]">&gt;&gt;</a>&nbsp;&nbsp;&nbsp;rt_timer_check
<LI><a href="#[c0]">&gt;&gt;</a>&nbsp;&nbsp;&nbsp;_timer_remove
</UL>

<P><STRONG><a name="[d8]"></a>_SysTick_Config</STRONG> (Thumb, 44 bytes, Stack size 0 bytes, board.o(i._SysTick_Config))
<BR><BR>[Called By]<UL><LI><a href="#[d7]">&gt;&gt;</a>&nbsp;&nbsp;&nbsp;rt_hw_board_init
</UL>
<P>
<H3>
Undefined Global Symbols
</H3><HR></body></html>
