Component: ARM Compiler 5.05 update 1 (build 106) Tool: armlink [4d0efa]

==============================================================================

Section Cross References

    startup_lpc54606.o(STACK) refers (Special) to heapauxi.o(.text) for __use_two_region_memory
    startup_lpc54606.o(HEAP) refers (Special) to heapauxi.o(.text) for __use_two_region_memory
    startup_lpc54606.o(RESET) refers (Special) to heapauxi.o(.text) for __use_two_region_memory
    startup_lpc54606.o(RESET) refers to startup_lpc54606.o(STACK) for __initial_sp
    startup_lpc54606.o(RESET) refers to startup_lpc54606.o(.text) for Reset_Handler
    startup_lpc54606.o(RESET) refers to context_rvds.o(.text) for HardFault_Handler
    startup_lpc54606.o(RESET) refers to board.o(i.SysTick_Handler) for SysTick_Handler
    startup_lpc54606.o(.text) refers (Special) to heapauxi.o(.text) for __use_two_region_memory
    startup_lpc54606.o(.text) refers to system_lpc54606.o(i.SystemInit) for SystemInit
    startup_lpc54606.o(.text) refers to __main.o(!!!main) for __main
    startup_lpc54606.o(.text) refers to isr.o(i.DMA0_DriverIRQHandler) for DMA0_DriverIRQHandler
    startup_lpc54606.o(.text) refers to isr.o(i.GINT0_DriverIRQHandler) for GINT0_DriverIRQHandler
    startup_lpc54606.o(.text) refers to isr.o(i.MRT0_DriverIRQHandler) for MRT0_DriverIRQHandler
    startup_lpc54606.o(.text) refers to isr.o(i.FLEXCOMM0_DriverIRQHandler) for FLEXCOMM0_DriverIRQHandler
    startup_lpc54606.o(.text) refers to isr.o(i.FLEXCOMM5_DriverIRQHandler) for FLEXCOMM5_DriverIRQHandler
    startup_lpc54606.o(.text) refers to isr.o(i.PIN_INT7_DriverIRQHandler) for PIN_INT7_DriverIRQHandler
    startup_lpc54606.o(.text) refers to isr.o(i.RIT_DriverIRQHandler) for RIT_DriverIRQHandler
    startup_lpc54606.o(.text) refers to startup_lpc54606.o(HEAP) for Heap_Mem
    startup_lpc54606.o(.text) refers to startup_lpc54606.o(STACK) for Stack_Mem
    system_lpc54606.o(i.SystemCoreClockUpdate) refers to system_lpc54606.o(i.getWdtOscFreq) for getWdtOscFreq
    system_lpc54606.o(i.SystemCoreClockUpdate) refers to system_lpc54606.o(i.findPllPreDiv) for findPllPreDiv
    system_lpc54606.o(i.SystemCoreClockUpdate) refers to system_lpc54606.o(i.findPllPostDiv) for findPllPostDiv
    system_lpc54606.o(i.SystemCoreClockUpdate) refers to system_lpc54606.o(i.findPllMMult) for findPllMMult
    system_lpc54606.o(i.SystemCoreClockUpdate) refers to lludivv7m.o(.text) for __aeabi_uldivmod
    system_lpc54606.o(i.SystemCoreClockUpdate) refers to system_lpc54606.o(.data) for SystemCoreClock
    system_lpc54606.o(i.SystemInit) refers to startup_lpc54606.o(RESET) for __Vectors
    system_lpc54606.o(i.findPllMMult) refers to system_lpc54606.o(i.pllDecodeM) for pllDecodeM
    system_lpc54606.o(i.findPllPostDiv) refers to system_lpc54606.o(i.pllDecodeP) for pllDecodeP
    system_lpc54606.o(i.findPllPreDiv) refers to system_lpc54606.o(i.pllDecodeN) for pllDecodeN
    system_lpc54606.o(i.getWdtOscFreq) refers to system_lpc54606.o(.constdata) for wdtFreqLookup
    lpc546xx_adc.o(i.adc_init) refers to lpc546xx_systick.o(i.systick_delay) for systick_delay
    lpc546xx_adc.o(i.adc_init) refers to lpc546xx_adc.o(i.adc_mux) for adc_mux
    lpc546xx_adc.o(i.adc_init) refers to lpc546xx_pll.o(.data) for main_clk_mhz
    lpc546xx_adc.o(i.adc_mux) refers to lpc546xx_iocon.o(i.iocon_init) for iocon_init
    lpc546xx_ctimer.o(i.ctimer_count_clean) refers to lpc546xx_ctimer.o(.data) for TIMERN
    lpc546xx_ctimer.o(i.ctimer_count_init) refers to lpc546xx_ctimer.o(i.ctimer_clock) for ctimer_clock
    lpc546xx_ctimer.o(i.ctimer_count_init) refers to lpc546xx_ctimer.o(i.ctimer_countmux) for ctimer_countmux
    lpc546xx_ctimer.o(i.ctimer_count_init) refers to lpc546xx_ctimer.o(.data) for TIMERN
    lpc546xx_ctimer.o(i.ctimer_count_read) refers to lpc546xx_ctimer.o(.data) for TIMERN
    lpc546xx_ctimer.o(i.ctimer_countmux) refers to lpc546xx_iocon.o(i.iocon_init) for iocon_init
    lpc546xx_ctimer.o(i.ctimer_pwm_duty) refers to llsdiv.o(.text) for __aeabi_ldivmod
    lpc546xx_ctimer.o(i.ctimer_pwm_duty) refers to lpc546xx_ctimer.o(.constdata) for duty_max
    lpc546xx_ctimer.o(i.ctimer_pwm_duty) refers to lpc546xx_ctimer.o(.data) for TIMERN
    lpc546xx_ctimer.o(i.ctimer_pwm_freq) refers to lpc546xx_pll.o(.data) for main_clk_mhz
    lpc546xx_ctimer.o(i.ctimer_pwm_freq) refers to lpc546xx_ctimer.o(.data) for TIMERN
    lpc546xx_ctimer.o(i.ctimer_pwm_freq) refers to lpc546xx_ctimer.o(.constdata) for period_ch
    lpc546xx_ctimer.o(i.ctimer_pwm_init) refers to lpc546xx_ctimer.o(i.ctimer_clock) for ctimer_clock
    lpc546xx_ctimer.o(i.ctimer_pwm_init) refers to lpc546xx_ctimer.o(i.ctimer_pwmmux) for ctimer_pwmmux
    lpc546xx_ctimer.o(i.ctimer_pwm_init) refers to llsdiv.o(.text) for __aeabi_ldivmod
    lpc546xx_ctimer.o(i.ctimer_pwm_init) refers to lpc546xx_pll.o(.data) for main_clk_mhz
[...]
    ../fplib/dretinf.s                       0x00000000   Number         0  dretinf.o ABSOLUTE
    ../fplib/drleqf.s                        0x00000000   Number         0  drleqf.o ABSOLUTE
    ../fplib/fpinit.s                        0x00000000   Number         0  fpinit.o ABSOLUTE
    ../fplib/istatus.s                       0x00000000   Number         0  istatus.o ABSOLUTE
    ../fplib/printf1.s                       0x00000000   Number         0  printf1.o ABSOLUTE
    ../fplib/usenofp.s                       0x00000000   Number         0  usenofp.o ABSOLUTE
    ../mathlib/fpclassify.c                  0x00000000   Number         0  fpclassify.o ABSOLUTE
    ..\..\Libraries\drives\common\SEEKFREE_PRINTF.c 0x00000000   Number         0  seekfree_printf.o ABSOLUTE
    ..\..\Libraries\drives\common\assert.c   0x00000000   Number         0  assert.o ABSOLUTE
    ..\..\Libraries\drives\common\common.c   0x00000000   Number         0  common.o ABSOLUTE
    ..\..\Libraries\drives\common\misc.c     0x00000000   Number         0  misc.o ABSOLUTE
    ..\..\Libraries\drives\src\LPC546XX_adc.c 0x00000000   Number         0  lpc546xx_adc.o ABSOLUTE
    ..\..\Libraries\drives\src\LPC546XX_ctimer.c 0x00000000   Number         0  lpc546xx_ctimer.o ABSOLUTE
    ..\..\Libraries\drives\src\LPC546XX_dma.c 0x00000000   Number         0  lpc546xx_dma.o ABSOLUTE
    ..\..\Libraries\drives\src\LPC546XX_eeprom.c 0x00000000   Number         0  lpc546xx_eeprom.o ABSOLUTE
    ..\..\Libraries\drives\src\LPC546XX_flexcomm.c 0x00000000   Number         0  lpc546xx_flexcomm.o ABSOLUTE
    ..\..\Libraries\drives\src\LPC546XX_gint.c 0x00000000   Number         0  lpc546xx_gint.o ABSOLUTE
    ..\..\Libraries\drives\src\LPC546XX_gpio.c 0x00000000   Number         0  lpc546xx_gpio.o ABSOLUTE
    ..\..\Libraries\drives\src\LPC546XX_iic.c 0x00000000   Number         0  lpc546xx_iic.o ABSOLUTE
    ..\..\Libraries\drives\src\LPC546XX_iocon.c 0x00000000   Number         0  lpc546xx_iocon.o ABSOLUTE
    ..\..\Libraries\drives\src\LPC546XX_mrt.c 0x00000000   Number         0  lpc546xx_mrt.o ABSOLUTE
    ..\..\Libraries\drives\src\LPC546XX_pint.c 0x00000000   Number         0  lpc546xx_pint.o ABSOLUTE
    ..\..\Libraries\drives\src\LPC546XX_pit.c 0x00000000   Number         0  lpc546xx_pit.o ABSOLUTE
    ..\..\Libraries\drives\src\LPC546XX_pll.c 0x00000000   Number         0  lpc546xx_pll.o ABSOLUTE
    ..\..\Libraries\drives\src\LPC546XX_sct.c 0x00000000   Number         0  lpc546xx_sct.o ABSOLUTE
    ..\..\Libraries\drives\src\LPC546XX_spi.c 0x00000000   Number         0  lpc546xx_spi.o ABSOLUTE
    ..\..\Libraries\drives\src\LPC546XX_systick.c 0x00000000   Number         0  lpc546xx_systick.o ABSOLUTE
    ..\..\Libraries\drives\src\LPC546XX_uart.c 0x00000000   Number         0  lpc546xx_uart.o ABSOLUTE
    ..\..\Libraries\seekfree\SEEKFREE_18TFT.c 0x00000000   Number         0  seekfree_18tft.o ABSOLUTE
    ..\..\Libraries\seekfree\SEEKFREE_7725.c 0x00000000   Number         0  seekfree_7725.o ABSOLUTE
    ..\..\Libraries\seekfree\SEEKFREE_FONT.c 0x00000000   Number         0  seekfree_font.o ABSOLUTE
    ..\..\Libraries\seekfree\SEEKFREE_FUN.c  0x00000000   Number         0  seekfree_fun.o ABSOLUTE
    ..\..\Libraries\seekfree\SEEKFREE_ICM20602.c 0x00000000   Number         0  seekfree_icm20602.o ABSOLUTE
    ..\..\Libraries\seekfree\SEEKFREE_IIC.c  0x00000000   Number         0  seekfree_iic.o ABSOLUTE
    ..\..\Libraries\seekfree\SEEKFREE_L3G4200D.c 0x00000000   Number         0  seekfree_l3g4200d.o ABSOLUTE
    ..\..\Libraries\seekfree\SEEKFREE_MMA8451.c 0x00000000   Number         0  seekfree_mma8451.o ABSOLUTE
    ..\..\Libraries\seekfree\SEEKFREE_MPU6050.c 0x00000000   Number         0  seekfree_mpu6050.o ABSOLUTE
    ..\..\Libraries\seekfree\SEEKFREE_MT9V032.c 0x00000000   Number         0  seekfree_mt9v032.o ABSOLUTE
    ..\..\Libraries\seekfree\SEEKFREE_NRF24L01.c 0x00000000   Number         0  seekfree_nrf24l01.o ABSOLUTE
    ..\..\Libraries\seekfree\SEEKFREE_OLED.c 0x00000000   Number         0  seekfree_oled.o ABSOLUTE
    ..\..\Libraries\seekfree\SEEKFREE_VIRSCO.c 0x00000000   Number         0  seekfree_virsco.o ABSOLUTE
    ..\..\Libraries\startup\DeviceSupport\MDK-ARM\startup_LPC54606.s 0x00000000   Number         0  startup_lpc54606.o ABSOLUTE
    ..\..\Libraries\startup\DeviceSupport\system_LPC54606.c 0x00000000   Number         0  system_lpc54606.o ABSOLUTE
    ..\..\Rtt\libcpu\arm\cortex-m4\context_rvds.S 0x00000000   Number         0  context_rvds.o ABSOLUTE
    ..\..\Rtt\libcpu\arm\cortex-m4\cpuport.c 0x00000000   Number         0  cpuport.o ABSOLUTE
    ..\..\Rtt\src\board.c                    0x00000000   Number         0  board.o ABSOLUTE
    ..\..\Rtt\src\clock.c                    0x00000000   Number         0  clock.o ABSOLUTE
    ..\..\Rtt\src\components.c               0x00000000   Number         0  components.o ABSOLUTE
    ..\..\Rtt\src\cpu.c                      0x00000000   Number         0  cpu.o ABSOLUTE
    ..\..\Rtt\src\device.c                   0x00000000   Number         0  device.o ABSOLUTE
    ..\..\Rtt\src\idle.c                     0x00000000   Number         0  idle.o ABSOLUTE
    ..\..\Rtt\src\ipc.c                      0x00000000   Number         0  ipc.o ABSOLUTE
    ..\..\Rtt\src\irq.c                      0x00000000   Number         0  irq.o ABSOLUTE
    ..\..\Rtt\src\kservice.c                 0x00000000   Number         0  kservice.o ABSOLUTE
    ..\..\Rtt\src\mem.c                      0x00000000   Number         0  mem.o ABSOLUTE
    ..\..\Rtt\src\memheap.c                  0x00000000   Number         0  memheap.o ABSOLUTE
    ..\..\Rtt\src\mempool.c                  0x00000000   Number         0  mempool.o ABSOLUTE
    ..\..\Rtt\src\object.c                   0x00000000   Number         0  object.o ABSOLUTE
    ..\..\Rtt\src\scheduler.c                0x00000000   Number         0  scheduler.o ABSOLUTE
    ..\..\Rtt\src\signal.c                   0x00000000   Number         0  signal.o ABSOLUTE
    ..\..\Rtt\src\slab.c                     0x00000000   Number         0  slab.o ABSOLUTE
    ..\..\Rtt\src\thread.c                   0x00000000   Number         0  thread.o ABSOLUTE
    ..\..\Rtt\src\timer.c                    0x00000000   Number         0  timer.o ABSOLUTE
    ..\USER\src\isr.c                        0x00000000   Number         0  isr.o ABSOLUTE
    ..\USER\src\main.c                       0x00000000   Number         0  main.o ABSOLUTE
    ..\\..\\Libraries\\drives\\common\\SEEKFREE_PRINTF.c 0x00000000   Number         0  seekfree_printf.o ABSOLUTE
    ..\\..\\Libraries\\drives\\common\\assert.c 0x00000000   Number         0  assert.o ABSOLUTE
    ..\\..\\Libraries\\drives\\common\\common.c 0x00000000   Number         0  common.o ABSOLUTE
    ..\\..\\Libraries\\drives\\common\\misc.c 0x00000000   Number         0  misc.o ABSOLUTE
    ..\\..\\Libraries\\drives\\src\\LPC546XX_adc.c 0x00000000   Number         0  lpc546xx_adc.o ABSOLUTE
    ..\\..\\Libraries\\drives\\src\\LPC546XX_ctimer.c 0x00000000   Number         0  lpc546xx_ctimer.o ABSOLUTE
    ..\\..\\Libraries\\drives\\src\\LPC546XX_dma.c 0x00000000   Number         0  lpc546xx_dma.o ABSOLUTE
    ..\\..\\Libraries\\drives\\src\\LPC546XX_eeprom.c 0x00000000   Number         0  lpc546xx_eeprom.o ABSOLUTE
    ..\\..\\Libraries\\drives\\src\\LPC546XX_flexcomm.c 0x00000000   Number         0  lpc546xx_flexcomm.o ABSOLUTE
    ..\\..\\Libraries\\drives\\src\\LPC546XX_gint.c 0x00000000   Number         0  lpc546xx_gint.o ABSOLUTE
    ..\\..\\Libraries\\drives\\src\\LPC546XX_gpio.c 0x00000000   Number         0  lpc546xx_gpio.o ABSOLUTE
    ..\\..\\Libraries\\drives\\src\\LPC546XX_iic.c 0x00000000   Number         0  lpc546xx_iic.o ABSOLUTE
    ..\\..\\Libraries\\drives\\src\\LPC546XX_iocon.c 0x00000000   Number         0  lpc546xx_iocon.o ABSOLUTE
    ..\\..\\Libraries\\drives\\src\\LPC546XX_mrt.c 0x00000000   Number         0  lpc546xx_mrt.o ABSOLUTE
    ..\\..\\Libraries\\drives\\src\\LPC546XX_pint.c 0x00000000   Number         0  lpc546xx_pint.o ABSOLUTE
    ..\\..\\Libraries\\drives\\src\\LPC546XX_pit.c 0x00000000   Number         0  lpc546xx_pit.o ABSOLUTE
    ..\\..\\Libraries\\drives\\src\\LPC546XX_pll.c 0x00000000   Number         0  lpc546xx_pll.o ABSOLUTE
    ..\\..\\Libraries\\drives\\src\\LPC546XX_sct.c 0x00000000   Number         0  lpc546xx_sct.o ABSOLUTE
    ..\\..\\Libraries\\drives\\src\\LPC546XX_spi.c 0x00000000   Number         0  lpc546xx_spi.o ABSOLUTE
    ..\\..\\Libraries\\drives\\src\\LPC546XX_systick.c 0x00000000   Number         0  lpc546xx_systick.o ABSOLUTE
    ..\\..\\Libraries\\drives\\src\\LPC546XX_uart.c 0x00000000   Number         0  lpc546xx_uart.o ABSOLUTE
    ..\\..\\Libraries\\seekfree\\SEEKFREE_18TFT.c 0x00000000   Number         0  seekfree_18tft.o ABSOLUTE
    ..\\..\\Libraries\\seekfree\\SEEKFREE_7725.c 0x00000000   Number         0  seekfree_7725.o ABSOLUTE
    ..\\..\\Libraries\\seekfree\\SEEKFREE_FONT.c 0x00000000   Number         0  seekfree_font.o ABSOLUTE
    ..\\..\\Libraries\\seekfree\\SEEKFREE_FUN.c 0x00000000   Number         0  seekfree_fun.o ABSOLUTE
    ..\\..\\Libraries\\seekfree\\SEEKFREE_ICM20602.c 0x00000000   Number         0  seekfree_icm20602.o ABSOLUTE
    ..\\..\\Libraries\\seekfree\\SEEKFREE_IIC.c 0x00000000   Number         0  seekfree_iic.o ABSOLUTE
    ..\\..\\Libraries\\seekfree\\SEEKFREE_L3G4200D.c 0x00000000   Number         0  seekfree_l3g4200d.o ABSOLUTE
    ..\\..\\Libraries\\seekfree\\SEEKFREE_MMA8451.c 0x00000000   Number         0  seekfree_mma8451.o ABSOLUTE
    ..\\..\\Libraries\\seekfree\\SEEKFREE_MPU6050.c 0x00000000   Number         0  seekfree_mpu6050.o ABSOLUTE
    ..\\..\\Libraries\\seekfree\\SEEKFREE_MT9V032.c 0x00000000   Number         0  seekfree_mt9v032.o ABSOLUTE
    ..\\..\\Libraries\\seekfree\\SEEKFREE_NRF24L01.c 0x00000000   Number         0  seekfree_nrf24l01.o ABSOLUTE
    ..\\..\\Libraries\\seekfree\\SEEKFREE_OLED.c 0x00000000   Number         0  seekfree_oled.o ABSOLUTE
    ..\\..\\Libraries\\seekfree\\SEEKFREE_VIRSCO.c 0x00000000   Number         0  seekfree_virsco.o ABSOLUTE
    ..\\..\\Libraries\\startup\\DeviceSupport\\system_LPC54606.c 0x00000000   Number         0  system_lpc54606.o ABSOLUTE
    ..\\USER\\src\\isr.c                     0x00000000   Number         0  isr.o ABSOLUTE
    ..\\USER\\src\\main.c                    0x00000000   Number         0  main.o ABSOLUTE
    dc.s                                     0x00000000   Number         0  dc.o ABSOLUTE
    !!!main                                  0x00000124   Section        8  __main.o(!!!main)
    !!!scatter                               0x0000012c   Section       52  __scatter.o(!!!scatter)
    !!handler_copy                           0x00000160   Section       26  __scatter_copy.o(!!handler_copy)
    !!handler_zi                             0x0000017c   Section       28  __scatter_zi.o(!!handler_zi)
    .ARM.Collect$$libinit$$00000000          0x00000198   Section        2  libinit.o(.ARM.Collect$$libinit$$00000000)
    .ARM.Collect$$libinit$$00000001          0x0000019a   Section        4  libinit2.o(.ARM.Collect$$libinit$$00000001)
    .ARM.Collect$$libinit$$00000004          0x0000019e   Section        0  libinit2.o(.ARM.Collect$$libinit$$00000004)
    .ARM.Collect$$libinit$$0000000A          0x0000019e   Section        0  libinit2.o(.ARM.Collect$$libinit$$0000000A)
    .ARM.Collect$$libinit$$0000000C          0x0000019e   Section        0  libinit2.o(.ARM.Collect$$libinit$$0000000C)
    .ARM.Collect$$libinit$$0000000E          0x0000019e   Section        0  libinit2.o(.ARM.Collect$$libinit$$0000000E)
    .ARM.Collect$$libinit$$00000011          0x0000019e   Section        0  libinit2.o(.ARM.Collect$$libinit$$00000011)
    .ARM.Collect$$libinit$$00000013          0x0000019e   Section        0  libinit2.o(.ARM.Collect$$libinit$$00000013)
    .ARM.Collect$$libinit$$00000015          0x0000019e   Section        0  libinit2.o(.ARM.Collect$$libinit$$00000015)
    .ARM.Collect$$libinit$$00000017          0x0000019e   Section        0  libinit2.o(.ARM.Collect$$libinit$$00000017)
    .ARM.Collect$$libinit$$00000019          0x0000019e   Section        0  libinit2.o(.ARM.Collect$$libinit$$00000019)
    .ARM.Collect$$libinit$$0000001B          0x0000019e   Section        0  libinit2.o(.ARM.Collect$$libinit$$0000001B)
    .ARM.Collect$$libinit$$0000001D          0x0000019e   Section        0  libinit2.o(.ARM.Collect$$libinit$$0000001D)
    .ARM.Collect$$libinit$$0000001F          0x0000019e   Section        0  libinit2.o(.ARM.Collect$$libinit$$0000001F)
    .ARM.Collect$$libinit$$00000021          0x0000019e   Section        0  libinit2.o(.ARM.Collect$$libinit$$00000021)
    .ARM.Collect$$libinit$$00000023          0x0000019e   Section        0  libinit2.o(.ARM.Collect$$libinit$$00000023)
    .ARM.Collect$$libinit$$00000025          0x0000019e   Section        0  libinit2.o(.ARM.Collect$$libinit$$00000025)
    .ARM.Collect$$libinit$$0000002C          0x0000019e   Section        0  libinit2.o(.ARM.Collect$$libinit$$0000002C)
    .ARM.Collect$$libinit$$0000002E          0x0000019e   Section        0  libinit2.o(.ARM.Collect$$libinit$$0000002E)
    .ARM.Collect$$libinit$$00000030          0x0000019e   Section        0  libinit2.o(.ARM.Collect$$libinit$$00000030)
    .ARM.Collect$$libinit$$00000032          0x0000019e   Section        0  libinit2.o(.ARM.Collect$$libinit$$00000032)
    .ARM.Collect$$libinit$$00000033          0x0000019e   Section        2  libinit2.o(.ARM.Collect$$libinit$$00000033)
    .ARM.Collect$$libshutdown$$00000000      0x000001a0   Section        2  libshutdown.o(.ARM.Collect$$libshutdown$$00000000)
    .ARM.Collect$$libshutdown$$00000003      0x000001a2   Section        0  libshutdown2.o(.ARM.Collect$$libshutdown$$00000003)
    .ARM.Collect$$libshutdown$$00000006      0x000001a2   Section        0  libshutdown2.o(.ARM.Collect$$libshutdown$$00000006)
    .ARM.Collect$$libshutdown$$00000009      0x000001a2   Section        0  libshutdown2.o(.ARM.Collect$$libshutdown$$00000009)
    .ARM.Collect$$libshutdown$$0000000B      0x000001a2   Section        0  libshutdown2.o(.ARM.Collect$$libshutdown$$0000000B)
    .ARM.Collect$$libshutdown$$0000000E      0x000001a2   Section        0  libshutdown2.o(.ARM.Collect$$libshutdown$$0000000E)
    .ARM.Collect$$libshutdown$$0000000F      0x000001a2   Section        2  libshutdown2.o(.ARM.Collect$$libshutdown$$0000000F)
    .ARM.Collect$$rtentry$$00000000          0x000001a4   Section        0  __rtentry.o(.ARM.Collect$$rtentry$$00000000)
    .ARM.Collect$$rtentry$$00000002          0x000001a4   Section        0  __rtentry2.o(.ARM.Collect$$rtentry$$00000002)
    .ARM.Collect$$rtentry$$00000004          0x000001a4   Section        6  __rtentry4.o(.ARM.Collect$$rtentry$$00000004)
    .ARM.Collect$$rtentry$$00000009          0x000001aa   Section        0  __rtentry2.o(.ARM.Collect$$rtentry$$00000009)
    .ARM.Collect$$rtentry$$0000000A          0x000001aa   Section        4  __rtentry2.o(.ARM.Collect$$rtentry$$0000000A)
    .ARM.Collect$$rtentry$$0000000C          0x000001ae   Section        0  __rtentry2.o(.ARM.Collect$$rtentry$$0000000C)
    .ARM.Collect$$rtentry$$0000000D          0x000001ae   Section        8  __rtentry2.o(.ARM.Collect$$rtentry$$0000000D)
    .ARM.Collect$$rtexit$$00000000           0x000001b6   Section        2  rtexit.o(.ARM.Collect$$rtexit$$00000000)
    .ARM.Collect$$rtexit$$00000002           0x000001b8   Section        0  rtexit2.o(.ARM.Collect$$rtexit$$00000002)
    .ARM.Collect$$rtexit$$00000003           0x000001b8   Section        4  rtexit2.o(.ARM.Collect$$rtexit$$00000003)
    .ARM.Collect$$rtexit$$00000004           0x000001bc   Section        6  rtexit2.o(.ARM.Collect$$rtexit$$00000004)
    .text                                    0x000001c4   Section      520  startup_lpc54606.o(.text)
    $v0                                      0x000001c4   Number         0  startup_lpc54606.o(.text)
    .text                                    0x000003cc   Section      316  context_rvds.o(.text)
    $v0                                      0x000003cc   Number         0  context_rvds.o(.text)
    .text                                    0x00000508   Section      238  lludivv7m.o(.text)
    .text                                    0x000005f6   Section        0  heapauxi.o(.text)
    .text                                    0x000005fc   Section        8  libspace.o(.text)
    .text                                    0x00000604   Section       74  sys_stackheap_outer.o(.text)
    .text                                    0x0000064e   Section        0  exit.o(.text)
    .text                                    0x0000065c   Section        0  sys_exit.o(.text)
    .text                                    0x00000668   Section        2  use_no_semi.o(.text)
    .text                                    0x0000066a   Section        0  indicate_semi.o(.text)
    i.$Sub$$main                             0x0000066a   Section        0  components.o(i.$Sub$$main)
    i.DMA0_DriverIRQHandler                  0x00000674   Section        0  isr.o(i.DMA0_DriverIRQHandler)
    i.FLEXCOMM0_DriverIRQHandler             0x0000068c   Section        0  isr.o(i.FLEXCOMM0_DriverIRQHandler)
    i.FLEXCOMM5_DriverIRQHandler             0x000006c4   Section        0  isr.o(i.FLEXCOMM5_DriverIRQHandler)
    i.GINT0_DriverIRQHandler                 0x00000704   Section        0  isr.o(i.GINT0_DriverIRQHandler)
    i.MRT0_DriverIRQHandler                  0x00000720   Section        0  isr.o(i.MRT0_DriverIRQHandler)
    i.PIN_INT7_DriverIRQHandler              0x00000784   Section        0  isr.o(i.PIN_INT7_DriverIRQHandler)
    i.RIT_DriverIRQHandler                   0x0000078c   Section        0  isr.o(i.RIT_DriverIRQHandler)
    i.SysTick_Handler                        0x000007a0   Section        0  board.o(i.SysTick_Handler)
    i.SystemCoreClockUpdate                  0x000007b0   Section        0  system_lpc54606.o(i.SystemCoreClockUpdate)
    i.SystemInit                             0x000008d4   Section        0  system_lpc54606.o(i.SystemInit)
    i._SysTick_Config                        0x00000904   Section        0  board.o(i._SysTick_Config)
    _SysTick_Config                          0x00000905   Thumb Code    44  board.o(i._SysTick_Config)
    i.__rt_ffs                               0x00000934   Section        0  kservice.o(i.__rt_ffs)
    i._scheduler_get_highest_priority_thread 0x00000980   Section        0  scheduler.o(i._scheduler_get_highest_priority_thread)
    _scheduler_get_highest_priority_thread   0x00000981   Thumb Code    30  scheduler.o(i._scheduler_get_highest_priority_thread)
    i._thread_exit                           0x000009a8   Section        0  thread.o(i._thread_exit)
    _thread_exit                             0x000009a9   Thumb Code    52  thread.o(i._thread_exit)
    i._thread_init                           0x000009dc   Section        0  thread.o(i._thread_init)
    _thread_init                             0x000009dd   Thumb Code   120  thread.o(i._thread_init)
    i._thread_timeout                        0x00000a5c   Section        0  thread.o(i._thread_timeout)
    _thread_timeout                          0x00000a5d   Thumb Code    44  thread.o(i._thread_timeout)
    i._timer_init                            0x00000a88   Section        0  timer.o(i._timer_init)
    _timer_init                              0x00000a89   Thumb Code    66  timer.o(i._timer_init)
    i._timer_remove                          0x00000aca   Section        0  timer.o(i._timer_remove)
    _timer_remove                            0x00000acb   Thumb Code    28  timer.o(i._timer_remove)
    i.dma_reload                             0x00000ae8   Section        0  seekfree_mt9v032.o(i.dma_reload)
    dma_reload                               0x00000ae9   Thumb Code    84  seekfree_mt9v032.o(i.dma_reload)
    i.findPllMMult                           0x00000b4c   Section        0  system_lpc54606.o(i.findPllMMult)
    findPllMMult                             0x00000b4d   Thumb Code    26  system_lpc54606.o(i.findPllMMult)
    i.findPllPostDiv                         0x00000b66   Section        0  system_lpc54606.o(i.findPllPostDiv)
    findPllPostDiv                           0x00000b67   Thumb Code    32  system_lpc54606.o(i.findPllPostDiv)
    i.findPllPreDiv                          0x00000b86   Section        0  system_lpc54606.o(i.findPllPreDiv)
    findPllPreDiv                            0x00000b87   Thumb Code    32  system_lpc54606.o(i.findPllPreDiv)
    i.getWdtOscFreq                          0x00000ba8   Section        0  system_lpc54606.o(i.getWdtOscFreq)
    getWdtOscFreq                            0x00000ba9   Thumb Code    50  system_lpc54606.o(i.getWdtOscFreq)
    i.gpio_init                              0x00000be8   Section        0  lpc546xx_gpio.o(i.gpio_init)
    i.gpio_set                               0x00000cb0   Section        0  lpc546xx_gpio.o(i.gpio_set)
    i.idle_thread_entry                      0x00000ce0   Section        0  idle.o(i.idle_thread_entry)
    idle_thread_entry                        0x00000ce1   Thumb Code     8  idle.o(i.idle_thread_entry)
    i.iocon_init                             0x00000ce8   Section        0  lpc546xx_iocon.o(i.iocon_init)
    i.led0_thread_entry                      0x00000d14   Section        0  main.o(i.led0_thread_entry)
    led0_thread_entry                        0x00000d15   Thumb Code    32  main.o(i.led0_thread_entry)
    i.led1_thread_entry                      0x00000d34   Section        0  main.o(i.led1_thread_entry)
    led1_thread_entry                        0x00000d35   Thumb Code    36  main.o(i.led1_thread_entry)
    i.main                                   0x00000d58   Section        0  main.o(i.main)
    i.main_thread_entry                      0x00000df0   Section        0  components.o(i.main_thread_entry)
    i.mt9v032_cof_uart_interrupt             0x00000e00   Section        0  seekfree_mt9v032.o(i.mt9v032_cof_uart_interrupt)
    i.mt9v032_dma                            0x00000e50   Section        0  seekfree_mt9v032.o(i.mt9v032_dma)
    i.mt9v032_vsync                          0x00000eb4   Section        0  seekfree_mt9v032.o(i.mt9v032_vsync)
    i.pllDecodeM                             0x00000f0c   Section        0  system_lpc54606.o(i.pllDecodeM)
    pllDecodeM                               0x00000f0d   Thumb Code    90  system_lpc54606.o(i.pllDecodeM)
    i.pllDecodeN                             0x00000f66   Section        0  system_lpc54606.o(i.pllDecodeN)
    pllDecodeN                               0x00000f67   Thumb Code    92  system_lpc54606.o(i.pllDecodeN)
    i.pllDecodeP                             0x00000fc2   Section        0  system_lpc54606.o(i.pllDecodeP)
    pllDecodeP                               0x00000fc3   Thumb Code    78  system_lpc54606.o(i.pllDecodeP)
    i.print_number                           0x00001010   Section        0  kservice.o(i.print_number)
    print_number                             0x00001011   Thumb Code   396  kservice.o(i.print_number)
    i.rt_application_init                    0x000011a4   Section        0  components.o(i.rt_application_init)
    i.rt_components_board_init               0x000011e4   Section        0  components.o(i.rt_components_board_init)
    i.rt_components_init                     0x00001200   Section        0  components.o(i.rt_components_init)
    i.rt_defunct_execute                     0x0000121c   Section        0  idle.o(i.rt_defunct_execute)
    rt_defunct_execute                       0x0000121d   Thumb Code    48  idle.o(i.rt_defunct_execute)
    i.rt_enter_critical                      0x0000124c   Section        0  scheduler.o(i.rt_enter_critical)
    i.rt_exit_critical                       0x0000126c   Section        0  scheduler.o(i.rt_exit_critical)
    i.rt_hw_board_init                       0x000012b0   Section        0  board.o(i.rt_hw_board_init)
    i.rt_hw_console_output                   0x000012d4   Section        0  kservice.o(i.rt_hw_console_output)
    i.rt_hw_hard_fault_exception             0x000012d8   Section        0  cpuport.o(i.rt_hw_hard_fault_exception)
    i.rt_hw_stack_init                       0x000014fc   Section        0  cpuport.o(i.rt_hw_stack_init)
    i.rt_interrupt_enter                     0x0000154c   Section        0  irq.o(i.rt_interrupt_enter)
    i.rt_interrupt_leave                     0x0000156c   Section        0  irq.o(i.rt_interrupt_leave)
    i.rt_kprintf                             0x0000158c   Section        0  kservice.o(i.rt_kprintf)
    i.rt_list_init                           0x000015c0   Section        0  timer.o(i.rt_list_init)
    rt_list_init                             0x000015c1   Thumb Code     6  timer.o(i.rt_list_init)
    i.rt_list_insert_after                   0x000015c6   Section        0  timer.o(i.rt_list_insert_after)
    rt_list_insert_after                     0x000015c7   Thumb Code    14  timer.o(i.rt_list_insert_after)
    i.rt_list_isempty                        0x000015d4   Section        0  timer.o(i.rt_list_isempty)
    rt_list_isempty                          0x000015d5   Thumb Code    16  timer.o(i.rt_list_isempty)
    i.rt_list_remove                         0x000015e4   Section        0  thread.o(i.rt_list_remove)
    rt_list_remove                           0x000015e5   Thumb Code    18  thread.o(i.rt_list_remove)
    i.rt_list_remove                         0x000015f6   Section        0  timer.o(i.rt_list_remove)
    rt_list_remove                           0x000015f7   Thumb Code    18  timer.o(i.rt_list_remove)
    i.rt_memset                              0x00001608   Section        0  kservice.o(i.rt_memset)
    i.rt_object_detach                       0x00001662   Section        0  object.o(i.rt_object_detach)
    i.rt_object_get_information              0x00001690   Section        0  object.o(i.rt_object_get_information)
    i.rt_object_init                         0x000016b8   Section        0  object.o(i.rt_object_init)
    i.rt_object_is_systemobject              0x00001718   Section        0  object.o(i.rt_object_is_systemobject)
    i.rt_schedule                            0x0000172c   Section        0  scheduler.o(i.rt_schedule)
    i.rt_schedule_insert_thread              0x00001848   Section        0  scheduler.o(i.rt_schedule_insert_thread)
    i.rt_schedule_remove_thread              0x000018e4   Section        0  scheduler.o(i.rt_schedule_remove_thread)
    i.rt_show_version                        0x00001938   Section        0  kservice.o(i.rt_show_version)
    i.rt_sprintf                             0x000019fc   Section        0  kservice.o(i.rt_sprintf)
    i.rt_strncpy                             0x00001a1e   Section        0  kservice.o(i.rt_strncpy)
    i.rt_system_scheduler_init               0x00001a54   Section        0  scheduler.o(i.rt_system_scheduler_init)
    i.rt_system_scheduler_start              0x00001a88   Section        0  scheduler.o(i.rt_system_scheduler_start)
    i.rt_system_timer_init                   0x00001ab0   Section        0  timer.o(i.rt_system_timer_init)
    i.rt_system_timer_thread_init            0x00001acc   Section        0  timer.o(i.rt_system_timer_thread_init)
    i.rt_thread_defunct_dequeue              0x00001ad0   Section        0  idle.o(i.rt_thread_defunct_dequeue)
    i.rt_thread_defunct_enqueue              0x00001b0c   Section        0  idle.o(i.rt_thread_defunct_enqueue)
    i.rt_thread_idle_init                    0x00001b28   Section        0  idle.o(i.rt_thread_idle_init)
    i.rt_thread_init                         0x00001b90   Section        0  thread.o(i.rt_thread_init)
    i.rt_thread_mdelay                       0x00001bc4   Section        0  thread.o(i.rt_thread_mdelay)
    i.rt_thread_resume                       0x00001bd8   Section        0  thread.o(i.rt_thread_resume)
    i.rt_thread_self                         0x00001c14   Section        0  thread.o(i.rt_thread_self)
    i.rt_thread_sleep                        0x00001c20   Section        0  thread.o(i.rt_thread_sleep)
    i.rt_thread_startup                      0x00001c6e   Section        0  thread.o(i.rt_thread_startup)
    i.rt_thread_suspend                      0x00001c96   Section        0  thread.o(i.rt_thread_suspend)
    i.rt_tick_from_millisecond               0x00001cde   Section        0  clock.o(i.rt_tick_from_millisecond)
    i.rt_tick_get                            0x00001d18   Section        0  clock.o(i.rt_tick_get)
    i.rt_tick_increase                       0x00001d24   Section        0  clock.o(i.rt_tick_increase)
    i.rt_timer_check                         0x00001d74   Section        0  timer.o(i.rt_timer_check)
    i.rt_timer_control                       0x00001e18   Section        0  timer.o(i.rt_timer_control)
    i.rt_timer_detach                        0x00001e80   Section        0  timer.o(i.rt_timer_detach)
    i.rt_timer_init                          0x00001ea8   Section        0  timer.o(i.rt_timer_init)
    i.rt_timer_start                         0x00001ed8   Section        0  timer.o(i.rt_timer_start)
    i.rt_timer_stop                          0x00001fd0   Section        0  timer.o(i.rt_timer_stop)
    i.rt_vsnprintf                           0x00002000   Section        0  kservice.o(i.rt_vsnprintf)
    i.rt_vsprintf                            0x00002358   Section        0  kservice.o(i.rt_vsprintf)
    i.rti_board_end                          0x0000236e   Section        0  components.o(i.rti_board_end)
    rti_board_end                            0x0000236f   Thumb Code     4  components.o(i.rti_board_end)
    i.rti_board_start                        0x00002372   Section        0  components.o(i.rti_board_start)
    rti_board_start                          0x00002373   Thumb Code     4  components.o(i.rti_board_start)
    i.rti_end                                0x00002376   Section        0  components.o(i.rti_end)
    rti_end                                  0x00002377   Thumb Code     4  components.o(i.rti_end)
    i.rti_start                              0x0000237a   Section        0  components.o(i.rti_start)
    rti_start                                0x0000237b   Thumb Code     4  components.o(i.rti_start)
    i.rtthread_startup                       0x0000237e   Section        0  components.o(i.rtthread_startup)
    i.sct_restart                            0x000023a8   Section        0  lpc546xx_sct.o(i.sct_restart)
    i.skip_atoi                              0x000023d0   Section        0  kservice.o(i.skip_atoi)
    skip_atoi                                0x000023d1   Thumb Code    42  kservice.o(i.skip_atoi)
    i.uart_query                             0x000023fc   Section        0  lpc546xx_uart.o(i.uart_query)
    x$fpl$fpinit                             0x00002428   Section       10  fpinit.o(x$fpl$fpinit)
    $v0                                      0x00002428   Number         0  fpinit.o(x$fpl$fpinit)
    .constdata                               0x00002432   Section       32  system_lpc54606.o(.constdata)
    wdtFreqLookup                            0x00002432   Data          32  system_lpc54606.o(.constdata)
    .constdata                               0x00002452   Section      290  kservice.o(.constdata)
    small_digits                             0x00002552   Data          17  kservice.o(.constdata)
    large_digits                             0x00002563   Data          17  kservice.o(.constdata)
    .rti_fn.0                                0x00002574   Section        4  components.o(.rti_fn.0)
    __tagsym$$used                           0x00002574   Number         0  components.o(.rti_fn.0)
    .rti_fn.0.end                            0x00002578   Section        4  components.o(.rti_fn.0.end)
    __tagsym$$used                           0x00002578   Number         0  components.o(.rti_fn.0.end)
    .rti_fn.1.end                            0x0000257c   Section        4  components.o(.rti_fn.1.end)
    __tagsym$$used                           0x0000257c   Number         0  components.o(.rti_fn.1.end)
    .rti_fn.6.end                            0x00002580   Section        4  components.o(.rti_fn.6.end)
    __tagsym$$used                           0x00002580   Number         0  components.o(.rti_fn.6.end)
    .data                                    0x20000000   Section        4  system_lpc54606.o(.data)
    .data                                    0x20000004   Section       40  lpc546xx_uart.o(.data)
    .data                                    0x2000002c   Section       77  seekfree_mt9v032.o(.data)
    .data                                    0x2000007c   Section       16  cpuport.o(.data)
    rt_exception_hook                        0x20000088   Data           4  cpuport.o(.data)
    .data                                    0x2000008c   Section        4  clock.o(.data)
    rt_tick                                  0x2000008c   Data           4  clock.o(.data)
    .data                                    0x20000090   Section        8  idle.o(.data)
    _rt_thread_defunct                       0x20000090   Data           8  idle.o(.data)
    .data                                    0x20000098   Section        1  irq.o(.data)
    .data                                    0x2000009c   Section       64  object.o(.data)
    _object_container                        0x2000009c   Data          64  object.o(.data)
    .data                                    0x200000dc   Section       13  scheduler.o(.data)
    rt_scheduler_lock_nest                   0x200000e0   Data           2  scheduler.o(.data)
    .data                                    0x200000ec   Section       12  timer.o(.data)
    _timer_list                              0x200000ec   Data           8  timer.o(.data)
    random_nr                                0x200000f4   Data           4  timer.o(.data)
    .bss                                     0x20000200   Section      480  lpc546xx_dma.o(.bss)
    .bss                                     0x200003e0   Section     2288  main.o(.bss)
    led0_thread                              0x200003e0   Data         120  main.o(.bss)
    rt_led0_thread_stack                     0x20000458   Data        1024  main.o(.bss)
    led1_thread                              0x20000858   Data         120  main.o(.bss)
    rt_led1_thread_stack                     0x200008d0   Data        1024  main.o(.bss)
    .bss                                     0x20000cd0   Section    22560  seekfree_mt9v032.o(.bss)
    .bss                                     0x200064f0   Section      376  components.o(.bss)
    main_thread_stack                        0x200064f0   Data         256  components.o(.bss)
    .bss                                     0x20006668   Section      248  idle.o(.bss)
    idle_thread                              0x20006668   Data         120  idle.o(.bss)
    idle_thread_stack                        0x200066e0   Data         128  idle.o(.bss)
    .bss                                     0x20006760   Section      128  kservice.o(.bss)
    rt_log_buf                               0x20006760   Data         128  kservice.o(.bss)
    .bss                                     0x200067e0   Section       64  scheduler.o(.bss)
    .bss                                     0x20006820   Section       96  libspace.o(.bss)
    HEAP                                     0x20006880   Section     4096  startup_lpc54606.o(HEAP)
    Heap_Mem                                 0x20006880   Data        4096  startup_lpc54606.o(HEAP)
    STACK                                    0x20007880   Section     8192  startup_lpc54606.o(STACK)
    Stack_Mem                                0x20007880   Data        8192  startup_lpc54606.o(STACK)
    __initial_sp                             0x20009880   Data           0  startup_lpc54606.o(STACK)

    Global Symbols

    Symbol Name                              Value     Ov Type        Size  Object(Section)

    BuildAttributes$$THM_ISAv4$E$P$D$K$B$S$7EM$VFPi3$EXTD16$VFPS$VFMA$PE$A:L22UL41UL21$X:L11$S22US41US21$IEEE1$IW$USESV6$~STKCKD$USESV7$~SHL$OTIME$ROPI$IEEEJ$EBA8$UX$STANDARDLIB$REQ8$PRES8$EABIv2 0x00000000   Number         0  anon$$obj.o ABSOLUTE
    __ARM_use_no_argv                        0x00000000   Number         0  main.o ABSOLUTE
    __Vectors                                0x00000000   Data           4  startup_lpc54606.o(RESET)
    _printf_flags                            0x00000000   Number         0  printf_stubs.o ABSOLUTE
    _printf_return_value                     0x00000000   Number         0  printf_stubs.o ABSOLUTE
    _printf_sizespec                         0x00000000   Number         0  printf_stubs.o ABSOLUTE
    _printf_widthprec                        0x00000000   Number         0  printf_stubs.o ABSOLUTE
    __ARM_exceptions_init                     - Undefined Weak Reference
    __alloca_initialize                       - Undefined Weak Reference
    __arm_preinit_                            - Undefined Weak Reference
    __cpp_initialize__aeabi_                  - Undefined Weak Reference
    __cxa_finalize                            - Undefined Weak Reference
    __sigvec_lookup                           - Undefined Weak Reference
    _atexit_init                              - Undefined Weak Reference
    _call_atexit_fns                          - Undefined Weak Reference
    _clock_init                               - Undefined Weak Reference
    _fp_trap_init                             - Undefined Weak Reference
    _fp_trap_shutdown                         - Undefined Weak Reference
    _get_lc_collate                           - Undefined Weak Reference
    _get_lc_ctype                             - Undefined Weak Reference
    _get_lc_monetary                          - Undefined Weak Reference
    _get_lc_time                              - Undefined Weak Reference
    _getenv_init                              - Undefined Weak Reference
    _handle_redirection                       - Undefined Weak Reference
    _init_alloc                               - Undefined Weak Reference
    _init_user_alloc                          - Undefined Weak Reference
    _initio                                   - Undefined Weak Reference
    _printf_post_padding                      - Undefined Weak Reference
    _printf_pre_padding                       - Undefined Weak Reference
    _printf_truncate_signed                   - Undefined Weak Reference
    _printf_truncate_unsigned                 - Undefined Weak Reference
    _rand_init                                - Undefined Weak Reference
    _signal_finish                            - Undefined Weak Reference
    _signal_init                              - Undefined Weak Reference
    _terminate_alloc                          - Undefined Weak Reference
    _terminate_user_alloc                     - Undefined Weak Reference
    _terminateio                              - Undefined Weak Reference
    __main                                   0x00000125   Thumb Code     8  __main.o(!!!main)
    __scatterload                            0x0000012d   Thumb Code     0  __scatter.o(!!!scatter)
    __scatterload_rt2                        0x0000012d   Thumb Code    44  __scatter.o(!!!scatter)
    __scatterload_rt2_thumb_only             0x0000012d   Thumb Code     0  __scatter.o(!!!scatter)
    __scatterload_null                       0x0000013b   Thumb Code     0  __scatter.o(!!!scatter)
    __scatterload_copy                       0x00000161   Thumb Code    26  __scatter_copy.o(!!handler_copy)
    __scatterload_zeroinit                   0x0000017d   Thumb Code    28  __scatter_zi.o(!!handler_zi)
    __rt_lib_init                            0x00000199   Thumb Code     0  libinit.o(.ARM.Collect$$libinit$$00000000)
    __rt_lib_init_fp_1                       0x0000019b   Thumb Code     0  libinit2.o(.ARM.Collect$$libinit$$00000001)
    __rt_lib_init_alloca_1                   0x0000019f   Thumb Code     0  libinit2.o(.ARM.Collect$$libinit$$0000002E)
    __rt_lib_init_argv_1                     0x0000019f   Thumb Code     0  libinit2.o(.ARM.Collect$$libinit$$0000002C)
    __rt_lib_init_atexit_1                   0x0000019f   Thumb Code     0  libinit2.o(.ARM.Collect$$libinit$$0000001B)
    __rt_lib_init_clock_1                    0x0000019f   Thumb Code     0  libinit2.o(.ARM.Collect$$libinit$$00000021)
    __rt_lib_init_cpp_1                      0x0000019f   Thumb Code     0  libinit2.o(.ARM.Collect$$libinit$$00000032)
    __rt_lib_init_exceptions_1               0x0000019f   Thumb Code     0  libinit2.o(.ARM.Collect$$libinit$$00000030)
    __rt_lib_init_fp_trap_1                  0x0000019f   Thumb Code     0  libinit2.o(.ARM.Collect$$libinit$$0000001F)
    __rt_lib_init_getenv_1                   0x0000019f   Thumb Code     0  libinit2.o(.ARM.Collect$$libinit$$00000023)
    __rt_lib_init_heap_1                     0x0000019f   Thumb Code     0  libinit2.o(.ARM.Collect$$libinit$$0000000A)
    __rt_lib_init_lc_collate_1               0x0000019f   Thumb Code     0  libinit2.o(.ARM.Collect$$libinit$$00000011)
    __rt_lib_init_lc_ctype_1                 0x0000019f   Thumb Code     0  libinit2.o(.ARM.Collect$$libinit$$00000013)
    __rt_lib_init_lc_monetary_1              0x0000019f   Thumb Code     0  libinit2.o(.ARM.Collect$$libinit$$00000015)
    __rt_lib_init_lc_numeric_1               0x0000019f   Thumb Code     0  libinit2.o(.ARM.Collect$$libinit$$00000017)
    __rt_lib_init_lc_time_1                  0x0000019f   Thumb Code     0  libinit2.o(.ARM.Collect$$libinit$$00000019)
    __rt_lib_init_preinit_1                  0x0000019f   Thumb Code     0  libinit2.o(.ARM.Collect$$libinit$$00000004)
    __rt_lib_init_rand_1                     0x0000019f   Thumb Code     0  libinit2.o(.ARM.Collect$$libinit$$0000000E)
    __rt_lib_init_return                     0x0000019f   Thumb Code     0  libinit2.o(.ARM.Collect$$libinit$$00000033)
    __rt_lib_init_signal_1                   0x0000019f   Thumb Code     0  libinit2.o(.ARM.Collect$$libinit$$0000001D)
    __rt_lib_init_stdio_1                    0x0000019f   Thumb Code     0  libinit2.o(.ARM.Collect$$libinit$$00000025)
    __rt_lib_init_user_alloc_1               0x0000019f   Thumb Code     0  libinit2.o(.ARM.Collect$$libinit$$0000000C)
    __rt_lib_shutdown                        0x000001a1   Thumb Code     0  libshutdown.o(.ARM.Collect$$libshutdown$$00000000)
    __rt_lib_shutdown_fp_trap_1              0x000001a3   Thumb Code     0  libshutdown2.o(.ARM.Collect$$libshutdown$$00000006)
    __rt_lib_shutdown_heap_1                 0x000001a3   Thumb Code     0  libshutdown2.o(.ARM.Collect$$libshutdown$$0000000E)
    __rt_lib_shutdown_return                 0x000001a3   Thumb Code     0  libshutdown2.o(.ARM.Collect$$libshutdown$$0000000F)
    __rt_lib_shutdown_signal_1               0x000001a3   Thumb Code     0  libshutdown2.o(.ARM.Collect$$libshutdown$$00000009)
    __rt_lib_shutdown_stdio_1                0x000001a3   Thumb Code     0  libshutdown2.o(.ARM.Collect$$libshutdown$$00000003)
    __rt_lib_shutdown_user_alloc_1           0x000001a3   Thumb Code     0  libshutdown2.o(.ARM.Collect$$libshutdown$$0000000B)
    __rt_entry                               0x000001a5   Thumb Code     0  __rtentry.o(.ARM.Collect$$rtentry$$00000000)
    __rt_entry_presh_1                       0x000001a5   Thumb Code     0  __rtentry2.o(.ARM.Collect$$rtentry$$00000002)
    __rt_entry_sh                            0x000001a5   Thumb Code     0  __rtentry4.o(.ARM.Collect$$rtentry$$00000004)
    __rt_entry_li                            0x000001ab   Thumb Code     0  __rtentry2.o(.ARM.Collect$$rtentry$$0000000A)
    __rt_entry_postsh_1                      0x000001ab   Thumb Code     0  __rtentry2.o(.ARM.Collect$$rtentry$$00000009)
    __rt_entry_main                          0x000001af   Thumb Code     0  __rtentry2.o(.ARM.Collect$$rtentry$$0000000D)
    __rt_entry_postli_1                      0x000001af   Thumb Code     0  __rtentry2.o(.ARM.Collect$$rtentry$$0000000C)
    __rt_exit                                0x000001b7   Thumb Code     0  rtexit.o(.ARM.Collect$$rtexit$$00000000)
    __rt_exit_ls                             0x000001b9   Thumb Code     0  rtexit2.o(.ARM.Collect$$rtexit$$00000003)
    __rt_exit_prels_1                        0x000001b9   Thumb Code     0  rtexit2.o(.ARM.Collect$$rtexit$$00000002)
    __rt_exit_exit                           0x000001bd   Thumb Code     0  rtexit2.o(.ARM.Collect$$rtexit$$00000004)
    Reset_Handler                            0x000001c5   Thumb Code     8  startup_lpc54606.o(.text)
    NMI_Handler                              0x000001cd   Thumb Code     2  startup_lpc54606.o(.text)
    MemManage_Handler                        0x000001d1   Thumb Code     2  startup_lpc54606.o(.text)
    BusFault_Handler                         0x000001d3   Thumb Code     2  startup_lpc54606.o(.text)
    UsageFault_Handler                       0x000001d5   Thumb Code     2  startup_lpc54606.o(.text)
    SVC_Handler                              0x000001d7   Thumb Code     2  startup_lpc54606.o(.text)
    DebugMon_Handler                         0x000001d9   Thumb Code     2  startup_lpc54606.o(.text)
    WDT_BOD_IRQHandler                       0x000001df   Thumb Code     4  startup_lpc54606.o(.text)
    DMA0_IRQHandler                          0x000001e3   Thumb Code     4  startup_lpc54606.o(.text)
    GINT0_IRQHandler                         0x000001e7   Thumb Code     4  startup_lpc54606.o(.text)
    GINT1_IRQHandler                         0x000001eb   Thumb Code     4  startup_lpc54606.o(.text)
    PIN_INT0_IRQHandler                      0x000001ef   Thumb Code     4  startup_lpc54606.o(.text)
    PIN_INT1_IRQHandler                      0x000001f3   Thumb Code     4  startup_lpc54606.o(.text)
    PIN_INT2_IRQHandler                      0x000001f7   Thumb Code     4  startup_lpc54606.o(.text)
    PIN_INT3_IRQHandler                      0x000001fb   Thumb Code     4  startup_lpc54606.o(.text)
    UTICK0_IRQHandler                        0x000001ff   Thumb Code     4  startup_lpc54606.o(.text)
    MRT0_IRQHandler                          0x00000203   Thumb Code     4  startup_lpc54606.o(.text)
    CTIMER0_IRQHandler                       0x00000207   Thumb Code     4  startup_lpc54606.o(.text)
    CTIMER1_IRQHandler                       0x0000020b   Thumb Code     4  startup_lpc54606.o(.text)
    SCT0_IRQHandler                          0x0000020f   Thumb Code     4  startup_lpc54606.o(.text)
    CTIMER3_IRQHandler                       0x00000213   Thumb Code     4  startup_lpc54606.o(.text)
    FLEXCOMM0_IRQHandler                     0x00000217   Thumb Code     4  startup_lpc54606.o(.text)
    FLEXCOMM1_IRQHandler                     0x0000021b   Thumb Code     4  startup_lpc54606.o(.text)
    FLEXCOMM2_IRQHandler                     0x0000021f   Thumb Code     4  startup_lpc54606.o(.text)
    FLEXCOMM3_IRQHandler                     0x00000223   Thumb Code     4  startup_lpc54606.o(.text)
    FLEXCOMM4_IRQHandler                     0x00000227   Thumb Code     4  startup_lpc54606.o(.text)
    FLEXCOMM5_IRQHandler                     0x0000022b   Thumb Code     4  startup_lpc54606.o(.text)
    FLEXCOMM6_IRQHandler                     0x0000022f   Thumb Code     4  startup_lpc54606.o(.text)
    FLEXCOMM7_IRQHandler                     0x00000233   Thumb Code     4  startup_lpc54606.o(.text)
    ADC0_SEQA_IRQHandler                     0x00000237   Thumb Code     4  startup_lpc54606.o(.text)
    ADC0_SEQB_IRQHandler                     0x0000023b   Thumb Code     4  startup_lpc54606.o(.text)
    ADC0_THCMP_IRQHandler                    0x0000023f   Thumb Code     4  startup_lpc54606.o(.text)
    DMIC0_IRQHandler                         0x00000243   Thumb Code     4  startup_lpc54606.o(.text)
    HWVAD0_IRQHandler                        0x00000247   Thumb Code     4  startup_lpc54606.o(.text)
    USB0_NEEDCLK_IRQHandler                  0x0000024b   Thumb Code     4  startup_lpc54606.o(.text)
    USB0_IRQHandler                          0x0000024f   Thumb Code     4  startup_lpc54606.o(.text)
    RTC_IRQHandler                           0x00000253   Thumb Code     4  startup_lpc54606.o(.text)
    Reserved46_IRQHandler                    0x00000257   Thumb Code     4  startup_lpc54606.o(.text)
    Reserved47_IRQHandler                    0x0000025b   Thumb Code     4  startup_lpc54606.o(.text)
    PIN_INT4_IRQHandler                      0x0000025f   Thumb Code     4  startup_lpc54606.o(.text)
    PIN_INT5_IRQHandler                      0x00000263   Thumb Code     4  startup_lpc54606.o(.text)
    PIN_INT6_IRQHandler                      0x00000267   Thumb Code     4  startup_lpc54606.o(.text)
    PIN_INT7_IRQHandler                      0x0000026b   Thumb Code     4  startup_lpc54606.o(.text)
    CTIMER2_IRQHandler                       0x0000026f   Thumb Code     4  startup_lpc54606.o(.text)
    CTIMER4_IRQHandler                       0x00000273   Thumb Code     4  startup_lpc54606.o(.text)
    RIT_IRQHandler                           0x00000277   Thumb Code     4  startup_lpc54606.o(.text)
    SPIFI0_IRQHandler                        0x0000027b   Thumb Code     4  startup_lpc54606.o(.text)
    FLEXCOMM8_IRQHandler                     0x0000027f   Thumb Code     4  startup_lpc54606.o(.text)
    FLEXCOMM9_IRQHandler                     0x00000283   Thumb Code     4  startup_lpc54606.o(.text)
    SDIO_IRQHandler                          0x00000287   Thumb Code     4  startup_lpc54606.o(.text)
    CAN0_IRQ0_IRQHandler                     0x0000028b   Thumb Code     4  startup_lpc54606.o(.text)
    CAN0_IRQ1_IRQHandler                     0x0000028f   Thumb Code     4  startup_lpc54606.o(.text)
    CAN1_IRQ0_IRQHandler                     0x00000293   Thumb Code     4  startup_lpc54606.o(.text)
    CAN1_IRQ1_IRQHandler                     0x00000297   Thumb Code     4  startup_lpc54606.o(.text)
    USB1_IRQHandler                          0x0000029b   Thumb Code     4  startup_lpc54606.o(.text)
    USB1_NEEDCLK_IRQHandler                  0x0000029f   Thumb Code     4  startup_lpc54606.o(.text)
    ETHERNET_IRQHandler                      0x000002a3   Thumb Code     4  startup_lpc54606.o(.text)
    ETHERNET_PMT_IRQHandler                  0x000002a7   Thumb Code     4  startup_lpc54606.o(.text)
    ETHERNET_MACLP_IRQHandler                0x000002ab   Thumb Code     4  startup_lpc54606.o(.text)
    EEPROM_IRQHandler                        0x000002af   Thumb Code     4  startup_lpc54606.o(.text)
    LCD_IRQHandler                           0x000002b3   Thumb Code     4  startup_lpc54606.o(.text)
    SHA_IRQHandler                           0x000002b7   Thumb Code     4  startup_lpc54606.o(.text)
    SMARTCARD0_IRQHandler                    0x000002bb   Thumb Code     4  startup_lpc54606.o(.text)
    SMARTCARD1_IRQHandler                    0x000002bf   Thumb Code     4  startup_lpc54606.o(.text)
    ADC0_SEQA_DriverIRQHandler               0x000002c3   Thumb Code     0  startup_lpc54606.o(.text)
    ADC0_SEQB_DriverIRQHandler               0x000002c3   Thumb Code     0  startup_lpc54606.o(.text)
    ADC0_THCMP_DriverIRQHandler              0x000002c3   Thumb Code     0  startup_lpc54606.o(.text)
    CAN0_IRQ0_DriverIRQHandler               0x000002c3   Thumb Code     0  startup_lpc54606.o(.text)
    CAN0_IRQ1_DriverIRQHandler               0x000002c3   Thumb Code     0  startup_lpc54606.o(.text)
    CAN1_IRQ0_DriverIRQHandler               0x000002c3   Thumb Code     0  startup_lpc54606.o(.text)
    CAN1_IRQ1_DriverIRQHandler               0x000002c3   Thumb Code     0  startup_lpc54606.o(.text)
    CTIMER0_DriverIRQHandler                 0x000002c3   Thumb Code     0  startup_lpc54606.o(.text)
    CTIMER1_DriverIRQHandler                 0x000002c3   Thumb Code     0  startup_lpc54606.o(.text)
    CTIMER2_DriverIRQHandler                 0x000002c3   Thumb Code     0  startup_lpc54606.o(.text)
    CTIMER3_DriverIRQHandler                 0x000002c3   Thumb Code     0  startup_lpc54606.o(.text)
    CTIMER4_DriverIRQHandler                 0x000002c3   Thumb Code     0  startup_lpc54606.o(.text)
    DMIC0_DriverIRQHandler                   0x000002c3   Thumb Code     0  startup_lpc54606.o(.text)
    EEPROM_DriverIRQHandler                  0x000002c3   Thumb Code     0  startup_lpc54606.o(.text)
    ETHERNET_DriverIRQHandler                0x000002c3   Thumb Code     0  startup_lpc54606.o(.text)
    ETHERNET_MACLP_DriverIRQHandler          0x000002c3   Thumb Code     0  startup_lpc54606.o(.text)
    ETHERNET_PMT_DriverIRQHandler            0x000002c3   Thumb Code     0  startup_lpc54606.o(.text)
    FLEXCOMM1_DriverIRQHandler               0x000002c3   Thumb Code     0  startup_lpc54606.o(.text)
    FLEXCOMM2_DriverIRQHandler               0x000002c3   Thumb Code     0  startup_lpc54606.o(.text)
    FLEXCOMM3_DriverIRQHandler               0x000002c3   Thumb Code     0  startup_lpc54606.o(.text)
    FLEXCOMM4_DriverIRQHandler               0x000002c3   Thumb Code     0  startup_lpc54606.o(.text)
    FLEXCOMM6_DriverIRQHandler               0x000002c3   Thumb Code     0  startup_lpc54606.o(.text)
    FLEXCOMM7_DriverIRQHandler               0x000002c3   Thumb Code     0  startup_lpc54606.o(.text)
    FLEXCOMM8_DriverIRQHandler               0x000002c3   Thumb Code     0  startup_lpc54606.o(.text)
    FLEXCOMM9_DriverIRQHandler               0x000002c3   Thumb Code     0  startup_lpc54606.o(.text)
    GINT1_DriverIRQHandler                   0x000002c3   Thumb Code     0  startup_lpc54606.o(.text)
    HWVAD0_DriverIRQHandler                  0x000002c3   Thumb Code     0  startup_lpc54606.o(.text)
    LCD_DriverIRQHandler                     0x000002c3   Thumb Code     0  startup_lpc54606.o(.text)
    PIN_INT0_DriverIRQHandler                0x000002c3   Thumb Code     0  startup_lpc54606.o(.text)
    PIN_INT1_DriverIRQHandler                0x000002c3   Thumb Code     0  startup_lpc54606.o(.text)
    PIN_INT2_DriverIRQHandler                0x000002c3   Thumb Code     0  startup_lpc54606.o(.text)
    PIN_INT3_DriverIRQHandler                0x000002c3   Thumb Code     0  startup_lpc54606.o(.text)
    PIN_INT4_DriverIRQHandler                0x000002c3   Thumb Code     0  startup_lpc54606.o(.text)
    PIN_INT5_DriverIRQHandler                0x000002c3   Thumb Code     0  startup_lpc54606.o(.text)
    PIN_INT6_DriverIRQHandler                0x000002c3   Thumb Code     0  startup_lpc54606.o(.text)
    RTC_DriverIRQHandler                     0x000002c3   Thumb Code     0  startup_lpc54606.o(.text)
    Reserved46_DriverIRQHandler              0x000002c3   Thumb Code     0  startup_lpc54606.o(.text)
    Reserved47_DriverIRQHandler              0x000002c3   Thumb Code     0  startup_lpc54606.o(.text)
    SCT0_DriverIRQHandler                    0x000002c3   Thumb Code     0  startup_lpc54606.o(.text)
    SDIO_DriverIRQHandler                    0x000002c3   Thumb Code     0  startup_lpc54606.o(.text)
    SHA_DriverIRQHandler                     0x000002c3   Thumb Code     0  startup_lpc54606.o(.text)
    SMARTCARD0_DriverIRQHandler              0x000002c3   Thumb Code     0  startup_lpc54606.o(.text)
    SMARTCARD1_DriverIRQHandler              0x000002c3   Thumb Code     0  startup_lpc54606.o(.text)
    SPIFI0_DriverIRQHandler                  0x000002c3   Thumb Code     0  startup_lpc54606.o(.text)
    USB0_DriverIRQHandler                    0x000002c3   Thumb Code     0  startup_lpc54606.o(.text)
    USB0_NEEDCLK_DriverIRQHandler            0x000002c3   Thumb Code     0  startup_lpc54606.o(.text)
    USB1_DriverIRQHandler                    0x000002c3   Thumb Code     0  startup_lpc54606.o(.text)
    USB1_NEEDCLK_DriverIRQHandler            0x000002c3   Thumb Code     0  startup_lpc54606.o(.text)
    UTICK0_DriverIRQHandler                  0x000002c3   Thumb Code     0  startup_lpc54606.o(.text)
    WDT_BOD_DriverIRQHandler                 0x000002c3   Thumb Code     0  startup_lpc54606.o(.text)
    __user_initial_stackheap                 0x000002c5   Thumb Code     0  startup_lpc54606.o(.text)
    rt_hw_interrupt_disable                  0x000003cd   Thumb Code     8  context_rvds.o(.text)
    rt_hw_interrupt_enable                   0x000003d5   Thumb Code     6  context_rvds.o(.text)
    rt_hw_context_switch                     0x000003db   Thumb Code    32  context_rvds.o(.text)
    rt_hw_context_switch_interrupt           0x000003db   Thumb Code     0  context_rvds.o(.text)
    PendSV_Handler                           0x000003fb   Thumb Code   108  context_rvds.o(.text)
    rt_hw_context_switch_to                  0x00000467   Thumb Code    76  context_rvds.o(.text)
    rt_hw_interrupt_thread_switch            0x000004b3   Thumb Code     2  context_rvds.o(.text)
    HardFault_Handler                        0x000004b5   Thumb Code    56  context_rvds.o(.text)
    __aeabi_uldivmod                         0x00000509   Thumb Code     0  lludivv7m.o(.text)
    _ll_udiv                                 0x00000509   Thumb Code   238  lludivv7m.o(.text)
    __use_two_region_memory                  0x000005f7   Thumb Code     2  heapauxi.o(.text)
    __rt_heap_escrow$2region                 0x000005f9   Thumb Code     2  heapauxi.o(.text)
    __rt_heap_expand$2region                 0x000005fb   Thumb Code     2  heapauxi.o(.text)
    __user_libspace                          0x000005fd   Thumb Code     8  libspace.o(.text)
    __user_perproc_libspace                  0x000005fd   Thumb Code     0  libspace.o(.text)
    __user_perthread_libspace                0x000005fd   Thumb Code     0  libspace.o(.text)
    __user_setup_stackheap                   0x00000605   Thumb Code    74  sys_stackheap_outer.o(.text)
    exit                                     0x0000064f   Thumb Code    12  exit.o(.text)
    _sys_exit                                0x0000065d   Thumb Code     8  sys_exit.o(.text)
    __I$use$semihosting                      0x00000669   Thumb Code     0  use_no_semi.o(.text)
    __use_no_semihosting_swi                 0x00000669   Thumb Code     2  use_no_semi.o(.text)
    __semihosting_library_function           0x0000066b   Thumb Code     0  indicate_semi.o(.text)
    main                                     0x0000066b   Thumb Code    10  components.o(i.$Sub$$main)
    DMA0_DriverIRQHandler                    0x00000675   Thumb Code    18  isr.o(i.DMA0_DriverIRQHandler)
    FLEXCOMM0_DriverIRQHandler               0x0000068d   Thumb Code    50  isr.o(i.FLEXCOMM0_DriverIRQHandler)
    FLEXCOMM5_DriverIRQHandler               0x000006c5   Thumb Code    58  isr.o(i.FLEXCOMM5_DriverIRQHandler)
    GINT0_DriverIRQHandler                   0x00000705   Thumb Code    24  isr.o(i.GINT0_DriverIRQHandler)
    MRT0_DriverIRQHandler                    0x00000721   Thumb Code    96  isr.o(i.MRT0_DriverIRQHandler)
    PIN_INT7_DriverIRQHandler                0x00000785   Thumb Code     8  isr.o(i.PIN_INT7_DriverIRQHandler)
    RIT_DriverIRQHandler                     0x0000078d   Thumb Code    14  isr.o(i.RIT_DriverIRQHandler)
    SysTick_Handler                          0x000007a1   Thumb Code    16  board.o(i.SysTick_Handler)
    SystemCoreClockUpdate                    0x000007b1   Thumb Code   266  system_lpc54606.o(i.SystemCoreClockUpdate)
    SystemInit                               0x000008d5   Thumb Code    36  system_lpc54606.o(i.SystemInit)
    __rt_ffs                                 0x00000935   Thumb Code    70  kservice.o(i.__rt_ffs)
    gpio_init                                0x00000be9   Thumb Code   182  lpc546xx_gpio.o(i.gpio_init)
    gpio_set                                 0x00000cb1   Thumb Code    42  lpc546xx_gpio.o(i.gpio_set)
    iocon_init                               0x00000ce9   Thumb Code    34  lpc546xx_iocon.o(i.iocon_init)
    $Super$$main                             0x00000d59   Thumb Code   112  main.o(i.main)
    main_thread_entry                        0x00000df1   Thumb Code    14  components.o(i.main_thread_entry)
    mt9v032_cof_uart_interrupt               0x00000e01   Thumb Code    68  seekfree_mt9v032.o(i.mt9v032_cof_uart_interrupt)
    mt9v032_dma                              0x00000e51   Thumb Code    76  seekfree_mt9v032.o(i.mt9v032_dma)
    mt9v032_vsync                            0x00000eb5   Thumb Code    68  seekfree_mt9v032.o(i.mt9v032_vsync)
    rt_application_init                      0x000011a5   Thumb Code    42  components.o(i.rt_application_init)
    rt_components_board_init                 0x000011e5   Thumb Code    20  components.o(i.rt_components_board_init)
    rt_components_init                       0x00001201   Thumb Code    20  components.o(i.rt_components_init)
    rt_enter_critical                        0x0000124d   Thumb Code    28  scheduler.o(i.rt_enter_critical)
    rt_exit_critical                         0x0000126d   Thumb Code    60  scheduler.o(i.rt_exit_critical)
    rt_hw_board_init                         0x000012b1   Thumb Code    30  board.o(i.rt_hw_board_init)
    rt_hw_console_output                     0x000012d5   Thumb Code     2  kservice.o(i.rt_hw_console_output)
    rt_hw_hard_fault_exception               0x000012d9   Thumb Code   212  cpuport.o(i.rt_hw_hard_fault_exception)
    rt_hw_stack_init                         0x000014fd   Thumb Code    74  cpuport.o(i.rt_hw_stack_init)
    rt_interrupt_enter                       0x0000154d   Thumb Code    26  irq.o(i.rt_interrupt_enter)
    rt_interrupt_leave                       0x0000156d   Thumb Code    26  irq.o(i.rt_interrupt_leave)
    rt_kprintf                               0x0000158d   Thumb Code    46  kservice.o(i.rt_kprintf)
    rt_memset                                0x00001609   Thumb Code    90  kservice.o(i.rt_memset)
    rt_object_detach                         0x00001663   Thumb Code    44  object.o(i.rt_object_detach)
    rt_object_get_information                0x00001691   Thumb Code    36  object.o(i.rt_object_get_information)
    rt_object_init                           0x000016b9   Thumb Code    96  object.o(i.rt_object_init)
    rt_object_is_systemobject                0x00001719   Thumb Code    18  object.o(i.rt_object_is_systemobject)
    rt_schedule                              0x0000172d   Thumb Code   262  scheduler.o(i.rt_schedule)
    rt_schedule_insert_thread                0x00001849   Thumb Code   142  scheduler.o(i.rt_schedule_insert_thread)
    rt_schedule_remove_thread                0x000018e5   Thumb Code    76  scheduler.o(i.rt_schedule_remove_thread)
    rt_show_version                          0x00001939   Thumb Code    42  kservice.o(i.rt_show_version)
    rt_sprintf                               0x000019fd   Thumb Code    34  kservice.o(i.rt_sprintf)
    rt_strncpy                               0x00001a1f   Thumb Code    52  kservice.o(i.rt_strncpy)
    rt_system_scheduler_init                 0x00001a55   Thumb Code    38  scheduler.o(i.rt_system_scheduler_init)
    rt_system_scheduler_start                0x00001a89   Thumb Code    36  scheduler.o(i.rt_system_scheduler_start)
    rt_system_timer_init                     0x00001ab1   Thumb Code    24  timer.o(i.rt_system_timer_init)
    rt_system_timer_thread_init              0x00001acd   Thumb Code     2  timer.o(i.rt_system_timer_thread_init)
    rt_thread_defunct_dequeue                0x00001ad1   Thumb Code    56  idle.o(i.rt_thread_defunct_dequeue)
    rt_thread_defunct_enqueue                0x00001b0d   Thumb Code    24  idle.o(i.rt_thread_defunct_enqueue)
    rt_thread_idle_init                      0x00001b29   Thumb Code    82  idle.o(i.rt_thread_idle_init)
    rt_thread_init                           0x00001b91   Thumb Code    52  thread.o(i.rt_thread_init)
    rt_thread_mdelay                         0x00001bc5   Thumb Code    20  thread.o(i.rt_thread_mdelay)
    rt_thread_resume                         0x00001bd9   Thumb Code    60  thread.o(i.rt_thread_resume)
    rt_thread_self                           0x00001c15   Thumb Code     6  thread.o(i.rt_thread_self)
    rt_thread_sleep                          0x00001c21   Thumb Code    78  thread.o(i.rt_thread_sleep)
    rt_thread_startup                        0x00001c6f   Thumb Code    40  thread.o(i.rt_thread_startup)
    rt_thread_suspend                        0x00001c97   Thumb Code    72  thread.o(i.rt_thread_suspend)
    rt_tick_from_millisecond                 0x00001cdf   Thumb Code    56  clock.o(i.rt_tick_from_millisecond)
    rt_tick_get                              0x00001d19   Thumb Code     6  clock.o(i.rt_tick_get)
    rt_tick_increase                         0x00001d25   Thumb Code    74  clock.o(i.rt_tick_increase)
    rt_timer_check                           0x00001d75   Thumb Code   160  timer.o(i.rt_timer_check)
    rt_timer_control                         0x00001e19   Thumb Code   104  timer.o(i.rt_timer_control)
    rt_timer_detach                          0x00001e81   Thumb Code    40  timer.o(i.rt_timer_detach)
    rt_timer_init                            0x00001ea9   Thumb Code    46  timer.o(i.rt_timer_init)
    rt_timer_start                           0x00001ed9   Thumb Code   240  timer.o(i.rt_timer_start)
    rt_timer_stop                            0x00001fd1   Thumb Code    48  timer.o(i.rt_timer_stop)
    rt_vsnprintf                             0x00002001   Thumb Code   846  kservice.o(i.rt_vsnprintf)
    rt_vsprintf                              0x00002359   Thumb Code    22  kservice.o(i.rt_vsprintf)
    rtthread_startup                         0x0000237f   Thumb Code    42  components.o(i.rtthread_startup)
    sct_restart                              0x000023a9   Thumb Code    34  lpc546xx_sct.o(i.sct_restart)
    uart_query                               0x000023fd   Thumb Code    38  lpc546xx_uart.o(i.uart_query)
    _fp_init                                 0x00002429   Thumb Code    10  fpinit.o(x$fpl$fpinit)
    __fplib_config_fpu_vfp                   0x00002431   Thumb Code     0  fpinit.o(x$fpl$fpinit)
    __fplib_config_pureend_doubles           0x00002431   Thumb Code     0  fpinit.o(x$fpl$fpinit)
    __lowest_bit_bitmap                      0x00002452   Data         256  kservice.o(.constdata)
    __rt_init_rti_start                      0x00002574   Data           4  components.o(.rti_fn.0)
    __rt_init_rti_board_start                0x00002578   Data           4  components.o(.rti_fn.0.end)
    __rt_init_rti_board_end                  0x0000257c   Data           4  components.o(.rti_fn.1.end)
    __rt_init_rti_end                        0x00002580   Data           4  components.o(.rti_fn.6.end)
    Region$$Table$$Base                      0x00002584   Number         0  anon$$obj.o(Region$$Table)
    Region$$Table$$Limit                     0x000025a4   Number         0  anon$$obj.o(Region$$Table)
    SystemCoreClock                          0x20000000   Data           4  system_lpc54606.o(.data)
    UARTN                                    0x20000004   Data          40  lpc546xx_uart.o(.data)
    receive                                  0x2000002c   Data           3  seekfree_mt9v032.o(.data)
    receive_num                              0x2000002f   Data           1  seekfree_mt9v032.o(.data)
    uart_receive_flag                        0x20000030   Data           1  seekfree_mt9v032.o(.data)
    MT9V032_CFG                              0x20000032   Data          36  seekfree_mt9v032.o(.data)
    GET_CFG                                  0x20000056   Data          32  seekfree_mt9v032.o(.data)
    mt9v032_now_row                          0x20000076   Data           2  seekfree_mt9v032.o(.data)
    mt9v032_finish_flag                      0x20000078   Data           1  seekfree_mt9v032.o(.data)
    rt_interrupt_from_thread                 0x2000007c   Data           4  cpuport.o(.data)
    rt_interrupt_to_thread                   0x20000080   Data           4  cpuport.o(.data)
    rt_thread_switch_interrupt_flag          0x20000084   Data           4  cpuport.o(.data)
    rt_interrupt_nest                        0x20000098   Data           1  irq.o(.data)
    rt_thread_ready_priority_group           0x200000dc   Data           4  scheduler.o(.data)
    rt_current_thread                        0x200000e4   Data           4  scheduler.o(.data)
    rt_current_priority                      0x200000e8   Data           1  scheduler.o(.data)
    s_dma_descriptor_table                   0x20000200   Data         480  lpc546xx_dma.o(.bss)
    image                                    0x20000cd0   Data       22560  seekfree_mt9v032.o(.bss)
    main_thread                              0x200065f0   Data         120  components.o(.bss)
    rt_thread_priority_table                 0x200067e0   Data          64  scheduler.o(.bss)
    __libspace_start                         0x20006820   Data          96  libspace.o(.bss)
    __temporary_stack_top$libspace           0x20006880   Data           0  libspace.o(.bss)



==============================================================================

Memory Map of the image

  Image Entry point : 0x00000125

  Load Region LR_IROM1 (Base: 0x00000000, Size: 0x0000269c, Max: 0x00080000, ABSOLUTE)

    Execution Region ER_IROM1 (Base: 0x00000000, Size: 0x000025a4, Max: 0x00080000, ABSOLUTE)

    Base Addr    Size         Type   Attr      Idx    E Section Name        Object

    0x00000000   0x00000124   Data   RO            3    RESET               startup_lpc54606.o
    0x00000124   0x00000008   Code   RO         3161  * !!!main             c_w.l(__main.o)
    0x0000012c   0x00000034   Code   RO         3416    !!!scatter          c_w.l(__scatter.o)
    0x00000160   0x0000001a   Code   RO         3418    !!handler_copy      c_w.l(__scatter_copy.o)
    0x0000017a   0x00000002   PAD
    0x0000017c   0x0000001c   Code   RO         3420    !!handler_zi        c_w.l(__scatter_zi.o)
    0x00000198   0x00000002   Code   RO         3290    .ARM.Collect$$libinit$$00000000  c_w.l(libinit.o)
    0x0000019a   0x00000004   Code   RO         3291    .ARM.Collect$$libinit$$00000001  c_w.l(libinit2.o)
    0x0000019e   0x00000000   Code   RO         3294    .ARM.Collect$$libinit$$00000004  c_w.l(libinit2.o)
    0x0000019e   0x00000000   Code   RO         3297    .ARM.Collect$$libinit$$0000000A  c_w.l(libinit2.o)
    0x0000019e   0x00000000   Code   RO         3299    .ARM.Collect$$libinit$$0000000C  c_w.l(libinit2.o)
    0x0000019e   0x00000000   Code   RO         3301    .ARM.Collect$$libinit$$0000000E  c_w.l(libinit2.o)
    0x0000019e   0x00000000   Code   RO         3304    .ARM.Collect$$libinit$$00000011  c_w.l(libinit2.o)
    0x0000019e   0x00000000   Code   RO         3306    .ARM.Collect$$libinit$$00000013  c_w.l(libinit2.o)
    0x0000019e   0x00000000   Code   RO         3308    .ARM.Collect$$libinit$$00000015  c_w.l(libinit2.o)
    0x0000019e   0x00000000   Code   RO         3310    .ARM.Collect$$libinit$$00000017  c_w.l(libinit2.o)
    0x0000019e   0x00000000   Code   RO         3312    .ARM.Collect$$libinit$$00000019  c_w.l(libinit2.o)
    0x0000019e   0x00000000   Code   RO         3314    .ARM.Collect$$libinit$$0000001B  c_w.l(libinit2.o)
    0x0000019e   0x00000000   Code   RO         3316    .ARM.Collect$$libinit$$0000001D  c_w.l(libinit2.o)
    0x0000019e   0x00000000   Code   RO         3318    .ARM.Collect$$libinit$$0000001F  c_w.l(libinit2.o)
    0x0000019e   0x00000000   Code   RO         3320    .ARM.Collect$$libinit$$00000021  c_w.l(libinit2.o)
    0x0000019e   0x00000000   Code   RO         3322    .ARM.Collect$$libinit$$00000023  c_w.l(libinit2.o)
    0x0000019e   0x00000000   Code   RO         3324    .ARM.Collect$$libinit$$00000025  c_w.l(libinit2.o)
    0x0000019e   0x00000000   Code   RO         3328    .ARM.Collect$$libinit$$0000002C  c_w.l(libinit2.o)
    0x0000019e   0x00000000   Code   RO         3330    .ARM.Collect$$libinit$$0000002E  c_w.l(libinit2.o)
    0x0000019e   0x00000000   Code   RO         3332    .ARM.Collect$$libinit$$00000030  c_w.l(libinit2.o)
    0x0000019e   0x00000000   Code   RO         3334    .ARM.Collect$$libinit$$00000032  c_w.l(libinit2.o)
    0x0000019e   0x00000002   Code   RO         3335    .ARM.Collect$$libinit$$00000033  c_w.l(libinit2.o)
    0x000001a0   0x00000002   Code   RO         3382    .ARM.Collect$$libshutdown$$00000000  c_w.l(libshutdown.o)
    0x000001a2   0x00000000   Code   RO         3401    .ARM.Collect$$libshutdown$$00000003  c_w.l(libshutdown2.o)
    0x000001a2   0x00000000   Code   RO         3404    .ARM.Collect$$libshutdown$$00000006  c_w.l(libshutdown2.o)
    0x000001a2   0x00000000   Code   RO         3407    .ARM.Collect$$libshutdown$$00000009  c_w.l(libshutdown2.o)
    0x000001a2   0x00000000   Code   RO         3409    .ARM.Collect$$libshutdown$$0000000B  c_w.l(libshutdown2.o)
    0x000001a2   0x00000000   Code   RO         3412    .ARM.Collect$$libshutdown$$0000000E  c_w.l(libshutdown2.o)
    0x000001a2   0x00000002   Code   RO         3413    .ARM.Collect$$libshutdown$$0000000F  c_w.l(libshutdown2.o)
    0x000001a4   0x00000000   Code   RO         3189    .ARM.Collect$$rtentry$$00000000  c_w.l(__rtentry.o)
    0x000001a4   0x00000000   Code   RO         3213    .ARM.Collect$$rtentry$$00000002  c_w.l(__rtentry2.o)
    0x000001a4   0x00000006   Code   RO         3225    .ARM.Collect$$rtentry$$00000004  c_w.l(__rtentry4.o)
    0x000001aa   0x00000000   Code   RO         3215    .ARM.Collect$$rtentry$$00000009  c_w.l(__rtentry2.o)
    0x000001aa   0x00000004   Code   RO         3216    .ARM.Collect$$rtentry$$0000000A  c_w.l(__rtentry2.o)
    0x000001ae   0x00000000   Code   RO         3218    .ARM.Collect$$rtentry$$0000000C  c_w.l(__rtentry2.o)
    0x000001ae   0x00000008   Code   RO         3219    .ARM.Collect$$rtentry$$0000000D  c_w.l(__rtentry2.o)
    0x000001b6   0x00000002   Code   RO         3336    .ARM.Collect$$rtexit$$00000000  c_w.l(rtexit.o)
    0x000001b8   0x00000000   Code   RO         3351    .ARM.Collect$$rtexit$$00000002  c_w.l(rtexit2.o)
    0x000001b8   0x00000004   Code   RO         3352    .ARM.Collect$$rtexit$$00000003  c_w.l(rtexit2.o)
    0x000001bc   0x00000006   Code   RO         3353    .ARM.Collect$$rtexit$$00000004  c_w.l(rtexit2.o)
    0x000001c2   0x00000002   PAD
    0x000001c4   0x00000208   Code   RO            4    .text               startup_lpc54606.o
    0x000003cc   0x0000013c   Code   RO         2194    .text               context_rvds.o
    0x00000508   0x000000ee   Code   RO         3122    .text               c_w.l(lludivv7m.o)
    0x000005f6   0x00000006   Code   RO         3159    .text               c_w.l(heapauxi.o)
    0x000005fc   0x00000008   Code   RO         3272    .text               c_w.l(libspace.o)
    0x00000604   0x0000004a   Code   RO         3275    .text               c_w.l(sys_stackheap_outer.o)
    0x0000064e   0x0000000c   Code   RO         3277    .text               c_w.l(exit.o)
    0x0000065a   0x00000002   PAD
    0x0000065c   0x0000000c   Code   RO         3348    .text               c_w.l(sys_exit.o)
    0x00000668   0x00000002   Code   RO         3369    .text               c_w.l(use_no_semi.o)
    0x0000066a   0x00000000   Code   RO         3371    .text               c_w.l(indicate_semi.o)
    0x0000066a   0x0000000a   Code   RO         2278    i.$Sub$$main        components.o
    0x00000674   0x00000018   Code   RO         1105    i.DMA0_DriverIRQHandler  isr.o
    0x0000068c   0x00000038   Code   RO         1106    i.FLEXCOMM0_DriverIRQHandler  isr.o
    0x000006c4   0x00000040   Code   RO         1107    i.FLEXCOMM5_DriverIRQHandler  isr.o
    0x00000704   0x0000001c   Code   RO         1108    i.GINT0_DriverIRQHandler  isr.o
    0x00000720   0x00000064   Code   RO         1109    i.MRT0_DriverIRQHandler  isr.o
    0x00000784   0x00000008   Code   RO         1110    i.PIN_INT7_DriverIRQHandler  isr.o
    0x0000078c   0x00000014   Code   RO         1111    i.RIT_DriverIRQHandler  isr.o
    0x000007a0   0x00000010   Code   RO         3096    i.SysTick_Handler   board.o
    0x000007b0   0x00000124   Code   RO           12    i.SystemCoreClockUpdate  system_lpc54606.o
    0x000008d4   0x00000030   Code   RO           13    i.SystemInit        system_lpc54606.o
    0x00000904   0x00000030   Code   RO         3097    i._SysTick_Config   board.o
    0x00000934   0x0000004c   Code   RO         2554    i.__rt_ffs          kservice.o
    0x00000980   0x00000028   Code   RO         2806    i._scheduler_get_highest_priority_thread  scheduler.o
    0x000009a8   0x00000034   Code   RO         2885    i._thread_exit      thread.o
    0x000009dc   0x00000080   Code   RO         2886    i._thread_init      thread.o
    0x00000a5c   0x0000002c   Code   RO         2887    i._thread_timeout   thread.o
    0x00000a88   0x00000042   Code   RO         2996    i._timer_init       timer.o
    0x00000aca   0x0000001c   Code   RO         2998    i._timer_remove     timer.o
    0x00000ae6   0x00000002   PAD
    0x00000ae8   0x00000064   Code   RO         1770    i.dma_reload        seekfree_mt9v032.o
    0x00000b4c   0x0000001a   Code   RO           14    i.findPllMMult      system_lpc54606.o
    0x00000b66   0x00000020   Code   RO           15    i.findPllPostDiv    system_lpc54606.o
    0x00000b86   0x00000020   Code   RO           16    i.findPllPreDiv     system_lpc54606.o
    0x00000ba6   0x00000002   PAD
    0x00000ba8   0x00000040   Code   RO           17    i.getWdtOscFreq     system_lpc54606.o
    0x00000be8   0x000000c8   Code   RO          416    i.gpio_init         lpc546xx_gpio.o
    0x00000cb0   0x00000030   Code   RO          418    i.gpio_set          lpc546xx_gpio.o
    0x00000ce0   0x00000008   Code   RO         2359    i.idle_thread_entry  idle.o
    0x00000ce8   0x0000002c   Code   RO          514    i.iocon_init        lpc546xx_iocon.o
    0x00000d14   0x00000020   Code   RO         1216    i.led0_thread_entry  main.o
    0x00000d34   0x00000024   Code   RO         1217    i.led1_thread_entry  main.o
    0x00000d58   0x00000098   Code   RO         1218    i.main              main.o
    0x00000df0   0x0000000e   Code   RO         2279    i.main_thread_entry  components.o
    0x00000dfe   0x00000002   PAD
    0x00000e00   0x00000050   Code   RO         1773    i.mt9v032_cof_uart_interrupt  seekfree_mt9v032.o
    0x00000e50   0x00000064   Code   RO         1774    i.mt9v032_dma       seekfree_mt9v032.o
    0x00000eb4   0x00000058   Code   RO         1775    i.mt9v032_vsync     seekfree_mt9v032.o
    0x00000f0c   0x0000005a   Code   RO           18    i.pllDecodeM        system_lpc54606.o
    0x00000f66   0x0000005c   Code   RO           19    i.pllDecodeN        system_lpc54606.o
    0x00000fc2   0x0000004e   Code   RO           20    i.pllDecodeP        system_lpc54606.o
    0x00001010   0x00000194   Code   RO         2556    i.print_number      kservice.o
    0x000011a4   0x00000040   Code   RO         2280    i.rt_application_init  components.o
    0x000011e4   0x0000001c   Code   RO         2281    i.rt_components_board_init  components.o
    0x00001200   0x0000001c   Code   RO         2282    i.rt_components_init  components.o
    0x0000121c   0x00000030   Code   RO         2360    i.rt_defunct_execute  idle.o
    0x0000124c   0x00000020   Code   RO         2808    i.rt_enter_critical  scheduler.o
    0x0000126c   0x00000044   Code   RO         2809    i.rt_exit_critical  scheduler.o
    0x000012b0   0x00000024   Code   RO         3098    i.rt_hw_board_init  board.o
    0x000012d4   0x00000002   Code   RO         2558    i.rt_hw_console_output  kservice.o
    0x000012d6   0x00000002   PAD
    0x000012d8   0x00000224   Code   RO         2201    i.rt_hw_hard_fault_exception  cpuport.o
    0x000014fc   0x00000050   Code   RO         2202    i.rt_hw_stack_init  cpuport.o
    0x0000154c   0x00000020   Code   RO         2527    i.rt_interrupt_enter  irq.o
    0x0000156c   0x00000020   Code   RO         2529    i.rt_interrupt_leave  irq.o
    0x0000158c   0x00000034   Code   RO         2560    i.rt_kprintf        kservice.o
    0x000015c0   0x00000006   Code   RO         2999    i.rt_list_init      timer.o
    0x000015c6   0x0000000e   Code   RO         3000    i.rt_list_insert_after  timer.o
    0x000015d4   0x00000010   Code   RO         3001    i.rt_list_isempty   timer.o
    0x000015e4   0x00000012   Code   RO         2888    i.rt_list_remove    thread.o
    0x000015f6   0x00000012   Code   RO         3002    i.rt_list_remove    timer.o
    0x00001608   0x0000005a   Code   RO         2565    i.rt_memset         kservice.o
    0x00001662   0x0000002c   Code   RO         2750    i.rt_object_detach  object.o
    0x0000168e   0x00000002   PAD
    0x00001690   0x00000028   Code   RO         2752    i.rt_object_get_information  object.o
    0x000016b8   0x00000060   Code   RO         2756    i.rt_object_init    object.o
    0x00001718   0x00000012   Code   RO         2757    i.rt_object_is_systemobject  object.o
    0x0000172a   0x00000002   PAD
    0x0000172c   0x0000011c   Code   RO         2810    i.rt_schedule       scheduler.o
    0x00001848   0x0000009c   Code   RO         2811    i.rt_schedule_insert_thread  scheduler.o
    0x000018e4   0x00000054   Code   RO         2812    i.rt_schedule_remove_thread  scheduler.o
    0x00001938   0x000000c4   Code   RO         2567    i.rt_show_version   kservice.o
    0x000019fc   0x00000022   Code   RO         2569    i.rt_sprintf        kservice.o
    0x00001a1e   0x00000034   Code   RO         2576    i.rt_strncpy        kservice.o
    0x00001a52   0x00000002   PAD
    0x00001a54   0x00000034   Code   RO         2813    i.rt_system_scheduler_init  scheduler.o
    0x00001a88   0x00000028   Code   RO         2814    i.rt_system_scheduler_start  scheduler.o
    0x00001ab0   0x0000001c   Code   RO         3003    i.rt_system_timer_init  timer.o
    0x00001acc   0x00000002   Code   RO         3004    i.rt_system_timer_thread_init  timer.o
    0x00001ace   0x00000002   PAD
    0x00001ad0   0x0000003c   Code   RO         2361    i.rt_thread_defunct_dequeue  idle.o
    0x00001b0c   0x0000001c   Code   RO         2362    i.rt_thread_defunct_enqueue  idle.o
    0x00001b28   0x00000068   Code   RO         2364    i.rt_thread_idle_init  idle.o
    0x00001b90   0x00000034   Code   RO         2894    i.rt_thread_init    thread.o
    0x00001bc4   0x00000014   Code   RO         2895    i.rt_thread_mdelay  thread.o
    0x00001bd8   0x0000003c   Code   RO         2896    i.rt_thread_resume  thread.o
    0x00001c14   0x0000000c   Code   RO         2897    i.rt_thread_self    thread.o
    0x00001c20   0x0000004e   Code   RO         2898    i.rt_thread_sleep   thread.o
    0x00001c6e   0x00000028   Code   RO         2899    i.rt_thread_startup  thread.o
    0x00001c96   0x00000048   Code   RO         2900    i.rt_thread_suspend  thread.o
    0x00001cde   0x00000038   Code   RO         2237    i.rt_tick_from_millisecond  clock.o
    0x00001d16   0x00000002   PAD
    0x00001d18   0x0000000c   Code   RO         2238    i.rt_tick_get       clock.o
    0x00001d24   0x00000050   Code   RO         2240    i.rt_tick_increase  clock.o
    0x00001d74   0x000000a4   Code   RO         3005    i.rt_timer_check    timer.o
    0x00001e18   0x00000068   Code   RO         3006    i.rt_timer_control  timer.o
    0x00001e80   0x00000028   Code   RO         3007    i.rt_timer_detach   timer.o
    0x00001ea8   0x0000002e   Code   RO         3008    i.rt_timer_init     timer.o
    0x00001ed6   0x00000002   PAD
    0x00001ed8   0x000000f8   Code   RO         3010    i.rt_timer_start    timer.o
    0x00001fd0   0x00000030   Code   RO         3011    i.rt_timer_stop     timer.o
    0x00002000   0x00000358   Code   RO         2579    i.rt_vsnprintf      kservice.o
    0x00002358   0x00000016   Code   RO         2580    i.rt_vsprintf       kservice.o
    0x0000236e   0x00000004   Code   RO         2283    i.rti_board_end     components.o
    0x00002372   0x00000004   Code   RO         2284    i.rti_board_start   components.o
    0x00002376   0x00000004   Code   RO         2285    i.rti_end           components.o
    0x0000237a   0x00000004   Code   RO         2286    i.rti_start         components.o
    0x0000237e   0x0000002a   Code   RO         2287    i.rtthread_startup  components.o
    0x000023a8   0x00000028   Code   RO          740    i.sct_restart       lpc546xx_sct.o
    0x000023d0   0x0000002a   Code   RO         2581    i.skip_atoi         kservice.o
    0x000023fa   0x00000002   PAD
    0x000023fc   0x0000002c   Code   RO          888    i.uart_query        lpc546xx_uart.o
    0x00002428   0x0000000a   Code   RO         3346    x$fpl$fpinit        fz_wm.l(fpinit.o)
    0x00002432   0x00000020   Data   RO           21    .constdata          system_lpc54606.o
    0x00002452   0x00000122   Data   RO         2583    .constdata          kservice.o
    0x00002574   0x00000004   Data   RO         2289    .rti_fn.0           components.o
    0x00002578   0x00000004   Data   RO         2290    .rti_fn.0.end       components.o
    0x0000257c   0x00000004   Data   RO         2291    .rti_fn.1.end       components.o
    0x00002580   0x00000004   Data   RO         2292    .rti_fn.6.end       components.o
    0x00002584   0x00000020   Data   RO         3414    Region$$Table       anon$$obj.o


    Execution Region RW_IRAM1 (Base: 0x20000000, Size: 0x00009880, Max: 0x00028000, ABSOLUTE)

    Base Addr    Size         Type   Attr      Idx    E Section Name        Object

    0x20000000   0x00000004   Data   RW           22    .data               system_lpc54606.o
    0x20000004   0x00000028   Data   RW          891    .data               lpc546xx_uart.o
    0x2000002c   0x0000004d   Data   RW         1780    .data               seekfree_mt9v032.o
    0x20000079   0x00000003   PAD
    0x2000007c   0x00000010   Data   RW         2203    .data               cpuport.o
    0x2000008c   0x00000004   Data   RW         2242    .data               clock.o
    0x20000090   0x00000008   Data   RW         2366    .data               idle.o
    0x20000098   0x00000001   Data   RW         2530    .data               irq.o
    0x20000099   0x00000003   PAD
    0x2000009c   0x00000040   Data   RW         2758    .data               object.o
    0x200000dc   0x0000000d   Data   RW         2816    .data               scheduler.o
    0x200000e9   0x00000003   PAD
    0x200000ec   0x0000000c   Data   RW         3012    .data               timer.o
    0x200000f8   0x00000108   PAD
    0x20000200   0x000001e0   Zero   RW          248    .bss                lpc546xx_dma.o
    0x200003e0   0x000008f0   Zero   RW         1219    .bss                main.o
    0x20000cd0   0x00005820   Zero   RW         1779    .bss                seekfree_mt9v032.o
    0x200064f0   0x00000178   Zero   RW         2288    .bss                components.o
    0x20006668   0x000000f8   Zero   RW         2365    .bss                idle.o
    0x20006760   0x00000080   Zero   RW         2582    .bss                kservice.o
    0x200067e0   0x00000040   Zero   RW         2815    .bss                scheduler.o
    0x20006820   0x00000060   Zero   RW         3273    .bss                c_w.l(libspace.o)
    0x20006880   0x00001000   Zero   RW            2    HEAP                startup_lpc54606.o
    0x20007880   0x00002000   Zero   RW            1    STACK               startup_lpc54606.o


==============================================================================

Image component sizes


      Code (inc. data)   RO Data    RW Data    ZI Data      Debug   Object Name

       100         10          0          0          0       1549   board.o
       148         12          0          4          0       2180   clock.o
       202         38         16          0        376       6076   components.o
       316         28          0          0          0        836   context_rvds.o
       628        342          0         16          0       4094   cpuport.o
       248         30          0          8        248       6330   idle.o
        64         12          0          1          0       1722   irq.o
       300         32          0          0          0       3582   isr.o
      1826        184        290          0        128      10314   kservice.o
         0          0          0          0          0       2060   lpc546xx_adc.o
         0          0          0          0        480       2133   lpc546xx_dma.o
       248         24          0          0          0       1443   lpc546xx_gpio.o
        44         10          0          0          0        637   lpc546xx_iocon.o
         0          0          0          0          0       1320   lpc546xx_pll.o
        40          6          0          0          0        510   lpc546xx_sct.o
        44          6          0         40          0       1385   lpc546xx_uart.o
       220         40          0          0       2288       7891   main.o
       198          4          0         64          0       4028   object.o
       756         84          0         13         64       9124   scheduler.o
         0          0          0          0          0       1397   seekfree_7725.o
       368         72          0         77      22560       3565   seekfree_mt9v032.o
         0          0          0          0          0        564   seekfree_printf.o
       520        254        292          0      12288       3716   startup_lpc54606.o
       754         52         32          4          0     534747   system_lpc54606.o
       576         14          0          0          0       9662   thread.o
       828         22          0         12          0      11936   timer.o

    ----------------------------------------------------------------------
      8450       1276        662        248      38696     632801   Object Totals
         0          0         32          0          0          0   (incl. Generated)
        22          0          0          9        264          0   (incl. Padding)

    ----------------------------------------------------------------------

      Code (inc. data)   RO Data    RW Data    ZI Data      Debug   Library Member Name

         8          0          0          0          0         68   __main.o
         0          0          0          0          0          0   __rtentry.o
        12          0          0          0          0          0   __rtentry2.o
         6          0          0          0          0          0   __rtentry4.o
        52          8          0          0          0          0   __scatter.o
        26          0          0          0          0          0   __scatter_copy.o
        28          0          0          0          0          0   __scatter_zi.o
        12          0          0          0          0         72   exit.o
         6          0          0          0          0        152   heapauxi.o
         0          0          0          0          0          0   indicate_semi.o
         2          0          0          0          0          0   libinit.o
         6          0          0          0          0          0   libinit2.o
         2          0          0          0          0          0   libshutdown.o
         2          0          0          0          0          0   libshutdown2.o
         8          4          0          0         96         68   libspace.o
       238          0          0          0          0        100   lludivv7m.o
         2          0          0          0          0          0   rtexit.o
        10          0          0          0          0          0   rtexit2.o
        12          4          0          0          0         68   sys_exit.o
        74          0          0          0          0         80   sys_stackheap_outer.o
         2          0          0          0          0         68   use_no_semi.o
        10          0          0          0          0        116   fpinit.o

    ----------------------------------------------------------------------
       524         16          0          0         96        792   Library Totals
         6          0          0          0          0          0   (incl. Padding)

    ----------------------------------------------------------------------

      Code (inc. data)   RO Data    RW Data    ZI Data      Debug   Library Name

       508         16          0          0         96        676   c_w.l
        10          0          0          0          0        116   fz_wm.l

    ----------------------------------------------------------------------
       524         16          0          0         96        792   Library Totals

    ----------------------------------------------------------------------

==============================================================================


      Code (inc. data)   RO Data    RW Data    ZI Data      Debug   

      8974       1292        662        248      38792     623885   Grand Totals
      8974       1292        662        248      38792     623885   ELF Image Totals
      8974       1292        662        248          0          0   ROM Totals

==============================================================================

    Total RO  Size (Code + RO Data)                 9636 (   9.41kB)
    Total RW  Size (RW Data + ZI Data)             39040 (  38.13kB)
    Total ROM Size (Code + RO Data + RW Data)       9884 (   9.65kB)

==============================================================================

